<html>
<body>
<pre>
<h1>礦ision Build Log</h1>
<h2>Tool Versions:</h2>
IDE-Version: μVision V5.14.0.0
Copyright (C) 2015 ARM Ltd and ARM Germany GmbH. All rights reserved.
License Information: Linus Liao, Flight, LIC=X1E4T-R10SC-D3TM3-AA07Q-PM13F-CP9I4
 
Tool Versions:
Toolchain:       MDK-ARM Professional  Version: 5.14.0.0
Toolchain Path:  C:\Keil_v5\ARM\ARMCC\Bin
C Compiler:      Armcc.exe V5.05 update 1 (build 106)
Assembler:       Armasm.exe V5.05 update 1 (build 106)
Linker/Locator:  ArmLink.exe V5.05 update 1 (build 106)
Library Manager: ArmAr.exe V5.05 update 1 (build 106)
Hex Converter:   FromElf.exe V5.05 update 1 (build 106)
CPU DLL:         SARMCM3.DLL V5.14.0.0
Dialog DLL:      DCM.DLL V1.13.1.0
Target DLL:      CMSIS_AGDI.dll V1.21.0.0
Dialog DLL:      TCM.DLL V1.14.4.0
 
<h2>Project:</h2>
F:\TUYAIOT\V3_All_Finish - 副本\Project.uvprojx
Project File Date:  02/22/2021

<h2>Output:</h2>
Build target 'Target 1'
compiling main.c...
linking...
Program Size: Code=18754 RO-data=2922 RW-data=460 ZI-data=1748  
".\Objects\Project.axf" - 0 Error(s), 0 Warning(s).

<h2>Collection of Component include folders:</h2>
  F:\TUYAIOT\V3_All_Finish - 副本\RTE
  C:\Keil_v5\ARM\PACK\Geehy\APM32F1xx_DFP\1.0.5

<h2>Collection of Component Files used:</h2>
</pre>
</body>
</html>
