Component: ARM Compiler 5.05 update 1 (build 106) Tool: armlink [4d0efa]

==============================================================================

Section Cross References

    stm32f10x_adc.o(i.ADC_DeInit) refers to stm32f10x_rcc.o(i.RCC_APB2PeriphResetCmd) for RCC_APB2PeriphResetCmd
    stm32f10x_bkp.o(i.BKP_DeInit) refers to stm32f10x_rcc.o(i.RCC_BackupResetCmd) for RCC_BackupResetCmd
    stm32f10x_can.o(i.CAN_DeInit) refers to stm32f10x_rcc.o(i.RCC_APB1PeriphResetCmd) for RCC_APB1PeriphResetCmd
    stm32f10x_can.o(i.CAN_GetITStatus) refers to stm32f10x_can.o(i.CheckITStatus) for CheckITStatus
    stm32f10x_cec.o(i.CEC_DeInit) refers to stm32f10x_rcc.o(i.RCC_APB1PeriphResetCmd) for RCC_APB1PeriphResetCmd
    stm32f10x_dac.o(i.DAC_DeInit) refers to stm32f10x_rcc.o(i.RCC_APB1PeriphResetCmd) for RCC_APB1PeriphResetCmd
    stm32f10x_flash.o(i.FLASH_EnableWriteProtection) refers to stm32f10x_flash.o(i.FLASH_WaitForLastOperation) for FLASH_WaitForLastOperation
    stm32f10x_flash.o(i.FLASH_EraseAllBank1Pages) refers to stm32f10x_flash.o(i.FLASH_WaitForLastBank1Operation) for FLASH_WaitForLastBank1Operation
    stm32f10x_flash.o(i.FLASH_EraseAllPages) refers to stm32f10x_flash.o(i.FLASH_WaitForLastOperation) for FLASH_WaitForLastOperation
    stm32f10x_flash.o(i.FLASH_EraseOptionBytes) refers to stm32f10x_flash.o(i.FLASH_GetReadOutProtectionStatus) for FLASH_GetReadOutProtectionStatus
    stm32f10x_flash.o(i.FLASH_EraseOptionBytes) refers to stm32f10x_flash.o(i.FLASH_WaitForLastOperation) for FLASH_WaitForLastOperation
    stm32f10x_flash.o(i.FLASH_ErasePage) refers to stm32f10x_flash.o(i.FLASH_WaitForLastOperation) for FLASH_WaitForLastOperation
    stm32f10x_flash.o(i.FLASH_ProgramHalfWord) refers to stm32f10x_flash.o(i.FLASH_WaitForLastOperation) for FLASH_WaitForLastOperation
    stm32f10x_flash.o(i.FLASH_ProgramOptionByteData) refers to stm32f10x_flash.o(i.FLASH_WaitForLastOperation) for FLASH_WaitForLastOperation
    stm32f10x_flash.o(i.FLASH_ProgramWord) refers to stm32f10x_flash.o(i.FLASH_WaitForLastOperation) for FLASH_WaitForLastOperation
    stm32f10x_flash.o(i.FLASH_ReadOutProtection) refers to stm32f10x_flash.o(i.FLASH_WaitForLastOperation) for FLASH_WaitForLastOperation
    stm32f10x_flash.o(i.FLASH_UserOptionByteConfig) refers to stm32f10x_flash.o(i.FLASH_WaitForLastOperation) for FLASH_WaitForLastOperation
    stm32f10x_flash.o(i.FLASH_WaitForLastBank1Operation) refers to stm32f10x_flash.o(i.FLASH_GetBank1Status) for FLASH_GetBank1Status
    stm32f10x_flash.o(i.FLASH_WaitForLastOperation) refers to stm32f10x_flash.o(i.FLASH_GetBank1Status) for FLASH_GetBank1Status
    stm32f10x_gpio.o(i.GPIO_AFIODeInit) refers to stm32f10x_rcc.o(i.RCC_APB2PeriphResetCmd) for RCC_APB2PeriphResetCmd
    stm32f10x_gpio.o(i.GPIO_DeInit) refers to stm32f10x_rcc.o(i.RCC_APB2PeriphResetCmd) for RCC_APB2PeriphResetCmd
    stm32f10x_i2c.o(i.I2C_DeInit) refers to stm32f10x_rcc.o(i.RCC_APB1PeriphResetCmd) for RCC_APB1PeriphResetCmd
    stm32f10x_i2c.o(i.I2C_Init) refers to stm32f10x_rcc.o(i.RCC_GetClocksFreq) for RCC_GetClocksFreq
    stm32f10x_pwr.o(i.PWR_DeInit) refers to stm32f10x_rcc.o(i.RCC_APB1PeriphResetCmd) for RCC_APB1PeriphResetCmd
    stm32f10x_rcc.o(i.RCC_GetClocksFreq) refers to stm32f10x_rcc.o(.data) for APBAHBPrescTable
    stm32f10x_rcc.o(i.RCC_WaitForHSEStartUp) refers to stm32f10x_rcc.o(i.RCC_GetFlagStatus) for RCC_GetFlagStatus
    stm32f10x_rtc.o(i.RTC_SetAlarm) refers to stm32f10x_rtc.o(i.RTC_EnterConfigMode) for RTC_EnterConfigMode
    stm32f10x_rtc.o(i.RTC_SetAlarm) refers to stm32f10x_rtc.o(i.RTC_ExitConfigMode) for RTC_ExitConfigMode
    stm32f10x_rtc.o(i.RTC_SetCounter) refers to stm32f10x_rtc.o(i.RTC_EnterConfigMode) for RTC_EnterConfigMode
    stm32f10x_rtc.o(i.RTC_SetCounter) refers to stm32f10x_rtc.o(i.RTC_ExitConfigMode) for RTC_ExitConfigMode
    stm32f10x_rtc.o(i.RTC_SetPrescaler) refers to stm32f10x_rtc.o(i.RTC_EnterConfigMode) for RTC_EnterConfigMode
    stm32f10x_rtc.o(i.RTC_SetPrescaler) refers to stm32f10x_rtc.o(i.RTC_ExitConfigMode) for RTC_ExitConfigMode
    stm32f10x_spi.o(i.I2S_Init) refers to stm32f10x_rcc.o(i.RCC_GetClocksFreq) for RCC_GetClocksFreq
    stm32f10x_spi.o(i.SPI_I2S_DeInit) refers to stm32f10x_rcc.o(i.RCC_APB2PeriphResetCmd) for RCC_APB2PeriphResetCmd
    stm32f10x_spi.o(i.SPI_I2S_DeInit) refers to stm32f10x_rcc.o(i.RCC_APB1PeriphResetCmd) for RCC_APB1PeriphResetCmd
    stm32f10x_tim.o(i.TIM_DeInit) refers to stm32f10x_rcc.o(i.RCC_APB2PeriphResetCmd) for RCC_APB2PeriphResetCmd
    stm32f10x_tim.o(i.TIM_DeInit) refers to stm32f10x_rcc.o(i.RCC_APB1PeriphResetCmd) for RCC_APB1PeriphResetCmd
    stm32f10x_tim.o(i.TIM_ETRClockMode1Config) refers to stm32f10x_tim.o(i.TIM_ETRConfig) for TIM_ETRConfig
    stm32f10x_tim.o(i.TIM_ETRClockMode2Config) refers to stm32f10x_tim.o(i.TIM_ETRConfig) for TIM_ETRConfig
    stm32f10x_tim.o(i.TIM_ICInit) refers to stm32f10x_tim.o(i.TI1_Config) for TI1_Config
[...]
    ../clib/microlib/stdio/semi.s            0x00000000   Number         0  semi.o ABSOLUTE
    ../clib/microlib/stdio/streams.c         0x00000000   Number         0  stdout.o ABSOLUTE
    ../clib/microlib/string/memcpy.c         0x00000000   Number         0  memcpya.o ABSOLUTE
    ../clib/microlib/string/memcpy.c         0x00000000   Number         0  memcpyb.o ABSOLUTE
    ../clib/microlib/string/memset.c         0x00000000   Number         0  memseta.o ABSOLUTE
    ../clib/microlib/string/strchr.c         0x00000000   Number         0  strchr.o ABSOLUTE
    ../clib/microlib/string/strcpy.c         0x00000000   Number         0  strcpy.o ABSOLUTE
    ../clib/microlib/string/strlen.c         0x00000000   Number         0  strlen.o ABSOLUTE
    ../clib/microlib/string/strncmp.c        0x00000000   Number         0  strncmp.o ABSOLUTE
    ../clib/microlib/stubs.s                 0x00000000   Number         0  iusesemip.o ABSOLUTE
    ../clib/microlib/stubs.s                 0x00000000   Number         0  iusefp.o ABSOLUTE
    ../fplib/microlib/d2f.c                  0x00000000   Number         0  d2f.o ABSOLUTE
    ../fplib/microlib/f2d.c                  0x00000000   Number         0  f2d.o ABSOLUTE
    ../fplib/microlib/fpadd.c                0x00000000   Number         0  dadd.o ABSOLUTE
    ../fplib/microlib/fpadd.c                0x00000000   Number         0  fadd.o ABSOLUTE
    ../fplib/microlib/fpdiv.c                0x00000000   Number         0  ddiv.o ABSOLUTE
    ../fplib/microlib/fpepilogue.c           0x00000000   Number         0  fepilogue.o ABSOLUTE
    ../fplib/microlib/fpepilogue.c           0x00000000   Number         0  depilogue.o ABSOLUTE
    ../fplib/microlib/fpfix.c                0x00000000   Number         0  dfixul.o ABSOLUTE
    ../fplib/microlib/fpfix.c                0x00000000   Number         0  ffixui.o ABSOLUTE
    ../fplib/microlib/fpfix.c                0x00000000   Number         0  dfixi.o ABSOLUTE
    ../fplib/microlib/fpflt.c                0x00000000   Number         0  ffltui.o ABSOLUTE
    ../fplib/microlib/fpflt.c                0x00000000   Number         0  dflti.o ABSOLUTE
    ../fplib/microlib/fpmul.c                0x00000000   Number         0  dmul.o ABSOLUTE
    ../fplib/microlib/fpmul.c                0x00000000   Number         0  fmul.o ABSOLUTE
    ../fplib/microlib/fpscalb.c              0x00000000   Number         0  dscalb.o ABSOLUTE
    ../fplib/microlib/fpsqrt.c               0x00000000   Number         0  dsqrt.o ABSOLUTE
    ../mathlib/dunder.c                      0x00000000   Number         0  dunder.o ABSOLUTE
    ../mathlib/floor.c                       0x00000000   Number         0  floor.o ABSOLUTE
    ../mathlib/fpclassify.c                  0x00000000   Number         0  fpclassify.o ABSOLUTE
    ../mathlib/poly.c                        0x00000000   Number         0  poly.o ABSOLUTE
    ../mathlib/pow.c                         0x00000000   Number         0  pow.o ABSOLUTE
    ../mathlib/pow.c                         0x00000000   Number         0  pow_x.o ABSOLUTE
    ../mathlib/qnan.c                        0x00000000   Number         0  qnan.o ABSOLUTE
    ../mathlib/sqrt.c                        0x00000000   Number         0  sqrt_x.o ABSOLUTE
    ../mathlib/sqrt.c                        0x00000000   Number         0  sqrt.o ABSOLUTE
    .\LIB\STARTUP\startup_stm32f10x_md.s     0x00000000   Number         0  startup_stm32f10x_md.o ABSOLUTE
    .\LIB\core_cm3.c                         0x00000000   Number         0  core_cm3.o ABSOLUTE
    .\LIB\src\misc.c                         0x00000000   Number         0  misc.o ABSOLUTE
    .\LIB\src\stm32f10x_adc.c                0x00000000   Number         0  stm32f10x_adc.o ABSOLUTE
    .\LIB\src\stm32f10x_bkp.c                0x00000000   Number         0  stm32f10x_bkp.o ABSOLUTE
    .\LIB\src\stm32f10x_can.c                0x00000000   Number         0  stm32f10x_can.o ABSOLUTE
    .\LIB\src\stm32f10x_cec.c                0x00000000   Number         0  stm32f10x_cec.o ABSOLUTE
    .\LIB\src\stm32f10x_crc.c                0x00000000   Number         0  stm32f10x_crc.o ABSOLUTE
    .\LIB\src\stm32f10x_dac.c                0x00000000   Number         0  stm32f10x_dac.o ABSOLUTE
    .\LIB\src\stm32f10x_dbgmcu.c             0x00000000   Number         0  stm32f10x_dbgmcu.o ABSOLUTE
    .\LIB\src\stm32f10x_dma.c                0x00000000   Number         0  stm32f10x_dma.o ABSOLUTE
    .\LIB\src\stm32f10x_exti.c               0x00000000   Number         0  stm32f10x_exti.o ABSOLUTE
    .\LIB\src\stm32f10x_flash.c              0x00000000   Number         0  stm32f10x_flash.o ABSOLUTE
    .\LIB\src\stm32f10x_fsmc.c               0x00000000   Number         0  stm32f10x_fsmc.o ABSOLUTE
    .\LIB\src\stm32f10x_gpio.c               0x00000000   Number         0  stm32f10x_gpio.o ABSOLUTE
    .\LIB\src\stm32f10x_i2c.c                0x00000000   Number         0  stm32f10x_i2c.o ABSOLUTE
    .\LIB\src\stm32f10x_iwdg.c               0x00000000   Number         0  stm32f10x_iwdg.o ABSOLUTE
    .\LIB\src\stm32f10x_pwr.c                0x00000000   Number         0  stm32f10x_pwr.o ABSOLUTE
    .\LIB\src\stm32f10x_rcc.c                0x00000000   Number         0  stm32f10x_rcc.o ABSOLUTE
    .\LIB\src\stm32f10x_rtc.c                0x00000000   Number         0  stm32f10x_rtc.o ABSOLUTE
    .\LIB\src\stm32f10x_sdio.c               0x00000000   Number         0  stm32f10x_sdio.o ABSOLUTE
    .\LIB\src\stm32f10x_spi.c                0x00000000   Number         0  stm32f10x_spi.o ABSOLUTE
    .\LIB\src\stm32f10x_tim.c                0x00000000   Number         0  stm32f10x_tim.o ABSOLUTE
    .\LIB\src\stm32f10x_usart.c              0x00000000   Number         0  stm32f10x_usart.o ABSOLUTE
    .\LIB\src\stm32f10x_wwdg.c               0x00000000   Number         0  stm32f10x_wwdg.o ABSOLUTE
    .\LIB\stm32f10x_it.c                     0x00000000   Number         0  stm32f10x_it.o ABSOLUTE
    .\LIB\system_stm32f10x.c                 0x00000000   Number         0  system_stm32f10x.o ABSOLUTE
    .\NET\cJSON\cJSON.c                      0x00000000   Number         0  cJSON.o ABSOLUTE
    .\USER\DRIVE\OLED\OLED.c                 0x00000000   Number         0  OLED.o ABSOLUTE
    .\USER\DRIVE\OLED\oled_gui.c             0x00000000   Number         0  oled_gui.o ABSOLUTE
    .\USER\DRIVE\SHT30\SHT30.c               0x00000000   Number         0  SHT30.o ABSOLUTE
    .\USER\DRIVE\TIM_ISR\TIM_ISR.c           0x00000000   Number         0  TIM_ISR.o ABSOLUTE
    .\USER\HARDWARE\GPIO\GPIO.c              0x00000000   Number         0  GPIO.o ABSOLUTE
    .\USER\HARDWARE\RTC\rtc.c                0x00000000   Number         0  rtc.o ABSOLUTE
    .\USER\HARDWARE\TIM\TIM.c                0x00000000   Number         0  TIM.o ABSOLUTE
    .\USER\HARDWARE\USART\UART.c             0x00000000   Number         0  UART.o ABSOLUTE
    .\USER\TY_SDK\mcu_api.c                  0x00000000   Number         0  mcu_api.o ABSOLUTE
    .\USER\TY_SDK\protocol.c                 0x00000000   Number         0  protocol.o ABSOLUTE
    .\USER\TY_SDK\system.c                   0x00000000   Number         0  system.o ABSOLUTE
    .\USER\delay.c                           0x00000000   Number         0  delay.o ABSOLUTE
    .\USER\main.c                            0x00000000   Number         0  main.o ABSOLUTE
    .\USER\sys\sys.c                         0x00000000   Number         0  sys.o ABSOLUTE
    .\\LIB\\core_cm3.c                       0x00000000   Number         0  core_cm3.o ABSOLUTE
    cdcmple.s                                0x00000000   Number         0  cdcmple.o ABSOLUTE
    cdrcmple.s                               0x00000000   Number         0  cdrcmple.o ABSOLUTE
    cfcmple.s                                0x00000000   Number         0  cfcmple.o ABSOLUTE
    cfrcmple.s                               0x00000000   Number         0  cfrcmple.o ABSOLUTE
    dc.s                                     0x00000000   Number         0  dc.o ABSOLUTE
    handlers.s                               0x00000000   Number         0  handlers.o ABSOLUTE
    init.s                                   0x00000000   Number         0  init.o ABSOLUTE
    RESET                                    0x08000000   Section      236  startup_stm32f10x_md.o(RESET)
    .ARM.Collect$$$$00000000                 0x080000ec   Section        0  entry.o(.ARM.Collect$$$$00000000)
    .ARM.Collect$$$$00000001                 0x080000ec   Section        4  entry2.o(.ARM.Collect$$$$00000001)
    .ARM.Collect$$$$00000004                 0x080000f0   Section        4  entry5.o(.ARM.Collect$$$$00000004)
    .ARM.Collect$$$$00000008                 0x080000f4   Section        0  entry7b.o(.ARM.Collect$$$$00000008)
    .ARM.Collect$$$$0000000A                 0x080000f4   Section        0  entry8b.o(.ARM.Collect$$$$0000000A)
    .ARM.Collect$$$$0000000B                 0x080000f4   Section        8  entry9a.o(.ARM.Collect$$$$0000000B)
    .ARM.Collect$$$$0000000D                 0x080000fc   Section        0  entry10a.o(.ARM.Collect$$$$0000000D)
    .ARM.Collect$$$$0000000F                 0x080000fc   Section        0  entry11a.o(.ARM.Collect$$$$0000000F)
    .ARM.Collect$$$$00002712                 0x080000fc   Section        4  entry2.o(.ARM.Collect$$$$00002712)
    __lit__00000000                          0x080000fc   Data           4  entry2.o(.ARM.Collect$$$$00002712)
    .text                                    0x08000100   Section       36  startup_stm32f10x_md.o(.text)
    .text                                    0x08000124   Section        0  fadd.o(.text)
    .text                                    0x080001d4   Section        0  fmul.o(.text)
    .text                                    0x08000238   Section        0  dadd.o(.text)
    .text                                    0x08000386   Section        0  dmul.o(.text)
    .text                                    0x0800046a   Section        0  ddiv.o(.text)
    .text                                    0x08000548   Section        0  ffltui.o(.text)
    .text                                    0x08000552   Section        0  ffixui.o(.text)
    .text                                    0x0800057a   Section        0  f2d.o(.text)
    .text                                    0x080005a0   Section       48  cdrcmple.o(.text)
    .text                                    0x080005d0   Section        0  d2f.o(.text)
    .text                                    0x08000608   Section       20  cfcmple.o(.text)
    .text                                    0x0800061c   Section       20  cfrcmple.o(.text)
    .text                                    0x08000630   Section        0  uidiv.o(.text)
    .text                                    0x0800065c   Section        0  uldiv.o(.text)
    .text                                    0x080006be   Section        0  llshl.o(.text)
    .text                                    0x080006dc   Section        0  llushr.o(.text)
    .text                                    0x080006fc   Section        0  llsshr.o(.text)
    .text                                    0x08000720   Section        0  iusefp.o(.text)
    .text                                    0x08000720   Section        0  fepilogue.o(.text)
    .text                                    0x0800078e   Section        0  depilogue.o(.text)
    .text                                    0x08000848   Section        0  dfixul.o(.text)
    .text                                    0x08000878   Section       36  init.o(.text)
    .text                                    0x0800089c   Section        0  __dczerorl2.o(.text)
    i.All_Functin                            0x080008f4   Section        0  oled_gui.o(i.All_Functin)
    All_Functin                              0x080008f5   Thumb Code   212  oled_gui.o(i.All_Functin)
    i.BKP_DeInit                             0x08000a28   Section        0  stm32f10x_bkp.o(i.BKP_DeInit)
    i.BKP_ReadBackupRegister                 0x08000a38   Section        0  stm32f10x_bkp.o(i.BKP_ReadBackupRegister)
    i.BKP_WriteBackupRegister                0x08000a54   Section        0  stm32f10x_bkp.o(i.BKP_WriteBackupRegister)
    i.BusFault_Handler                       0x08000a70   Section        0  stm32f10x_it.o(i.BusFault_Handler)
    i.DebugMon_Handler                       0x08000a74   Section        0  stm32f10x_it.o(i.DebugMon_Handler)
    i.EXTI4_IRQHandler                       0x08000a78   Section        0  main.o(i.EXTI4_IRQHandler)
    i.EXTI9_5_IRQHandler                     0x08000aec   Section        0  main.o(i.EXTI9_5_IRQHandler)
    i.EXTIX_Init                             0x08000b54   Section        0  GPIO.o(i.EXTIX_Init)
    i.EXTI_ClearITPendingBit                 0x08000be8   Section        0  stm32f10x_exti.o(i.EXTI_ClearITPendingBit)
    i.EXTI_Init                              0x08000bf4   Section        0  stm32f10x_exti.o(i.EXTI_Init)
    i.GPIO_EXTILineConfig                    0x08000c88   Section        0  stm32f10x_gpio.o(i.GPIO_EXTILineConfig)
    i.GPIO_Init                              0x08000cc8   Section        0  stm32f10x_gpio.o(i.GPIO_Init)
    i.GPIO_PinRemapConfig                    0x08000de0   Section        0  stm32f10x_gpio.o(i.GPIO_PinRemapConfig)
    i.GPIO_ReadInputDataBit                  0x08000e70   Section        0  stm32f10x_gpio.o(i.GPIO_ReadInputDataBit)
    i.GPIO_ReadOutputDataBit                 0x08000e82   Section        0  stm32f10x_gpio.o(i.GPIO_ReadOutputDataBit)
    i.GPIO_ResetBits                         0x08000e94   Section        0  stm32f10x_gpio.o(i.GPIO_ResetBits)
    i.GPIO_SetBits                           0x08000e98   Section        0  stm32f10x_gpio.o(i.GPIO_SetBits)
    i.GuiSwitch                              0x08000e9c   Section        0  oled_gui.o(i.GuiSwitch)
    GuiSwitch                                0x08000e9d   Thumb Code    48  oled_gui.o(i.GuiSwitch)
    i.HardFault_Handler                      0x08000ed4   Section        0  stm32f10x_it.o(i.HardFault_Handler)
    i.IIC_Ack                                0x08000ed8   Section        0  SHT30.o(i.IIC_Ack)
    i.IIC_NAck                               0x08000f10   Section        0  SHT30.o(i.IIC_NAck)
    i.IIC_Read_Byte                          0x08000f48   Section        0  SHT30.o(i.IIC_Read_Byte)
    i.IIC_Send_Byte                          0x08000fa0   Section        0  SHT30.o(i.IIC_Send_Byte)
    i.IIC_Start                              0x08000ff0   Section        0  OLED.o(i.IIC_Start)
    i.IIC_Stop                               0x08001018   Section        0  OLED.o(i.IIC_Stop)
    i.IIC_Wait_Ack                           0x08001038   Section        0  OLED.o(i.IIC_Wait_Ack)
    i.Is_Leap_Year                           0x08001050   Section        0  rtc.o(i.Is_Leap_Year)
    i.KEY_GPIO_INIT                          0x0800108c   Section        0  GPIO.o(i.KEY_GPIO_INIT)
    i.LED_GPIO_INIT                          0x080010c8   Section        0  GPIO.o(i.LED_GPIO_INIT)
    i.MemManage_Handler                      0x080010f4   Section        0  stm32f10x_it.o(i.MemManage_Handler)
    i.NMI_Handler                            0x080010f8   Section        0  stm32f10x_it.o(i.NMI_Handler)
    i.NVIC_Init                              0x080010fc   Section        0  misc.o(i.NVIC_Init)
    i.NVIC_PriorityGroupConfig               0x0800116c   Section        0  misc.o(i.NVIC_PriorityGroupConfig)
    i.OLED_Clear                             0x08001180   Section        0  OLED.o(i.OLED_Clear)
    i.OLED_GPIO_INIT                         0x080011c0   Section        0  GPIO.o(i.OLED_GPIO_INIT)
    i.OLED_Init                              0x080011f0   Section        0  OLED.o(i.OLED_Init)
    i.OLED_Set_Pos                           0x080012d8   Section        0  OLED.o(i.OLED_Set_Pos)
    i.OLED_ShowCHinese                       0x08001300   Section        0  OLED.o(i.OLED_ShowCHinese)
    i.OLED_ShowChar                          0x08001368   Section        0  OLED.o(i.OLED_ShowChar)
    i.OLED_ShowNum                           0x080014a8   Section        0  OLED.o(i.OLED_ShowNum)
    i.OLED_ShowNumber0                       0x08001530   Section        0  OLED.o(i.OLED_ShowNumber0)
    i.OLED_ShowString                        0x080015b8   Section        0  OLED.o(i.OLED_ShowString)
    i.OLED_WR_Byte                           0x080015f2   Section        0  OLED.o(i.OLED_WR_Byte)
    i.OledGui_Temp_Hum                       0x0800160c   Section        0  oled_gui.o(i.OledGui_Temp_Hum)
    i.OledGui_Time                           0x08001810   Section        0  oled_gui.o(i.OledGui_Time)
    i.OledGui_Weather                        0x08001990   Section        0  oled_gui.o(i.OledGui_Weather)
    i.PWR_BackupAccessCmd                    0x080019f4   Section        0  stm32f10x_pwr.o(i.PWR_BackupAccessCmd)
    i.PendSV_Handler                         0x08001a00   Section        0  stm32f10x_it.o(i.PendSV_Handler)
    i.RCC_APB1PeriphClockCmd                 0x08001a04   Section        0  stm32f10x_rcc.o(i.RCC_APB1PeriphClockCmd)
    i.RCC_APB2PeriphClockCmd                 0x08001a24   Section        0  stm32f10x_rcc.o(i.RCC_APB2PeriphClockCmd)
    i.RCC_BackupResetCmd                     0x08001a44   Section        0  stm32f10x_rcc.o(i.RCC_BackupResetCmd)
    i.RCC_GetClocksFreq                      0x08001a50   Section        0  stm32f10x_rcc.o(i.RCC_GetClocksFreq)
    i.RCC_GetFlagStatus                      0x08001b24   Section        0  stm32f10x_rcc.o(i.RCC_GetFlagStatus)
    i.RCC_LSEConfig                          0x08001b60   Section        0  stm32f10x_rcc.o(i.RCC_LSEConfig)
    i.RCC_LSICmd                             0x08001b94   Section        0  stm32f10x_rcc.o(i.RCC_LSICmd)
    i.RCC_RTCCLKCmd                          0x08001ba0   Section        0  stm32f10x_rcc.o(i.RCC_RTCCLKCmd)
    i.RCC_RTCCLKConfig                       0x08001bac   Section        0  stm32f10x_rcc.o(i.RCC_RTCCLKConfig)
    i.RTC_ClearITPendingBit                  0x08001bbc   Section        0  stm32f10x_rtc.o(i.RTC_ClearITPendingBit)
    i.RTC_EnterConfigMode                    0x08001bcc   Section        0  stm32f10x_rtc.o(i.RTC_EnterConfigMode)
    i.RTC_ExitConfigMode                     0x08001be0   Section        0  stm32f10x_rtc.o(i.RTC_ExitConfigMode)
    i.RTC_Get                                0x08001bf4   Section        0  rtc.o(i.RTC_Get)
    i.RTC_GetCounter                         0x08001cf4   Section        0  stm32f10x_rtc.o(i.RTC_GetCounter)
    i.RTC_GetITStatus                        0x08001d08   Section        0  stm32f10x_rtc.o(i.RTC_GetITStatus)
    i.RTC_Get_Week                           0x08001d2c   Section        0  rtc.o(i.RTC_Get_Week)
    i.RTC_IRQHandler                         0x08001da4   Section        0  rtc.o(i.RTC_IRQHandler)
    i.RTC_ITConfig                           0x08001e20   Section        0  stm32f10x_rtc.o(i.RTC_ITConfig)
    i.RTC_Init                               0x08001e40   Section        0  rtc.o(i.RTC_Init)
    i.RTC_NVIC_Config                        0x08001f3c   Section        0  rtc.o(i.RTC_NVIC_Config)
    RTC_NVIC_Config                          0x08001f3d   Thumb Code    32  rtc.o(i.RTC_NVIC_Config)
    i.RTC_Set                                0x08001f5c   Section        0  rtc.o(i.RTC_Set)
    i.RTC_SetCounter                         0x08002024   Section        0  stm32f10x_rtc.o(i.RTC_SetCounter)
    i.RTC_SetPrescaler                       0x08002040   Section        0  stm32f10x_rtc.o(i.RTC_SetPrescaler)
    i.RTC_WaitForLastTask                    0x08002060   Section        0  stm32f10x_rtc.o(i.RTC_WaitForLastTask)
    i.RTC_WaitForSynchro                     0x08002074   Section        0  stm32f10x_rtc.o(i.RTC_WaitForSynchro)
    i.SDA_IN                                 0x08002098   Section        0  SHT30.o(i.SDA_IN)
    i.SDA_OUT                                0x080020bc   Section        0  SHT30.o(i.SDA_OUT)
    i.SHT30_GPIO_INIT                        0x080020e0   Section        0  GPIO.o(i.SHT30_GPIO_INIT)
    i.SHT_IIC_Start                          0x08002110   Section        0  SHT30.o(i.SHT_IIC_Start)
    i.SHT_IIC_Stop                           0x08002148   Section        0  SHT30.o(i.SHT_IIC_Stop)
    i.SHT_IIC_Wait_Ack                       0x0800217c   Section        0  SHT30.o(i.SHT_IIC_Wait_Ack)
    i.SHT_Init                               0x080021c8   Section        0  SHT30.o(i.SHT_Init)
    i.SVC_Handler                            0x08002204   Section        0  stm32f10x_it.o(i.SVC_Handler)
    i.SetSysClock                            0x08002206   Section        0  system_stm32f10x.o(i.SetSysClock)
    SetSysClock                              0x08002207   Thumb Code     8  system_stm32f10x.o(i.SetSysClock)
    i.SetSysClockTo72                        0x08002210   Section        0  system_stm32f10x.o(i.SetSysClockTo72)
    SetSysClockTo72                          0x08002211   Thumb Code   214  system_stm32f10x.o(i.SetSysClockTo72)
    i.StartUp                                0x080022f0   Section        0  oled_gui.o(i.StartUp)
    i.SysTick_Handler                        0x08002360   Section        0  stm32f10x_it.o(i.SysTick_Handler)
    i.SystemInit                             0x08002364   Section        0  system_stm32f10x.o(i.SystemInit)
    i.TIM3_IRQHandler                        0x080023c4   Section        0  TIM_ISR.o(i.TIM3_IRQHandler)
    i.TIM_ClearITPendingBit                  0x08002410   Section        0  stm32f10x_tim.o(i.TIM_ClearITPendingBit)
    i.TIM_GetITStatus                        0x08002416   Section        0  stm32f10x_tim.o(i.TIM_GetITStatus)
    i.USART1_IRQHandler                      0x08002438   Section        0  main.o(i.USART1_IRQHandler)
    i.USART2_IRQHandler                      0x08002494   Section        0  main.o(i.USART2_IRQHandler)
    i.USART2_SendByte                        0x080024b8   Section        0  UART.o(i.USART2_SendByte)
    i.USART_ClearFlag                        0x080024d4   Section        0  stm32f10x_usart.o(i.USART_ClearFlag)
    i.USART_Cmd                              0x080024e6   Section        0  stm32f10x_usart.o(i.USART_Cmd)
    i.USART_GetFlagStatus                    0x080024fe   Section        0  stm32f10x_usart.o(i.USART_GetFlagStatus)
    i.USART_GetITStatus                      0x08002518   Section        0  stm32f10x_usart.o(i.USART_GetITStatus)
    i.USART_ITConfig                         0x0800256c   Section        0  stm32f10x_usart.o(i.USART_ITConfig)
    i.USART_Init                             0x080025b8   Section        0  stm32f10x_usart.o(i.USART_Init)
    i.USART_ReceiveData                      0x08002690   Section        0  stm32f10x_usart.o(i.USART_ReceiveData)
    i.USART_SendData                         0x0800269a   Section        0  stm32f10x_usart.o(i.USART_SendData)
    i.UsageFault_Handler                     0x080026a2   Section        0  stm32f10x_it.o(i.UsageFault_Handler)
    i.Usart1_Init                            0x080026a8   Section        0  UART.o(i.Usart1_Init)
    i.Usart2_Init                            0x08002758   Section        0  UART.o(i.Usart2_Init)
    i.UsartPrintf                            0x08002804   Section        0  UART.o(i.UsartPrintf)
    i.WiFi_work_state_show                   0x0800284c   Section        0  oled_gui.o(i.WiFi_work_state_show)
    i.Write_IIC_Byte                         0x08002a10   Section        0  OLED.o(i.Write_IIC_Byte)
    i.Write_IIC_Command                      0x08002a64   Section        0  OLED.o(i.Write_IIC_Command)
    i.Write_IIC_Data                         0x08002a90   Section        0  OLED.o(i.Write_IIC_Data)
    i.__0vsnprintf                           0x08002abc   Section        0  printfa.o(i.__0vsnprintf)
    i.__scatterload_copy                     0x08002ae0   Section       14  handlers.o(i.__scatterload_copy)
    i.__scatterload_null                     0x08002aee   Section        2  handlers.o(i.__scatterload_null)
    i.__scatterload_zeroinit                 0x08002af0   Section       14  handlers.o(i.__scatterload_zeroinit)
    i._fp_digits                             0x08002b00   Section        0  printfa.o(i._fp_digits)
    _fp_digits                               0x08002b01   Thumb Code   334  printfa.o(i._fp_digits)
    i._printf_core                           0x08002c64   Section        0  printfa.o(i._printf_core)
    _printf_core                             0x08002c65   Thumb Code  1744  printfa.o(i._printf_core)
    i._printf_post_padding                   0x08003340   Section        0  printfa.o(i._printf_post_padding)
    _printf_post_padding                     0x08003341   Thumb Code    36  printfa.o(i._printf_post_padding)
    i._printf_pre_padding                    0x08003364   Section        0  printfa.o(i._printf_pre_padding)
    _printf_pre_padding                      0x08003365   Thumb Code    46  printfa.o(i._printf_pre_padding)
    i._snputc                                0x08003392   Section        0  printfa.o(i._snputc)
    _snputc                                  0x08003393   Thumb Code    22  printfa.o(i._snputc)
    i.all_data_update                        0x080033a8   Section        0  protocol.o(i.all_data_update)
    i.byte_to_int                            0x08003416   Section        0  mcu_api.o(i.byte_to_int)
    i.data_handle                            0x08003430   Section        0  system.o(i.data_handle)
    i.data_point_handle                      0x08003538   Section        0  system.o(i.data_point_handle)
    data_point_handle                        0x08003539   Thumb Code    70  system.o(i.data_point_handle)
    i.delay_ms                               0x08003584   Section        0  delay.o(i.delay_ms)
    i.delay_us                               0x080035bc   Section        0  delay.o(i.delay_us)
    i.dp_download_handle                     0x080035f2   Section        0  protocol.o(i.dp_download_handle)
    i.dp_download_hum_periodic_report_handle 0x0800368c   Section        0  protocol.o(i.dp_download_hum_periodic_report_handle)
    dp_download_hum_periodic_report_handle   0x0800368d   Thumb Code    40  protocol.o(i.dp_download_hum_periodic_report_handle)
    i.dp_download_maxhum_set_handle          0x080036b4   Section        0  protocol.o(i.dp_download_maxhum_set_handle)
    dp_download_maxhum_set_handle            0x080036b5   Thumb Code    40  protocol.o(i.dp_download_maxhum_set_handle)
    i.dp_download_maxtemp_set_handle         0x080036dc   Section        0  protocol.o(i.dp_download_maxtemp_set_handle)
    dp_download_maxtemp_set_handle           0x080036dd   Thumb Code    40  protocol.o(i.dp_download_maxtemp_set_handle)
    i.dp_download_minihum_set_handle         0x08003704   Section        0  protocol.o(i.dp_download_minihum_set_handle)
    dp_download_minihum_set_handle           0x08003705   Thumb Code    40  protocol.o(i.dp_download_minihum_set_handle)
    i.dp_download_minitemp_set_handle        0x0800372c   Section        0  protocol.o(i.dp_download_minitemp_set_handle)
    dp_download_minitemp_set_handle          0x0800372d   Thumb Code    40  protocol.o(i.dp_download_minitemp_set_handle)
    i.dp_download_switch_handle              0x08003754   Section        0  protocol.o(i.dp_download_switch_handle)
    dp_download_switch_handle                0x08003755   Thumb Code    64  protocol.o(i.dp_download_switch_handle)
    i.dp_download_temp_periodic_report_handle 0x08003798   Section        0  protocol.o(i.dp_download_temp_periodic_report_handle)
    dp_download_temp_periodic_report_handle  0x08003799   Thumb Code    40  protocol.o(i.dp_download_temp_periodic_report_handle)
    i.dp_download_temp_set_handle            0x080037c0   Section        0  protocol.o(i.dp_download_temp_set_handle)
    dp_download_temp_set_handle              0x080037c1   Thumb Code    40  protocol.o(i.dp_download_temp_set_handle)
    i.dp_download_temp_unit_convert_handle   0x080037e8   Section        0  protocol.o(i.dp_download_temp_unit_convert_handle)
    dp_download_temp_unit_convert_handle     0x080037e9   Thumb Code    56  protocol.o(i.dp_download_temp_unit_convert_handle)
    i.get_check_sum                          0x08003820   Section        0  system.o(i.get_check_sum)
    i.get_dowmload_dpid_index                0x0800383c   Section        0  system.o(i.get_dowmload_dpid_index)
    get_dowmload_dpid_index                  0x0800383d   Thumb Code    40  system.o(i.get_dowmload_dpid_index)
    i.get_download_cmd_total                 0x08003868   Section        0  protocol.o(i.get_download_cmd_total)
    i.get_mcu_wifi_mode                      0x0800386c   Section        0  system.o(i.get_mcu_wifi_mode)
    get_mcu_wifi_mode                        0x0800386d   Thumb Code    16  system.o(i.get_mcu_wifi_mode)
    i.heat_beat_check                        0x0800387c   Section        0  system.o(i.heat_beat_check)
    heat_beat_check                          0x0800387d   Thumb Code    50  system.o(i.heat_beat_check)
    i.main                                   0x080038b4   Section        0  main.o(i.main)
    i.mcu_dp_bool_update                     0x080039a4   Section        0  mcu_api.o(i.mcu_dp_bool_update)
    i.mcu_dp_enum_update                     0x08003a08   Section        0  mcu_api.o(i.mcu_dp_enum_update)
    i.mcu_dp_value_update                    0x08003a60   Section        0  mcu_api.o(i.mcu_dp_value_update)
    i.mcu_get_dp_download_bool               0x08003ad8   Section        0  mcu_api.o(i.mcu_get_dp_download_bool)
    i.mcu_get_dp_download_enum               0x08003ade   Section        0  mcu_api.o(i.mcu_get_dp_download_enum)
    i.mcu_get_dp_download_value              0x08003ae4   Section        0  mcu_api.o(i.mcu_get_dp_download_value)
    i.mcu_get_system_time                    0x08003af2   Section        0  mcu_api.o(i.mcu_get_system_time)
    i.mcu_get_wifi_work_state                0x08003b00   Section        0  mcu_api.o(i.mcu_get_wifi_work_state)
    i.mcu_set_wifi_mode                      0x08003b0c   Section        0  mcu_api.o(i.mcu_set_wifi_mode)
    i.mcu_write_rtctime                      0x08003b34   Section        0  protocol.o(i.mcu_write_rtctime)
    i.my_memcpy                              0x08003ba8   Section        0  mcu_api.o(i.my_memcpy)
    i.my_strlen                              0x08003bec   Section        0  mcu_api.o(i.my_strlen)
    i.oled_pow                               0x08003c08   Section        0  OLED.o(i.oled_pow)
    i.product_info_update                    0x08003c20   Section        0  system.o(i.product_info_update)
    product_info_update                      0x08003c21   Thumb Code   164  system.o(i.product_info_update)
    i.set_wifi_uart_buffer                   0x08003d00   Section        0  system.o(i.set_wifi_uart_buffer)
    i.set_wifi_uart_byte                     0x08003d28   Section        0  system.o(i.set_wifi_uart_byte)
    i.sht30_read_temp_humi                   0x08003d38   Section        0  SHT30.o(i.sht30_read_temp_humi)
    i.take_byte_rxbuff                       0x08003e8c   Section        0  system.o(i.take_byte_rxbuff)
    i.uart_receive_input                     0x08003ec8   Section        0  mcu_api.o(i.uart_receive_input)
    i.uart_transmit_output                   0x08003f20   Section        0  protocol.o(i.uart_transmit_output)
    i.wifi_protocol_init                     0x08003f2c   Section        0  mcu_api.o(i.wifi_protocol_init)
    i.wifi_test_result                       0x08003f58   Section        0  protocol.o(i.wifi_test_result)
    i.wifi_uart_service                      0x08003fd0   Section        0  mcu_api.o(i.wifi_uart_service)
    i.wifi_uart_write_data                   0x080040c8   Section        0  system.o(i.wifi_uart_write_data)
    wifi_uart_write_data                     0x080040c9   Thumb Code    36  system.o(i.wifi_uart_write_data)
    i.wifi_uart_write_frame                  0x080040ec   Section        0  system.o(i.wifi_uart_write_frame)
    i.with_data_rxbuff                       0x08004134   Section        0  system.o(i.with_data_rxbuff)
    .constdata                               0x08004150   Section     5492  OLED.o(.constdata)
    .constdata                               0x080056c4   Section       24  rtc.o(.constdata)
    .constdata                               0x080056dc   Section       26  protocol.o(.constdata)
    .data                                    0x20000000   Section       20  stm32f10x_rcc.o(.data)
    APBAHBPrescTable                         0x20000000   Data          16  stm32f10x_rcc.o(.data)
    ADCPrescTable                            0x20000010   Data           4  stm32f10x_rcc.o(.data)
    .data                                    0x20000014   Section     1472  OLED.o(.data)
    .data                                    0x200005d4   Section     5191  oled_gui.o(.data)
    t                                        0x20001a18   Data           2  oled_gui.o(.data)
    min                                      0x20001a1a   Data           1  oled_gui.o(.data)
    .data                                    0x20001a1c   Section        4  TIM_ISR.o(.data)
    .data                                    0x20001a20   Section        7  GPIO.o(.data)
    key_up                                   0x20001a26   Data           1  GPIO.o(.data)
    .data                                    0x20001a28   Section        2  rtc.o(.data)
    daycnt                                   0x20001a28   Data           2  rtc.o(.data)
    .data                                    0x20001a2a   Section        2  mcu_api.o(.data)
    rx_in                                    0x20001a2a   Data           2  mcu_api.o(.data)
    .data                                    0x20001a2c   Section       13  system.o(.data)
    mcu_reset_state                          0x20001a38   Data           1  system.o(.data)
    .data                                    0x20001a39   Section        2  main.o(.data)
    .bss                                     0x20001a3c   Section       10  rtc.o(.bss)
    .bss                                     0x20001a46   Section      325  system.o(.bss)
    STACK                                    0x20001b90   Section     1024  startup_stm32f10x_md.o(STACK)

    Global Symbols

    Symbol Name                              Value     Ov Type        Size  Object(Section)

    BuildAttributes$$THM_ISAv4$P$D$K$B$S$PE$A:L22UL41UL21$X:L11$S22US41US21$IEEE1$IW$USESV6$~STKCKD$USESV7$~SHL$OTIME$ROPI$IEEEX$EBA8$MICROLIB$REQ8$PRES8$EABIv2 0x00000000   Number         0  anon$$obj.o ABSOLUTE
    __ARM_use_no_argv                        0x00000000   Number         0  main.o ABSOLUTE
    _printf_a                                0x00000000   Number         0  stubs.o ABSOLUTE
    _printf_c                                0x00000000   Number         0  stubs.o ABSOLUTE
    _printf_charcount                        0x00000000   Number         0  stubs.o ABSOLUTE
    _printf_d                                0x00000000   Number         0  stubs.o ABSOLUTE
    _printf_e                                0x00000000   Number         0  stubs.o ABSOLUTE
    _printf_f                                0x00000000   Number         0  stubs.o ABSOLUTE
    _printf_flags                            0x00000000   Number         0  stubs.o ABSOLUTE
    _printf_fp_dec                           0x00000000   Number         0  stubs.o ABSOLUTE
    _printf_fp_hex                           0x00000000   Number         0  stubs.o ABSOLUTE
    _printf_g                                0x00000000   Number         0  stubs.o ABSOLUTE
    _printf_i                                0x00000000   Number         0  stubs.o ABSOLUTE
    _printf_int_dec                          0x00000000   Number         0  stubs.o ABSOLUTE
    _printf_l                                0x00000000   Number         0  stubs.o ABSOLUTE
    _printf_lc                               0x00000000   Number         0  stubs.o ABSOLUTE
    _printf_ll                               0x00000000   Number         0  stubs.o ABSOLUTE
    _printf_lld                              0x00000000   Number         0  stubs.o ABSOLUTE
    _printf_lli                              0x00000000   Number         0  stubs.o ABSOLUTE
    _printf_llo                              0x00000000   Number         0  stubs.o ABSOLUTE
    _printf_llu                              0x00000000   Number         0  stubs.o ABSOLUTE
    _printf_llx                              0x00000000   Number         0  stubs.o ABSOLUTE
    _printf_longlong_dec                     0x00000000   Number         0  stubs.o ABSOLUTE
    _printf_longlong_hex                     0x00000000   Number         0  stubs.o ABSOLUTE
    _printf_longlong_oct                     0x00000000   Number         0  stubs.o ABSOLUTE
    _printf_ls                               0x00000000   Number         0  stubs.o ABSOLUTE
    _printf_mbtowc                           0x00000000   Number         0  stubs.o ABSOLUTE
    _printf_n                                0x00000000   Number         0  stubs.o ABSOLUTE
    _printf_o                                0x00000000   Number         0  stubs.o ABSOLUTE
    _printf_p                                0x00000000   Number         0  stubs.o ABSOLUTE
    _printf_percent                          0x00000000   Number         0  stubs.o ABSOLUTE
    _printf_pre_padding                      0x00000000   Number         0  stubs.o ABSOLUTE
    _printf_return_value                     0x00000000   Number         0  stubs.o ABSOLUTE
    _printf_s                                0x00000000   Number         0  stubs.o ABSOLUTE
    _printf_sizespec                         0x00000000   Number         0  stubs.o ABSOLUTE
    _printf_str                              0x00000000   Number         0  stubs.o ABSOLUTE
    _printf_truncate_signed                  0x00000000   Number         0  stubs.o ABSOLUTE
    _printf_truncate_unsigned                0x00000000   Number         0  stubs.o ABSOLUTE
    _printf_u                                0x00000000   Number         0  stubs.o ABSOLUTE
    _printf_wc                               0x00000000   Number         0  stubs.o ABSOLUTE
    _printf_wctomb                           0x00000000   Number         0  stubs.o ABSOLUTE
    _printf_widthprec                        0x00000000   Number         0  stubs.o ABSOLUTE
    _printf_x                                0x00000000   Number         0  stubs.o ABSOLUTE
    __cpp_initialize__aeabi_                  - Undefined Weak Reference
    __cxa_finalize                            - Undefined Weak Reference
    _clock_init                               - Undefined Weak Reference
    _microlib_exit                            - Undefined Weak Reference
    __Vectors_Size                           0x000000ec   Number         0  startup_stm32f10x_md.o ABSOLUTE
    __Vectors                                0x08000000   Data           4  startup_stm32f10x_md.o(RESET)
    __Vectors_End                            0x080000ec   Data           0  startup_stm32f10x_md.o(RESET)
    __main                                   0x080000ed   Thumb Code     0  entry.o(.ARM.Collect$$$$00000000)
    _main_stk                                0x080000ed   Thumb Code     0  entry2.o(.ARM.Collect$$$$00000001)
    _main_scatterload                        0x080000f1   Thumb Code     0  entry5.o(.ARM.Collect$$$$00000004)
    __main_after_scatterload                 0x080000f5   Thumb Code     0  entry5.o(.ARM.Collect$$$$00000004)
    _main_clock                              0x080000f5   Thumb Code     0  entry7b.o(.ARM.Collect$$$$00000008)
    _main_cpp_init                           0x080000f5   Thumb Code     0  entry8b.o(.ARM.Collect$$$$0000000A)
    _main_init                               0x080000f5   Thumb Code     0  entry9a.o(.ARM.Collect$$$$0000000B)
    __rt_final_cpp                           0x080000fd   Thumb Code     0  entry10a.o(.ARM.Collect$$$$0000000D)
    __rt_final_exit                          0x080000fd   Thumb Code     0  entry11a.o(.ARM.Collect$$$$0000000F)
    Reset_Handler                            0x08000101   Thumb Code     8  startup_stm32f10x_md.o(.text)
    ADC1_2_IRQHandler                        0x0800011b   Thumb Code     0  startup_stm32f10x_md.o(.text)
    CAN1_RX1_IRQHandler                      0x0800011b   Thumb Code     0  startup_stm32f10x_md.o(.text)
    CAN1_SCE_IRQHandler                      0x0800011b   Thumb Code     0  startup_stm32f10x_md.o(.text)
    DMA1_Channel1_IRQHandler                 0x0800011b   Thumb Code     0  startup_stm32f10x_md.o(.text)
    DMA1_Channel2_IRQHandler                 0x0800011b   Thumb Code     0  startup_stm32f10x_md.o(.text)
    DMA1_Channel3_IRQHandler                 0x0800011b   Thumb Code     0  startup_stm32f10x_md.o(.text)
    DMA1_Channel4_IRQHandler                 0x0800011b   Thumb Code     0  startup_stm32f10x_md.o(.text)
    DMA1_Channel5_IRQHandler                 0x0800011b   Thumb Code     0  startup_stm32f10x_md.o(.text)
    DMA1_Channel6_IRQHandler                 0x0800011b   Thumb Code     0  startup_stm32f10x_md.o(.text)
    DMA1_Channel7_IRQHandler                 0x0800011b   Thumb Code     0  startup_stm32f10x_md.o(.text)
    EXTI0_IRQHandler                         0x0800011b   Thumb Code     0  startup_stm32f10x_md.o(.text)
    EXTI15_10_IRQHandler                     0x0800011b   Thumb Code     0  startup_stm32f10x_md.o(.text)
    EXTI1_IRQHandler                         0x0800011b   Thumb Code     0  startup_stm32f10x_md.o(.text)
    EXTI2_IRQHandler                         0x0800011b   Thumb Code     0  startup_stm32f10x_md.o(.text)
    EXTI3_IRQHandler                         0x0800011b   Thumb Code     0  startup_stm32f10x_md.o(.text)
    FLASH_IRQHandler                         0x0800011b   Thumb Code     0  startup_stm32f10x_md.o(.text)
    I2C1_ER_IRQHandler                       0x0800011b   Thumb Code     0  startup_stm32f10x_md.o(.text)
    I2C1_EV_IRQHandler                       0x0800011b   Thumb Code     0  startup_stm32f10x_md.o(.text)
    I2C2_ER_IRQHandler                       0x0800011b   Thumb Code     0  startup_stm32f10x_md.o(.text)
    I2C2_EV_IRQHandler                       0x0800011b   Thumb Code     0  startup_stm32f10x_md.o(.text)
    PVD_IRQHandler                           0x0800011b   Thumb Code     0  startup_stm32f10x_md.o(.text)
    RCC_IRQHandler                           0x0800011b   Thumb Code     0  startup_stm32f10x_md.o(.text)
    RTCAlarm_IRQHandler                      0x0800011b   Thumb Code     0  startup_stm32f10x_md.o(.text)
    SPI1_IRQHandler                          0x0800011b   Thumb Code     0  startup_stm32f10x_md.o(.text)
    SPI2_IRQHandler                          0x0800011b   Thumb Code     0  startup_stm32f10x_md.o(.text)
    TAMPER_IRQHandler                        0x0800011b   Thumb Code     0  startup_stm32f10x_md.o(.text)
    TIM1_BRK_IRQHandler                      0x0800011b   Thumb Code     0  startup_stm32f10x_md.o(.text)
    TIM1_CC_IRQHandler                       0x0800011b   Thumb Code     0  startup_stm32f10x_md.o(.text)
    TIM1_TRG_COM_IRQHandler                  0x0800011b   Thumb Code     0  startup_stm32f10x_md.o(.text)
    TIM1_UP_IRQHandler                       0x0800011b   Thumb Code     0  startup_stm32f10x_md.o(.text)
    TIM2_IRQHandler                          0x0800011b   Thumb Code     0  startup_stm32f10x_md.o(.text)
    TIM4_IRQHandler                          0x0800011b   Thumb Code     0  startup_stm32f10x_md.o(.text)
    USART3_IRQHandler                        0x0800011b   Thumb Code     0  startup_stm32f10x_md.o(.text)
    USBWakeUp_IRQHandler                     0x0800011b   Thumb Code     0  startup_stm32f10x_md.o(.text)
    USB_HP_CAN1_TX_IRQHandler                0x0800011b   Thumb Code     0  startup_stm32f10x_md.o(.text)
    USB_LP_CAN1_RX0_IRQHandler               0x0800011b   Thumb Code     0  startup_stm32f10x_md.o(.text)
    WWDG_IRQHandler                          0x0800011b   Thumb Code     0  startup_stm32f10x_md.o(.text)
    __aeabi_fadd                             0x08000125   Thumb Code   164  fadd.o(.text)
    __aeabi_fsub                             0x080001c9   Thumb Code     6  fadd.o(.text)
    __aeabi_frsub                            0x080001cf   Thumb Code     6  fadd.o(.text)
    __aeabi_fmul                             0x080001d5   Thumb Code   100  fmul.o(.text)
    __aeabi_dadd                             0x08000239   Thumb Code   322  dadd.o(.text)
    __aeabi_dsub                             0x0800037b   Thumb Code     6  dadd.o(.text)
    __aeabi_drsub                            0x08000381   Thumb Code     6  dadd.o(.text)
    __aeabi_dmul                             0x08000387   Thumb Code   228  dmul.o(.text)
    __aeabi_ddiv                             0x0800046b   Thumb Code   222  ddiv.o(.text)
    __aeabi_ui2f                             0x08000549   Thumb Code    10  ffltui.o(.text)
    __aeabi_f2uiz                            0x08000553   Thumb Code    40  ffixui.o(.text)
    __aeabi_f2d                              0x0800057b   Thumb Code    38  f2d.o(.text)
    __aeabi_cdrcmple                         0x080005a1   Thumb Code    48  cdrcmple.o(.text)
    __aeabi_d2f                              0x080005d1   Thumb Code    56  d2f.o(.text)
    __aeabi_cfcmpeq                          0x08000609   Thumb Code     0  cfcmple.o(.text)
    __aeabi_cfcmple                          0x08000609   Thumb Code    20  cfcmple.o(.text)
    __aeabi_cfrcmple                         0x0800061d   Thumb Code    20  cfrcmple.o(.text)
    __aeabi_uidiv                            0x08000631   Thumb Code     0  uidiv.o(.text)
    __aeabi_uidivmod                         0x08000631   Thumb Code    44  uidiv.o(.text)
    __aeabi_uldivmod                         0x0800065d   Thumb Code    98  uldiv.o(.text)
    __aeabi_llsl                             0x080006bf   Thumb Code    30  llshl.o(.text)
    _ll_shift_l                              0x080006bf   Thumb Code     0  llshl.o(.text)
    __aeabi_llsr                             0x080006dd   Thumb Code    32  llushr.o(.text)
    _ll_ushift_r                             0x080006dd   Thumb Code     0  llushr.o(.text)
    __aeabi_lasr                             0x080006fd   Thumb Code    36  llsshr.o(.text)
    _ll_sshift_r                             0x080006fd   Thumb Code     0  llsshr.o(.text)
    __I$use$fp                               0x08000721   Thumb Code     0  iusefp.o(.text)
    _float_round                             0x08000721   Thumb Code    18  fepilogue.o(.text)
    _float_epilogue                          0x08000733   Thumb Code    92  fepilogue.o(.text)
    _double_round                            0x0800078f   Thumb Code    30  depilogue.o(.text)
    _double_epilogue                         0x080007ad   Thumb Code   156  depilogue.o(.text)
    __aeabi_d2ulz                            0x08000849   Thumb Code    48  dfixul.o(.text)
    __scatterload                            0x08000879   Thumb Code    28  init.o(.text)
    __scatterload_rt2                        0x08000879   Thumb Code     0  init.o(.text)
    __decompress                             0x0800089d   Thumb Code     0  __dczerorl2.o(.text)
    __decompress1                            0x0800089d   Thumb Code    86  __dczerorl2.o(.text)
    BKP_DeInit                               0x08000a29   Thumb Code    16  stm32f10x_bkp.o(i.BKP_DeInit)
    BKP_ReadBackupRegister                   0x08000a39   Thumb Code    24  stm32f10x_bkp.o(i.BKP_ReadBackupRegister)
    BKP_WriteBackupRegister                  0x08000a55   Thumb Code    22  stm32f10x_bkp.o(i.BKP_WriteBackupRegister)
    BusFault_Handler                         0x08000a71   Thumb Code     4  stm32f10x_it.o(i.BusFault_Handler)
    DebugMon_Handler                         0x08000a75   Thumb Code     2  stm32f10x_it.o(i.DebugMon_Handler)
    EXTI4_IRQHandler                         0x08000a79   Thumb Code    74  main.o(i.EXTI4_IRQHandler)
    EXTI9_5_IRQHandler                       0x08000aed   Thumb Code    68  main.o(i.EXTI9_5_IRQHandler)
    EXTIX_Init                               0x08000b55   Thumb Code   146  GPIO.o(i.EXTIX_Init)
    EXTI_ClearITPendingBit                   0x08000be9   Thumb Code     6  stm32f10x_exti.o(i.EXTI_ClearITPendingBit)
    EXTI_Init                                0x08000bf5   Thumb Code   142  stm32f10x_exti.o(i.EXTI_Init)
    GPIO_EXTILineConfig                      0x08000c89   Thumb Code    60  stm32f10x_gpio.o(i.GPIO_EXTILineConfig)
    GPIO_Init                                0x08000cc9   Thumb Code   278  stm32f10x_gpio.o(i.GPIO_Init)
    GPIO_PinRemapConfig                      0x08000de1   Thumb Code   138  stm32f10x_gpio.o(i.GPIO_PinRemapConfig)
    GPIO_ReadInputDataBit                    0x08000e71   Thumb Code    18  stm32f10x_gpio.o(i.GPIO_ReadInputDataBit)
    GPIO_ReadOutputDataBit                   0x08000e83   Thumb Code    18  stm32f10x_gpio.o(i.GPIO_ReadOutputDataBit)
    GPIO_ResetBits                           0x08000e95   Thumb Code     4  stm32f10x_gpio.o(i.GPIO_ResetBits)
    GPIO_SetBits                             0x08000e99   Thumb Code     4  stm32f10x_gpio.o(i.GPIO_SetBits)
    HardFault_Handler                        0x08000ed5   Thumb Code     4  stm32f10x_it.o(i.HardFault_Handler)
    IIC_Ack                                  0x08000ed9   Thumb Code    48  SHT30.o(i.IIC_Ack)
    IIC_NAck                                 0x08000f11   Thumb Code    48  SHT30.o(i.IIC_NAck)
    IIC_Read_Byte                            0x08000f49   Thumb Code    80  SHT30.o(i.IIC_Read_Byte)
    IIC_Send_Byte                            0x08000fa1   Thumb Code    72  SHT30.o(i.IIC_Send_Byte)
    IIC_Start                                0x08000ff1   Thumb Code    36  OLED.o(i.IIC_Start)
    IIC_Stop                                 0x08001019   Thumb Code    28  OLED.o(i.IIC_Stop)
    IIC_Wait_Ack                             0x08001039   Thumb Code    20  OLED.o(i.IIC_Wait_Ack)
    Is_Leap_Year                             0x08001051   Thumb Code    58  rtc.o(i.Is_Leap_Year)
    KEY_GPIO_INIT                            0x0800108d   Thumb Code    48  GPIO.o(i.KEY_GPIO_INIT)
    LED_GPIO_INIT                            0x080010c9   Thumb Code    34  GPIO.o(i.LED_GPIO_INIT)
    MemManage_Handler                        0x080010f5   Thumb Code     4  stm32f10x_it.o(i.MemManage_Handler)
    NMI_Handler                              0x080010f9   Thumb Code     2  stm32f10x_it.o(i.NMI_Handler)
    NVIC_Init                                0x080010fd   Thumb Code   100  misc.o(i.NVIC_Init)
    NVIC_PriorityGroupConfig                 0x0800116d   Thumb Code    10  misc.o(i.NVIC_PriorityGroupConfig)
    OLED_Clear                               0x08001181   Thumb Code    62  OLED.o(i.OLED_Clear)
    OLED_GPIO_INIT                           0x080011c1   Thumb Code    40  GPIO.o(i.OLED_GPIO_INIT)
    OLED_Init                                0x080011f1   Thumb Code   232  OLED.o(i.OLED_Init)
    OLED_Set_Pos                             0x080012d9   Thumb Code    40  OLED.o(i.OLED_Set_Pos)
    OLED_ShowCHinese                         0x08001301   Thumb Code    98  OLED.o(i.OLED_ShowCHinese)
    OLED_ShowChar                            0x08001369   Thumb Code   306  OLED.o(i.OLED_ShowChar)
    OLED_ShowNum                             0x080014a9   Thumb Code   136  OLED.o(i.OLED_ShowNum)
    OLED_ShowNumber0                         0x08001531   Thumb Code   136  OLED.o(i.OLED_ShowNumber0)
    OLED_ShowString                          0x080015b9   Thumb Code    58  OLED.o(i.OLED_ShowString)
    OLED_WR_Byte                             0x080015f3   Thumb Code    24  OLED.o(i.OLED_WR_Byte)
    OledGui_Temp_Hum                         0x0800160d   Thumb Code   476  oled_gui.o(i.OledGui_Temp_Hum)
    OledGui_Time                             0x08001811   Thumb Code   358  oled_gui.o(i.OledGui_Time)
    OledGui_Weather                          0x08001991   Thumb Code    72  oled_gui.o(i.OledGui_Weather)
    PWR_BackupAccessCmd                      0x080019f5   Thumb Code     6  stm32f10x_pwr.o(i.PWR_BackupAccessCmd)
    PendSV_Handler                           0x08001a01   Thumb Code     2  stm32f10x_it.o(i.PendSV_Handler)
    RCC_APB1PeriphClockCmd                   0x08001a05   Thumb Code    26  stm32f10x_rcc.o(i.RCC_APB1PeriphClockCmd)
    RCC_APB2PeriphClockCmd                   0x08001a25   Thumb Code    26  stm32f10x_rcc.o(i.RCC_APB2PeriphClockCmd)
    RCC_BackupResetCmd                       0x08001a45   Thumb Code     6  stm32f10x_rcc.o(i.RCC_BackupResetCmd)
    RCC_GetClocksFreq                        0x08001a51   Thumb Code   192  stm32f10x_rcc.o(i.RCC_GetClocksFreq)
    RCC_GetFlagStatus                        0x08001b25   Thumb Code    56  stm32f10x_rcc.o(i.RCC_GetFlagStatus)
    RCC_LSEConfig                            0x08001b61   Thumb Code    46  stm32f10x_rcc.o(i.RCC_LSEConfig)
    RCC_LSICmd                               0x08001b95   Thumb Code     6  stm32f10x_rcc.o(i.RCC_LSICmd)
    RCC_RTCCLKCmd                            0x08001ba1   Thumb Code     6  stm32f10x_rcc.o(i.RCC_RTCCLKCmd)
    RCC_RTCCLKConfig                         0x08001bad   Thumb Code    12  stm32f10x_rcc.o(i.RCC_RTCCLKConfig)
    RTC_ClearITPendingBit                    0x08001bbd   Thumb Code    12  stm32f10x_rtc.o(i.RTC_ClearITPendingBit)
    RTC_EnterConfigMode                      0x08001bcd   Thumb Code    14  stm32f10x_rtc.o(i.RTC_EnterConfigMode)
    RTC_ExitConfigMode                       0x08001be1   Thumb Code    16  stm32f10x_rtc.o(i.RTC_ExitConfigMode)
    RTC_Get                                  0x08001bf5   Thumb Code   240  rtc.o(i.RTC_Get)
    RTC_GetCounter                           0x08001cf5   Thumb Code    16  stm32f10x_rtc.o(i.RTC_GetCounter)
    RTC_GetITStatus                          0x08001d09   Thumb Code    32  stm32f10x_rtc.o(i.RTC_GetITStatus)
    RTC_Get_Week                             0x08001d2d   Thumb Code   116  rtc.o(i.RTC_Get_Week)
    RTC_IRQHandler                           0x08001da5   Thumb Code    82  rtc.o(i.RTC_IRQHandler)
    RTC_ITConfig                             0x08001e21   Thumb Code    26  stm32f10x_rtc.o(i.RTC_ITConfig)
    RTC_Init                                 0x08001e41   Thumb Code   214  rtc.o(i.RTC_Init)
    RTC_Set                                  0x08001f5d   Thumb Code   184  rtc.o(i.RTC_Set)
    RTC_SetCounter                           0x08002025   Thumb Code    24  stm32f10x_rtc.o(i.RTC_SetCounter)
    RTC_SetPrescaler                         0x08002041   Thumb Code    26  stm32f10x_rtc.o(i.RTC_SetPrescaler)
    RTC_WaitForLastTask                      0x08002061   Thumb Code    16  stm32f10x_rtc.o(i.RTC_WaitForLastTask)
    RTC_WaitForSynchro                       0x08002075   Thumb Code    30  stm32f10x_rtc.o(i.RTC_WaitForSynchro)
    SDA_IN                                   0x08002099   Thumb Code    30  SHT30.o(i.SDA_IN)
    SDA_OUT                                  0x080020bd   Thumb Code    30  SHT30.o(i.SDA_OUT)
    SHT30_GPIO_INIT                          0x080020e1   Thumb Code    40  GPIO.o(i.SHT30_GPIO_INIT)
    SHT_IIC_Start                            0x08002111   Thumb Code    46  SHT30.o(i.SHT_IIC_Start)
    SHT_IIC_Stop                             0x08002149   Thumb Code    44  SHT30.o(i.SHT_IIC_Stop)
    SHT_IIC_Wait_Ack                         0x0800217d   Thumb Code    68  SHT30.o(i.SHT_IIC_Wait_Ack)
    SHT_Init                                 0x080021c9   Thumb Code    60  SHT30.o(i.SHT_Init)
    SVC_Handler                              0x08002205   Thumb Code     2  stm32f10x_it.o(i.SVC_Handler)
    StartUp                                  0x080022f1   Thumb Code   108  oled_gui.o(i.StartUp)
    SysTick_Handler                          0x08002361   Thumb Code     2  stm32f10x_it.o(i.SysTick_Handler)
    SystemInit                               0x08002365   Thumb Code    78  system_stm32f10x.o(i.SystemInit)
    TIM3_IRQHandler                          0x080023c5   Thumb Code    64  TIM_ISR.o(i.TIM3_IRQHandler)
    TIM_ClearITPendingBit                    0x08002411   Thumb Code     6  stm32f10x_tim.o(i.TIM_ClearITPendingBit)
    TIM_GetITStatus                          0x08002417   Thumb Code    34  stm32f10x_tim.o(i.TIM_GetITStatus)
    USART1_IRQHandler                        0x08002439   Thumb Code    84  main.o(i.USART1_IRQHandler)
    USART2_IRQHandler                        0x08002495   Thumb Code    32  main.o(i.USART2_IRQHandler)
    USART2_SendByte                          0x080024b9   Thumb Code    22  UART.o(i.USART2_SendByte)
    USART_ClearFlag                          0x080024d5   Thumb Code    18  stm32f10x_usart.o(i.USART_ClearFlag)
    USART_Cmd                                0x080024e7   Thumb Code    24  stm32f10x_usart.o(i.USART_Cmd)
    USART_GetFlagStatus                      0x080024ff   Thumb Code    26  stm32f10x_usart.o(i.USART_GetFlagStatus)
    USART_GetITStatus                        0x08002519   Thumb Code    84  stm32f10x_usart.o(i.USART_GetITStatus)
    USART_ITConfig                           0x0800256d   Thumb Code    74  stm32f10x_usart.o(i.USART_ITConfig)
    USART_Init                               0x080025b9   Thumb Code   210  stm32f10x_usart.o(i.USART_Init)
    USART_ReceiveData                        0x08002691   Thumb Code    10  stm32f10x_usart.o(i.USART_ReceiveData)
    USART_SendData                           0x0800269b   Thumb Code     8  stm32f10x_usart.o(i.USART_SendData)
    UsageFault_Handler                       0x080026a3   Thumb Code     4  stm32f10x_it.o(i.UsageFault_Handler)
    Usart1_Init                              0x080026a9   Thumb Code   166  UART.o(i.Usart1_Init)
    Usart2_Init                              0x08002759   Thumb Code   162  UART.o(i.Usart2_Init)
    UsartPrintf                              0x08002805   Thumb Code    72  UART.o(i.UsartPrintf)
    WiFi_work_state_show                     0x0800284d   Thumb Code   262  oled_gui.o(i.WiFi_work_state_show)
    Write_IIC_Byte                           0x08002a11   Thumb Code    80  OLED.o(i.Write_IIC_Byte)
    Write_IIC_Command                        0x08002a65   Thumb Code    44  OLED.o(i.Write_IIC_Command)
    Write_IIC_Data                           0x08002a91   Thumb Code    44  OLED.o(i.Write_IIC_Data)
    __0vsnprintf                             0x08002abd   Thumb Code    32  printfa.o(i.__0vsnprintf)
    __1vsnprintf                             0x08002abd   Thumb Code     0  printfa.o(i.__0vsnprintf)
    __2vsnprintf                             0x08002abd   Thumb Code     0  printfa.o(i.__0vsnprintf)
    __c89vsnprintf                           0x08002abd   Thumb Code     0  printfa.o(i.__0vsnprintf)
    vsnprintf                                0x08002abd   Thumb Code     0  printfa.o(i.__0vsnprintf)
    __scatterload_copy                       0x08002ae1   Thumb Code    14  handlers.o(i.__scatterload_copy)
    __scatterload_null                       0x08002aef   Thumb Code     2  handlers.o(i.__scatterload_null)
    __scatterload_zeroinit                   0x08002af1   Thumb Code    14  handlers.o(i.__scatterload_zeroinit)
    all_data_update                          0x080033a9   Thumb Code   110  protocol.o(i.all_data_update)
    byte_to_int                              0x08003417   Thumb Code    26  mcu_api.o(i.byte_to_int)
    data_handle                              0x08003431   Thumb Code   246  system.o(i.data_handle)
    delay_ms                                 0x08003585   Thumb Code    56  delay.o(i.delay_ms)
    delay_us                                 0x080035bd   Thumb Code    54  delay.o(i.delay_us)
    dp_download_handle                       0x080035f3   Thumb Code   154  protocol.o(i.dp_download_handle)
    get_check_sum                            0x08003821   Thumb Code    28  system.o(i.get_check_sum)
    get_download_cmd_total                   0x08003869   Thumb Code     4  protocol.o(i.get_download_cmd_total)
    main                                     0x080038b5   Thumb Code   198  main.o(i.main)
    mcu_dp_bool_update                       0x080039a5   Thumb Code    96  mcu_api.o(i.mcu_dp_bool_update)
    mcu_dp_enum_update                       0x08003a09   Thumb Code    82  mcu_api.o(i.mcu_dp_enum_update)
    mcu_dp_value_update                      0x08003a61   Thumb Code   116  mcu_api.o(i.mcu_dp_value_update)
    mcu_get_dp_download_bool                 0x08003ad9   Thumb Code     6  mcu_api.o(i.mcu_get_dp_download_bool)
    mcu_get_dp_download_enum                 0x08003adf   Thumb Code     6  mcu_api.o(i.mcu_get_dp_download_enum)
    mcu_get_dp_download_value                0x08003ae5   Thumb Code    14  mcu_api.o(i.mcu_get_dp_download_value)
    mcu_get_system_time                      0x08003af3   Thumb Code    14  mcu_api.o(i.mcu_get_system_time)
    mcu_get_wifi_work_state                  0x08003b01   Thumb Code     6  mcu_api.o(i.mcu_get_wifi_work_state)
    mcu_set_wifi_mode                        0x08003b0d   Thumb Code    34  mcu_api.o(i.mcu_set_wifi_mode)
    mcu_write_rtctime                        0x08003b35   Thumb Code    54  protocol.o(i.mcu_write_rtctime)
    my_memcpy                                0x08003ba9   Thumb Code    68  mcu_api.o(i.my_memcpy)
    my_strlen                                0x08003bed   Thumb Code    28  mcu_api.o(i.my_strlen)
    oled_pow                                 0x08003c09   Thumb Code    22  OLED.o(i.oled_pow)
    set_wifi_uart_buffer                     0x08003d01   Thumb Code    34  system.o(i.set_wifi_uart_buffer)
    set_wifi_uart_byte                       0x08003d29   Thumb Code    12  system.o(i.set_wifi_uart_byte)
    sht30_read_temp_humi                     0x08003d39   Thumb Code   312  SHT30.o(i.sht30_read_temp_humi)
    take_byte_rxbuff                         0x08003e8d   Thumb Code    46  system.o(i.take_byte_rxbuff)
    uart_receive_input                       0x08003ec9   Thumb Code    74  mcu_api.o(i.uart_receive_input)
    uart_transmit_output                     0x08003f21   Thumb Code    12  protocol.o(i.uart_transmit_output)
    wifi_protocol_init                       0x08003f2d   Thumb Code    24  mcu_api.o(i.wifi_protocol_init)
    wifi_test_result                         0x08003f59   Thumb Code    44  protocol.o(i.wifi_test_result)
    wifi_uart_service                        0x08003fd1   Thumb Code   238  mcu_api.o(i.wifi_uart_service)
    wifi_uart_write_frame                    0x080040ed   Thumb Code    68  system.o(i.wifi_uart_write_frame)
    with_data_rxbuff                         0x08004135   Thumb Code    20  system.o(i.with_data_rxbuff)
    F6x8                                     0x08004150   Data         552  OLED.o(.constdata)
    F8X16                                    0x08004378   Data        1520  OLED.o(.constdata)
    asc2_2412                                0x08004968   Data        3420  OLED.o(.constdata)
    table_week                               0x080056c4   Data          12  rtc.o(.constdata)
    mon_table                                0x080056d0   Data          12  rtc.o(.constdata)
    download_cmd                             0x080056dc   Data          26  protocol.o(.constdata)
    Region$$Table$$Base                      0x080056f8   Number         0  anon$$obj.o(Region$$Table)
    Region$$Table$$Limit                     0x08005718   Number         0  anon$$obj.o(Region$$Table)
    Hzk                                      0x20000014   Data        1472  OLED.o(.data)
    BMP1                                     0x200005d4   Data        1024  oled_gui.o(.data)
    BiliBili0                                0x200009d4   Data         558  oled_gui.o(.data)
    BiliBili1                                0x20000c02   Data         640  oled_gui.o(.data)
    BiliBili2                                0x20000e82   Data         360  oled_gui.o(.data)
    cloudy                                   0x20000fea   Data         512  oled_gui.o(.data)
    thunder                                  0x200011ea   Data         512  oled_gui.o(.data)
    sunny                                    0x200013ea   Data         512  oled_gui.o(.data)
    snows                                    0x200015ea   Data         512  oled_gui.o(.data)
    rain                                     0x200017ea   Data         512  oled_gui.o(.data)
    temperature                              0x200019ec   Data           4  oled_gui.o(.data)
    humidity                                 0x200019f0   Data           4  oled_gui.o(.data)
    temp                                     0x200019f4   Data           2  oled_gui.o(.data)
    humi                                     0x200019f6   Data           2  oled_gui.o(.data)
    GuiNum                                   0x200019f8   Data           1  oled_gui.o(.data)
    tt                                       0x200019f9   Data           1  oled_gui.o(.data)
    Wea_Temp                                 0x200019fc   Data           4  oled_gui.o(.data)
    Wea_Humidity                             0x20001a00   Data           4  oled_gui.o(.data)
    Wea_WindSpeed                            0x20001a04   Data           8  oled_gui.o(.data)
    Wea_Condition                            0x20001a0c   Data           8  oled_gui.o(.data)
    Wea_bmp                                  0x20001a14   Data           4  oled_gui.o(.data)
    tim                                      0x20001a1c   Data           2  TIM_ISR.o(.data)
    flag                                     0x20001a1e   Data           2  TIM_ISR.o(.data)
    KEY1_st                                  0x20001a20   Data           1  GPIO.o(.data)
    GPIO_InitStructure                       0x20001a22   Data           4  GPIO.o(.data)
    rx_buf_in                                0x20001a2c   Data           4  system.o(.data)
    rx_buf_out                               0x20001a30   Data           4  system.o(.data)
    stop_update_flag                         0x20001a34   Data           1  system.o(.data)
    reset_wifi_flag                          0x20001a35   Data           1  system.o(.data)
    set_wifimode_flag                        0x20001a36   Data           1  system.o(.data)
    wifi_work_state                          0x20001a37   Data           1  system.o(.data)
    t                                        0x20001a39   Data           1  main.o(.data)
    LED_time                                 0x20001a3a   Data           1  main.o(.data)
    calendar                                 0x20001a3c   Data          10  rtc.o(.bss)
    wifi_data_process_buf                    0x20001a46   Data         135  system.o(.bss)
    wifi_uart_rx_buf                         0x20001acd   Data         135  system.o(.bss)
    wifi_uart_tx_buf                         0x20001b54   Data          55  system.o(.bss)
    __initial_sp                             0x20001f90   Data           0  startup_stm32f10x_md.o(STACK)



==============================================================================

Memory Map of the image

  Image Entry point : 0x080000ed

  Load Region LR_IROM1 (Base: 0x08000000, Size: 0x00007154, Max: 0x00010000, ABSOLUTE, COMPRESSED[0x00005f00])

    Execution Region ER_IROM1 (Base: 0x08000000, Size: 0x00005718, Max: 0x00010000, ABSOLUTE)

    Base Addr    Size         Type   Attr      Idx    E Section Name        Object

    0x08000000   0x000000ec   Data   RO         4600    RESET               startup_stm32f10x_md.o
    0x080000ec   0x00000000   Code   RO         4619  * .ARM.Collect$$$$00000000  mc_w.l(entry.o)
    0x080000ec   0x00000004   Code   RO         4984    .ARM.Collect$$$$00000001  mc_w.l(entry2.o)
    0x080000f0   0x00000004   Code   RO         4987    .ARM.Collect$$$$00000004  mc_w.l(entry5.o)
    0x080000f4   0x00000000   Code   RO         4989    .ARM.Collect$$$$00000008  mc_w.l(entry7b.o)
    0x080000f4   0x00000000   Code   RO         4991    .ARM.Collect$$$$0000000A  mc_w.l(entry8b.o)
    0x080000f4   0x00000008   Code   RO         4992    .ARM.Collect$$$$0000000B  mc_w.l(entry9a.o)
    0x080000fc   0x00000000   Code   RO         4994    .ARM.Collect$$$$0000000D  mc_w.l(entry10a.o)
    0x080000fc   0x00000000   Code   RO         4996    .ARM.Collect$$$$0000000F  mc_w.l(entry11a.o)
    0x080000fc   0x00000004   Code   RO         4985    .ARM.Collect$$$$00002712  mc_w.l(entry2.o)
    0x08000100   0x00000024   Code   RO         4601    .text               startup_stm32f10x_md.o
    0x08000124   0x000000b0   Code   RO         4927    .text               mf_w.l(fadd.o)
    0x080001d4   0x00000064   Code   RO         4929    .text               mf_w.l(fmul.o)
    0x08000238   0x0000014e   Code   RO         4931    .text               mf_w.l(dadd.o)
    0x08000386   0x000000e4   Code   RO         4933    .text               mf_w.l(dmul.o)
    0x0800046a   0x000000de   Code   RO         4935    .text               mf_w.l(ddiv.o)
    0x08000548   0x0000000a   Code   RO         4937    .text               mf_w.l(ffltui.o)
    0x08000552   0x00000028   Code   RO         4941    .text               mf_w.l(ffixui.o)
    0x0800057a   0x00000026   Code   RO         4945    .text               mf_w.l(f2d.o)
    0x080005a0   0x00000030   Code   RO         4949    .text               mf_w.l(cdrcmple.o)
    0x080005d0   0x00000038   Code   RO         4951    .text               mf_w.l(d2f.o)
    0x08000608   0x00000014   Code   RO         4953    .text               mf_w.l(cfcmple.o)
    0x0800061c   0x00000014   Code   RO         4955    .text               mf_w.l(cfrcmple.o)
    0x08000630   0x0000002c   Code   RO         5001    .text               mc_w.l(uidiv.o)
    0x0800065c   0x00000062   Code   RO         5003    .text               mc_w.l(uldiv.o)
    0x080006be   0x0000001e   Code   RO         5005    .text               mc_w.l(llshl.o)
    0x080006dc   0x00000020   Code   RO         5007    .text               mc_w.l(llushr.o)
    0x080006fc   0x00000024   Code   RO         5009    .text               mc_w.l(llsshr.o)
    0x08000720   0x00000000   Code   RO         5020    .text               mc_w.l(iusefp.o)
    0x08000720   0x0000006e   Code   RO         5021    .text               mf_w.l(fepilogue.o)
    0x0800078e   0x000000ba   Code   RO         5023    .text               mf_w.l(depilogue.o)
    0x08000848   0x00000030   Code   RO         5027    .text               mf_w.l(dfixul.o)
    0x08000878   0x00000024   Code   RO         5029    .text               mc_w.l(init.o)
    0x0800089c   0x00000056   Code   RO         5043    .text               mc_w.l(__dczerorl2.o)
    0x080008f2   0x00000002   PAD
    0x080008f4   0x00000134   Code   RO         3809    i.All_Functin       oled_gui.o
    0x08000a28   0x00000010   Code   RO          366    i.BKP_DeInit        stm32f10x_bkp.o
    0x08000a38   0x0000001c   Code   RO          371    i.BKP_ReadBackupRegister  stm32f10x_bkp.o
    0x08000a54   0x0000001c   Code   RO          375    i.BKP_WriteBackupRegister  stm32f10x_bkp.o
    0x08000a70   0x00000004   Code   RO         3136    i.BusFault_Handler  stm32f10x_it.o
    0x08000a74   0x00000002   Code   RO         3137    i.DebugMon_Handler  stm32f10x_it.o
    0x08000a76   0x00000002   PAD
    0x08000a78   0x00000074   Code   RO         4539    i.EXTI4_IRQHandler  main.o
    0x08000aec   0x00000068   Code   RO         4540    i.EXTI9_5_IRQHandler  main.o
    0x08000b54   0x00000092   Code   RO         3992    i.EXTIX_Init        GPIO.o
    0x08000be6   0x00000002   PAD
    0x08000be8   0x0000000c   Code   RO          925    i.EXTI_ClearITPendingBit  stm32f10x_exti.o
    0x08000bf4   0x00000094   Code   RO          930    i.EXTI_Init         stm32f10x_exti.o
    0x08000c88   0x00000040   Code   RO         1284    i.GPIO_EXTILineConfig  stm32f10x_gpio.o
    0x08000cc8   0x00000116   Code   RO         1287    i.GPIO_Init         stm32f10x_gpio.o
    0x08000dde   0x00000002   PAD
    0x08000de0   0x00000090   Code   RO         1289    i.GPIO_PinRemapConfig  stm32f10x_gpio.o
    0x08000e70   0x00000012   Code   RO         1291    i.GPIO_ReadInputDataBit  stm32f10x_gpio.o
    0x08000e82   0x00000012   Code   RO         1293    i.GPIO_ReadOutputDataBit  stm32f10x_gpio.o
    0x08000e94   0x00000004   Code   RO         1294    i.GPIO_ResetBits    stm32f10x_gpio.o
    0x08000e98   0x00000004   Code   RO         1295    i.GPIO_SetBits      stm32f10x_gpio.o
    0x08000e9c   0x00000038   Code   RO         3810    i.GuiSwitch         oled_gui.o
    0x08000ed4   0x00000004   Code   RO         3138    i.HardFault_Handler  stm32f10x_it.o
    0x08000ed8   0x00000038   Code   RO         3901    i.IIC_Ack           SHT30.o
    0x08000f10   0x00000038   Code   RO         3902    i.IIC_NAck          SHT30.o
    0x08000f48   0x00000058   Code   RO         3903    i.IIC_Read_Byte     SHT30.o
    0x08000fa0   0x00000050   Code   RO         3904    i.IIC_Send_Byte     SHT30.o
    0x08000ff0   0x00000028   Code   RO         3645    i.IIC_Start         OLED.o
    0x08001018   0x00000020   Code   RO         3646    i.IIC_Stop          OLED.o
    0x08001038   0x00000018   Code   RO         3647    i.IIC_Wait_Ack      OLED.o
    0x08001050   0x0000003a   Code   RO         4042    i.Is_Leap_Year      rtc.o
    0x0800108a   0x00000002   PAD
    0x0800108c   0x0000003c   Code   RO         3993    i.KEY_GPIO_INIT     GPIO.o
    0x080010c8   0x0000002c   Code   RO         3995    i.LED_GPIO_INIT     GPIO.o
    0x080010f4   0x00000004   Code   RO         3139    i.MemManage_Handler  stm32f10x_it.o
    0x080010f8   0x00000002   Code   RO         3140    i.NMI_Handler       stm32f10x_it.o
    0x080010fa   0x00000002   PAD
    0x080010fc   0x00000070   Code   RO           17    i.NVIC_Init         misc.o
    0x0800116c   0x00000014   Code   RO           18    i.NVIC_PriorityGroupConfig  misc.o
    0x08001180   0x0000003e   Code   RO         3648    i.OLED_Clear        OLED.o
    0x080011be   0x00000002   PAD
    0x080011c0   0x00000030   Code   RO         3996    i.OLED_GPIO_INIT    GPIO.o
    0x080011f0   0x000000e8   Code   RO         3652    i.OLED_Init         OLED.o
    0x080012d8   0x00000028   Code   RO         3654    i.OLED_Set_Pos      OLED.o
    0x08001300   0x00000068   Code   RO         3655    i.OLED_ShowCHinese  OLED.o
    0x08001368   0x00000140   Code   RO         3656    i.OLED_ShowChar     OLED.o
    0x080014a8   0x00000088   Code   RO         3657    i.OLED_ShowNum      OLED.o
    0x08001530   0x00000088   Code   RO         3658    i.OLED_ShowNumber0  OLED.o
    0x080015b8   0x0000003a   Code   RO         3659    i.OLED_ShowString   OLED.o
    0x080015f2   0x00000018   Code   RO         3660    i.OLED_WR_Byte      OLED.o
    0x0800160a   0x00000002   PAD
    0x0800160c   0x00000204   Code   RO         3811    i.OledGui_Temp_Hum  oled_gui.o
    0x08001810   0x00000180   Code   RO         3812    i.OledGui_Time      oled_gui.o
    0x08001990   0x00000064   Code   RO         3813    i.OledGui_Weather   oled_gui.o
    0x080019f4   0x0000000c   Code   RO         1650    i.PWR_BackupAccessCmd  stm32f10x_pwr.o
    0x08001a00   0x00000002   Code   RO         3141    i.PendSV_Handler    stm32f10x_it.o
    0x08001a02   0x00000002   PAD
    0x08001a04   0x00000020   Code   RO         1715    i.RCC_APB1PeriphClockCmd  stm32f10x_rcc.o
    0x08001a24   0x00000020   Code   RO         1717    i.RCC_APB2PeriphClockCmd  stm32f10x_rcc.o
    0x08001a44   0x0000000c   Code   RO         1720    i.RCC_BackupResetCmd  stm32f10x_rcc.o
    0x08001a50   0x000000d4   Code   RO         1725    i.RCC_GetClocksFreq  stm32f10x_rcc.o
    0x08001b24   0x0000003c   Code   RO         1726    i.RCC_GetFlagStatus  stm32f10x_rcc.o
    0x08001b60   0x00000034   Code   RO         1733    i.RCC_LSEConfig     stm32f10x_rcc.o
    0x08001b94   0x0000000c   Code   RO         1734    i.RCC_LSICmd        stm32f10x_rcc.o
    0x08001ba0   0x0000000c   Code   RO         1740    i.RCC_RTCCLKCmd     stm32f10x_rcc.o
    0x08001bac   0x00000010   Code   RO         1741    i.RCC_RTCCLKConfig  stm32f10x_rcc.o
    0x08001bbc   0x00000010   Code   RO         1917    i.RTC_ClearITPendingBit  stm32f10x_rtc.o
    0x08001bcc   0x00000014   Code   RO         1918    i.RTC_EnterConfigMode  stm32f10x_rtc.o
    0x08001be0   0x00000014   Code   RO         1919    i.RTC_ExitConfigMode  stm32f10x_rtc.o
    0x08001bf4   0x00000100   Code   RO         4044    i.RTC_Get           rtc.o
    0x08001cf4   0x00000014   Code   RO         1920    i.RTC_GetCounter    stm32f10x_rtc.o
    0x08001d08   0x00000024   Code   RO         1923    i.RTC_GetITStatus   stm32f10x_rtc.o
    0x08001d2c   0x00000078   Code   RO         4045    i.RTC_Get_Week      rtc.o
    0x08001da4   0x0000007c   Code   RO         4046    i.RTC_IRQHandler    rtc.o
    0x08001e20   0x00000020   Code   RO         1924    i.RTC_ITConfig      stm32f10x_rtc.o
    0x08001e40   0x000000fc   Code   RO         4047    i.RTC_Init          rtc.o
    0x08001f3c   0x00000020   Code   RO         4048    i.RTC_NVIC_Config   rtc.o
    0x08001f5c   0x000000c8   Code   RO         4049    i.RTC_Set           rtc.o
    0x08002024   0x0000001c   Code   RO         1926    i.RTC_SetCounter    stm32f10x_rtc.o
    0x08002040   0x00000020   Code   RO         1927    i.RTC_SetPrescaler  stm32f10x_rtc.o
    0x08002060   0x00000014   Code   RO         1928    i.RTC_WaitForLastTask  stm32f10x_rtc.o
    0x08002074   0x00000024   Code   RO         1929    i.RTC_WaitForSynchro  stm32f10x_rtc.o
    0x08002098   0x00000024   Code   RO         3905    i.SDA_IN            SHT30.o
    0x080020bc   0x00000024   Code   RO         3906    i.SDA_OUT           SHT30.o
    0x080020e0   0x00000030   Code   RO         3997    i.SHT30_GPIO_INIT   GPIO.o
    0x08002110   0x00000038   Code   RO         3907    i.SHT_IIC_Start     SHT30.o
    0x08002148   0x00000034   Code   RO         3908    i.SHT_IIC_Stop      SHT30.o
    0x0800217c   0x0000004c   Code   RO         3909    i.SHT_IIC_Wait_Ack  SHT30.o
    0x080021c8   0x0000003c   Code   RO         3910    i.SHT_Init          SHT30.o
    0x08002204   0x00000002   Code   RO         3142    i.SVC_Handler       stm32f10x_it.o
    0x08002206   0x00000008   Code   RO         3247    i.SetSysClock       system_stm32f10x.o
    0x0800220e   0x00000002   PAD
    0x08002210   0x000000e0   Code   RO         3248    i.SetSysClockTo72   system_stm32f10x.o
    0x080022f0   0x00000070   Code   RO         3814    i.StartUp           oled_gui.o
    0x08002360   0x00000002   Code   RO         3143    i.SysTick_Handler   stm32f10x_it.o
    0x08002362   0x00000002   PAD
    0x08002364   0x00000060   Code   RO         3250    i.SystemInit        system_stm32f10x.o
    0x080023c4   0x0000004c   Code   RO         3973    i.TIM3_IRQHandler   TIM_ISR.o
    0x08002410   0x00000006   Code   RO         2356    i.TIM_ClearITPendingBit  stm32f10x_tim.o
    0x08002416   0x00000022   Code   RO         2382    i.TIM_GetITStatus   stm32f10x_tim.o
    0x08002438   0x0000005c   Code   RO         4541    i.USART1_IRQHandler  main.o
    0x08002494   0x00000024   Code   RO         4542    i.USART2_IRQHandler  main.o
    0x080024b8   0x0000001c   Code   RO         4119    i.USART2_SendByte   UART.o
    0x080024d4   0x00000012   Code   RO         2896    i.USART_ClearFlag   stm32f10x_usart.o
    0x080024e6   0x00000018   Code   RO         2900    i.USART_Cmd         stm32f10x_usart.o
    0x080024fe   0x0000001a   Code   RO         2903    i.USART_GetFlagStatus  stm32f10x_usart.o
    0x08002518   0x00000054   Code   RO         2904    i.USART_GetITStatus  stm32f10x_usart.o
    0x0800256c   0x0000004a   Code   RO         2906    i.USART_ITConfig    stm32f10x_usart.o
    0x080025b6   0x00000002   PAD
    0x080025b8   0x000000d8   Code   RO         2907    i.USART_Init        stm32f10x_usart.o
    0x08002690   0x0000000a   Code   RO         2914    i.USART_ReceiveData  stm32f10x_usart.o
    0x0800269a   0x00000008   Code   RO         2917    i.USART_SendData    stm32f10x_usart.o
    0x080026a2   0x00000004   Code   RO         3144    i.UsageFault_Handler  stm32f10x_it.o
    0x080026a6   0x00000002   PAD
    0x080026a8   0x000000b0   Code   RO         4120    i.Usart1_Init       UART.o
    0x08002758   0x000000ac   Code   RO         4121    i.Usart2_Init       UART.o
    0x08002804   0x00000048   Code   RO         4122    i.UsartPrintf       UART.o
    0x0800284c   0x000001c4   Code   RO         3815    i.WiFi_work_state_show  oled_gui.o
    0x08002a10   0x00000054   Code   RO         3661    i.Write_IIC_Byte    OLED.o
    0x08002a64   0x0000002c   Code   RO         3662    i.Write_IIC_Command  OLED.o
    0x08002a90   0x0000002c   Code   RO         3663    i.Write_IIC_Data    OLED.o
    0x08002abc   0x00000024   Code   RO         4876    i.__0vsnprintf      mc_w.l(printfa.o)
    0x08002ae0   0x0000000e   Code   RO         5037    i.__scatterload_copy  mc_w.l(handlers.o)
    0x08002aee   0x00000002   Code   RO         5038    i.__scatterload_null  mc_w.l(handlers.o)
    0x08002af0   0x0000000e   Code   RO         5039    i.__scatterload_zeroinit  mc_w.l(handlers.o)
    0x08002afe   0x00000002   PAD
    0x08002b00   0x00000164   Code   RO         4878    i._fp_digits        mc_w.l(printfa.o)
    0x08002c64   0x000006dc   Code   RO         4879    i._printf_core      mc_w.l(printfa.o)
    0x08003340   0x00000024   Code   RO         4880    i._printf_post_padding  mc_w.l(printfa.o)
    0x08003364   0x0000002e   Code   RO         4881    i._printf_pre_padding  mc_w.l(printfa.o)
    0x08003392   0x00000016   Code   RO         4882    i._snputc           mc_w.l(printfa.o)
    0x080033a8   0x0000006e   Code   RO         4345    i.all_data_update   protocol.o
    0x08003416   0x0000001a   Code   RO         4167    i.byte_to_int       mcu_api.o
    0x08003430   0x00000108   Code   RO         4435    i.data_handle       system.o
    0x08003538   0x0000004c   Code   RO         4436    i.data_point_handle  system.o
    0x08003584   0x00000038   Code   RO         4521    i.delay_ms          delay.o
    0x080035bc   0x00000036   Code   RO         4522    i.delay_us          delay.o
    0x080035f2   0x0000009a   Code   RO         4346    i.dp_download_handle  protocol.o
    0x0800368c   0x00000028   Code   RO         4347    i.dp_download_hum_periodic_report_handle  protocol.o
    0x080036b4   0x00000028   Code   RO         4348    i.dp_download_maxhum_set_handle  protocol.o
    0x080036dc   0x00000028   Code   RO         4349    i.dp_download_maxtemp_set_handle  protocol.o
    0x08003704   0x00000028   Code   RO         4350    i.dp_download_minihum_set_handle  protocol.o
    0x0800372c   0x00000028   Code   RO         4351    i.dp_download_minitemp_set_handle  protocol.o
    0x08003754   0x00000044   Code   RO         4352    i.dp_download_switch_handle  protocol.o
    0x08003798   0x00000028   Code   RO         4353    i.dp_download_temp_periodic_report_handle  protocol.o
    0x080037c0   0x00000028   Code   RO         4354    i.dp_download_temp_set_handle  protocol.o
    0x080037e8   0x00000038   Code   RO         4355    i.dp_download_temp_unit_convert_handle  protocol.o
    0x08003820   0x0000001c   Code   RO         4437    i.get_check_sum     system.o
    0x0800383c   0x0000002c   Code   RO         4438    i.get_dowmload_dpid_index  system.o
    0x08003868   0x00000004   Code   RO         4356    i.get_download_cmd_total  protocol.o
    0x0800386c   0x00000010   Code   RO         4439    i.get_mcu_wifi_mode  system.o
    0x0800387c   0x00000038   Code   RO         4440    i.heat_beat_check   system.o
    0x080038b4   0x000000f0   Code   RO         4543    i.main              main.o
    0x080039a4   0x00000064   Code   RO         4170    i.mcu_dp_bool_update  mcu_api.o
    0x08003a08   0x00000058   Code   RO         4171    i.mcu_dp_enum_update  mcu_api.o
    0x08003a60   0x00000078   Code   RO         4175    i.mcu_dp_value_update  mcu_api.o
    0x08003ad8   0x00000006   Code   RO         4176    i.mcu_get_dp_download_bool  mcu_api.o
    0x08003ade   0x00000006   Code   RO         4177    i.mcu_get_dp_download_enum  mcu_api.o
    0x08003ae4   0x0000000e   Code   RO         4178    i.mcu_get_dp_download_value  mcu_api.o
    0x08003af2   0x0000000e   Code   RO         4180    i.mcu_get_system_time  mcu_api.o
    0x08003b00   0x0000000c   Code   RO         4181    i.mcu_get_wifi_work_state  mcu_api.o
    0x08003b0c   0x00000028   Code   RO         4184    i.mcu_set_wifi_mode  mcu_api.o
    0x08003b34   0x00000074   Code   RO         4357    i.mcu_write_rtctime  protocol.o
    0x08003ba8   0x00000044   Code   RO         4186    i.my_memcpy         mcu_api.o
    0x08003bec   0x0000001c   Code   RO         4190    i.my_strlen         mcu_api.o
    0x08003c08   0x00000016   Code   RO         3665    i.oled_pow          OLED.o
    0x08003c1e   0x00000002   PAD
    0x08003c20   0x000000e0   Code   RO         4441    i.product_info_update  system.o
    0x08003d00   0x00000028   Code   RO         4442    i.set_wifi_uart_buffer  system.o
    0x08003d28   0x00000010   Code   RO         4443    i.set_wifi_uart_byte  system.o
    0x08003d38   0x00000154   Code   RO         3911    i.sht30_read_temp_humi  SHT30.o
    0x08003e8c   0x0000003c   Code   RO         4444    i.take_byte_rxbuff  system.o
    0x08003ec8   0x00000058   Code   RO         4192    i.uart_receive_input  mcu_api.o
    0x08003f20   0x0000000c   Code   RO         4358    i.uart_transmit_output  protocol.o
    0x08003f2c   0x0000002c   Code   RO         4193    i.wifi_protocol_init  mcu_api.o
    0x08003f58   0x00000078   Code   RO         4359    i.wifi_test_result  protocol.o
    0x08003fd0   0x000000f8   Code   RO         4194    i.wifi_uart_service  mcu_api.o
    0x080040c8   0x00000024   Code   RO         4445    i.wifi_uart_write_data  system.o
    0x080040ec   0x00000048   Code   RO         4446    i.wifi_uart_write_frame  system.o
    0x08004134   0x0000001c   Code   RO         4447    i.with_data_rxbuff  system.o
    0x08004150   0x00001574   Data   RO         3666    .constdata          OLED.o
    0x080056c4   0x00000018   Data   RO         4051    .constdata          rtc.o
    0x080056dc   0x0000001a   Data   RO         4360    .constdata          protocol.o
    0x080056f6   0x00000002   PAD
    0x080056f8   0x00000020   Data   RO         5035    Region$$Table       anon$$obj.o


    Execution Region RW_IRAM1 (Base: 0x20000000, Size: 0x00001f90, Max: 0x00005000, ABSOLUTE, COMPRESSED[0x000007e8])

    Base Addr    Size         Type   Attr      Idx    E Section Name        Object

    0x20000000   0x00000014   Data   RW         1745    .data               stm32f10x_rcc.o
    0x20000014   0x000005c0   Data   RW         3667    .data               OLED.o
    0x200005d4   0x00001447   Data   RW         3816    .data               oled_gui.o
    0x20001a1b   0x00000001   PAD
    0x20001a1c   0x00000004   Data   RW         3974    .data               TIM_ISR.o
    0x20001a20   0x00000007   Data   RW         3998    .data               GPIO.o
    0x20001a27   0x00000001   PAD
    0x20001a28   0x00000002   Data   RW         4052    .data               rtc.o
    0x20001a2a   0x00000002   Data   RW         4195    .data               mcu_api.o
    0x20001a2c   0x0000000d   Data   RW         4449    .data               system.o
    0x20001a39   0x00000002   Data   RW         4544    .data               main.o
    0x20001a3b   0x00000001   PAD
    0x20001a3c   0x0000000a   Zero   RW         4050    .bss                rtc.o
    0x20001a46   0x00000145   Zero   RW         4448    .bss                system.o
    0x20001b8b   0x00000005   PAD
    0x20001b90   0x00000400   Zero   RW         4598    STACK               startup_stm32f10x_md.o


==============================================================================

Image component sizes


      Code (inc. data)   RO Data    RW Data    ZI Data      Debug   Object Name

       346         38          0          7          0       3236   GPIO.o
      1402         36       5492       1472          0      10296   OLED.o
       936         98          0          0          0       5768   SHT30.o
        76         12          0          4          0        705   TIM_ISR.o
       448         26          0          0          0       3564   UART.o
         0          0          0          0          0       4536   core_cm3.o
       110          0          0          0          0        918   delay.o
       588        132          0          2          0       2632   main.o
       902         70          0          2          0       8714   mcu_api.o
       132         22          0          0          0     213359   misc.o
      1928        406          0       5191          0       6848   oled_gui.o
       920        156         26          0          0      10101   protocol.o
      1042        116         24          2         10       5430   rtc.o
        36          8        236          0       1024        780   startup_stm32f10x_md.o
        72         10          0          0          0       2452   stm32f10x_bkp.o
       160         12          0          0          0       3481   stm32f10x_exti.o
       530         10          0          0          0      13605   stm32f10x_gpio.o
        26          0          0          0          0      21670   stm32f10x_it.o
        12          6          0          0          0        458   stm32f10x_pwr.o
       440         64          0         20          0      15795   stm32f10x_rcc.o
       260         48          0          0          0       4612   stm32f10x_rtc.o
        40          0          0          0          0      21894   stm32f10x_tim.o
       460          6          0          0          0      12211   stm32f10x_usart.o
       960        136          0         13        325       9450   system.o
       328         28          0          0          0       1745   system_stm32f10x.o

    ----------------------------------------------------------------------
     12180       1440       5812       6716       1364     384260   Object Totals
         0          0         32          0          0          0   (incl. Generated)
        26          0          2          3          5          0   (incl. Padding)

    ----------------------------------------------------------------------

      Code (inc. data)   RO Data    RW Data    ZI Data      Debug   Library Member Name

        86          0          0          0          0          0   __dczerorl2.o
         0          0          0          0          0          0   entry.o
         0          0          0          0          0          0   entry10a.o
         0          0          0          0          0          0   entry11a.o
         8          4          0          0          0          0   entry2.o
         4          0          0          0          0          0   entry5.o
         0          0          0          0          0          0   entry7b.o
         0          0          0          0          0          0   entry8b.o
         8          4          0          0          0          0   entry9a.o
        30          0          0          0          0          0   handlers.o
        36          8          0          0          0         68   init.o
         0          0          0          0          0          0   iusefp.o
        30          0          0          0          0         68   llshl.o
        36          0          0          0          0         68   llsshr.o
        32          0          0          0          0         68   llushr.o
      2252         84          0          0          0        508   printfa.o
        44          0          0          0          0         80   uidiv.o
        98          0          0          0          0         92   uldiv.o
        48          0          0          0          0         68   cdrcmple.o
        20          0          0          0          0         68   cfcmple.o
        20          0          0          0          0         68   cfrcmple.o
        56          0          0          0          0         88   d2f.o
       334          0          0          0          0        148   dadd.o
       222          0          0          0          0        100   ddiv.o
       186          0          0          0          0        176   depilogue.o
        48          0          0          0          0         68   dfixul.o
       228          0          0          0          0         96   dmul.o
        38          0          0          0          0         68   f2d.o
       176          0          0          0          0        140   fadd.o
       110          0          0          0          0        168   fepilogue.o
        40          0          0          0          0         68   ffixui.o
        10          0          0          0          0         68   ffltui.o
       100          0          0          0          0         76   fmul.o

    ----------------------------------------------------------------------
      4304        100          0          0          0       2420   Library Totals
         4          0          0          0          0          0   (incl. Padding)

    ----------------------------------------------------------------------

      Code (inc. data)   RO Data    RW Data    ZI Data      Debug   Library Name

      2664        100          0          0          0        952   mc_w.l
      1636          0          0          0          0       1468   mf_w.l

    ----------------------------------------------------------------------
      4304        100          0          0          0       2420   Library Totals

    ----------------------------------------------------------------------

==============================================================================


      Code (inc. data)   RO Data    RW Data    ZI Data      Debug   

     16484       1540       5812       6716       1364     377760   Grand Totals
     16484       1540       5812       2024       1364     377760   ELF Image Totals (compressed)
     16484       1540       5812       2024          0          0   ROM Totals

==============================================================================

    Total RO  Size (Code + RO Data)                22296 (  21.77kB)
    Total RW  Size (RW Data + ZI Data)              8080 (   7.89kB)
    Total ROM Size (Code + RO Data + RW Data)      24320 (  23.75kB)

==============================================================================

