Component: ARM Compiler 5.05 update 1 (build 106) Tool: armlink [4d0efa]

==============================================================================

Section Cross References

    main.o(i.EXTI4_IRQHandler) refers to delay.o(i.delay_ms) for delay_ms
    main.o(i.EXTI4_IRQHandler) refers to stm32f10x_gpio.o(i.GPIO_ReadInputDataBit) for GPIO_ReadInputDataBit
    main.o(i.EXTI4_IRQHandler) refers to stm32f10x_gpio.o(i.GPIO_ResetBits) for GPIO_ResetBits
    main.o(i.EXTI4_IRQHandler) refers to uart.o(i.UsartPrintf) for UsartPrintf
    main.o(i.EXTI4_IRQHandler) refers to mcu_api.o(i.mcu_set_wifi_mode) for mcu_set_wifi_mode
    main.o(i.EXTI4_IRQHandler) refers to stm32f10x_gpio.o(i.GPIO_SetBits) for GPIO_SetBits
    main.o(i.EXTI4_IRQHandler) refers to stm32f10x_exti.o(i.EXTI_ClearITPendingBit) for EXTI_ClearITPendingBit
    main.o(i.EXTI9_5_IRQHandler) refers to delay.o(i.delay_ms) for delay_ms
    main.o(i.EXTI9_5_IRQHandler) refers to stm32f10x_gpio.o(i.GPIO_ReadInputDataBit) for GPIO_ReadInputDataBit
    main.o(i.EXTI9_5_IRQHandler) refers to stm32f10x_gpio.o(i.GPIO_ResetBits) for GPIO_ResetBits
    main.o(i.EXTI9_5_IRQHandler) refers to uart.o(i.UsartPrintf) for UsartPrintf
    main.o(i.EXTI9_5_IRQHandler) refers to mcu_api.o(i.mcu_reset_wifi) for mcu_reset_wifi
    main.o(i.EXTI9_5_IRQHandler) refers to stm32f10x_gpio.o(i.GPIO_SetBits) for GPIO_SetBits
    main.o(i.EXTI9_5_IRQHandler) refers to stm32f10x_exti.o(i.EXTI_ClearITPendingBit) for EXTI_ClearITPendingBit
    main.o(i.USART1_IRQHandler) refers to stm32f10x_usart.o(i.USART_GetITStatus) for USART_GetITStatus
    main.o(i.USART1_IRQHandler) refers to stm32f10x_usart.o(i.USART_ReceiveData) for USART_ReceiveData
    main.o(i.USART1_IRQHandler) refers to stm32f10x_usart.o(i.USART_SendData) for USART_SendData
    main.o(i.USART1_IRQHandler) refers to stm32f10x_usart.o(i.USART_GetFlagStatus) for USART_GetFlagStatus
    main.o(i.USART1_IRQHandler) refers to stm32f10x_gpio.o(i.GPIO_ResetBits) for GPIO_ResetBits
    main.o(i.USART1_IRQHandler) refers to stm32f10x_gpio.o(i.GPIO_SetBits) for GPIO_SetBits
    main.o(i.USART1_IRQHandler) refers to stm32f10x_usart.o(i.USART_ClearFlag) for USART_ClearFlag
    main.o(i.USART2_IRQHandler) refers to stm32f10x_usart.o(i.USART_GetITStatus) for USART_GetITStatus
    main.o(i.USART2_IRQHandler) refers to stm32f10x_usart.o(i.USART_ReceiveData) for USART_ReceiveData
    main.o(i.USART2_IRQHandler) refers to mcu_api.o(i.uart_receive_input) for uart_receive_input
    main.o(i.main) refers to gpio.o(i.LED_GPIO_INIT) for LED_GPIO_INIT
    main.o(i.main) refers to misc.o(i.NVIC_PriorityGroupConfig) for NVIC_PriorityGroupConfig
    main.o(i.main) refers to gpio.o(i.EXTIX_Init) for EXTIX_Init
    main.o(i.main) refers to oled.o(i.OLED_Init) for OLED_Init
    main.o(i.main) refers to delay.o(i.delay_ms) for delay_ms
    main.o(i.main) refers to oled.o(i.OLED_Clear) for OLED_Clear
    main.o(i.main) refers to oled.o(i.OLED_ShowString) for OLED_ShowString
    main.o(i.main) refers to sht30.o(i.SHT_Init) for SHT_Init
    main.o(i.main) refers to uart.o(i.Usart1_Init) for Usart1_Init
    main.o(i.main) refers to uart.o(i.Usart2_Init) for Usart2_Init
    main.o(i.main) refers to mcu_api.o(i.wifi_protocol_init) for wifi_protocol_init
    main.o(i.main) refers to uart.o(i.UsartPrintf) for UsartPrintf
    main.o(i.main) refers to stm32f10x_gpio.o(i.GPIO_ReadOutputDataBit) for GPIO_ReadOutputDataBit
    main.o(i.main) refers to stm32f10x_gpio.o(i.GPIO_SetBits) for GPIO_SetBits
    main.o(i.main) refers to mcu_api.o(i.wifi_uart_service) for wifi_uart_service
    main.o(i.main) refers to mcu_api.o(i.mcu_get_wifi_work_state) for mcu_get_wifi_work_state
    main.o(i.main) refers to sht30.o(i.sht30_read_temp_humi) for sht30_read_temp_humi
    main.o(i.main) refers to oled.o(i.OLED_ShowCHinese) for OLED_ShowCHinese
    main.o(i.main) refers to ffixu.o(x$fpl$ffixu) for __aeabi_f2uiz
    main.o(i.main) refers to oled.o(i.OLED_ShowNum) for OLED_ShowNum
    main.o(i.main) refers to fmul.o(x$fpl$fmul) for __aeabi_fmul
    main.o(i.main) refers to mcu_api.o(i.mcu_dp_value_update) for mcu_dp_value_update
    main.o(i.main) refers to stm32f10x_gpio.o(i.GPIO_ResetBits) for GPIO_ResetBits
    tim.o(i.TIM3_INIT) refers to stm32f10x_rcc.o(i.RCC_APB1PeriphClockCmd) for RCC_APB1PeriphClockCmd
    tim.o(i.TIM3_INIT) refers to stm32f10x_tim.o(i.TIM_Cmd) for TIM_Cmd
    tim.o(i.TIM3_INIT) refers to stm32f10x_tim.o(i.TIM_TimeBaseInit) for TIM_TimeBaseInit
    tim.o(i.TIM3_INIT) refers to stm32f10x_tim.o(i.TIM_ITConfig) for TIM_ITConfig
    tim.o(i.TIM3_INIT) refers to misc.o(i.NVIC_Init) for NVIC_Init
    gpio.o(i.DHT11_GPIO_INIT) refers to stm32f10x_rcc.o(i.RCC_APB2PeriphClockCmd) for RCC_APB2PeriphClockCmd
    gpio.o(i.DHT11_GPIO_INIT) refers to stm32f10x_gpio.o(i.GPIO_Init) for GPIO_Init
    gpio.o(i.DHT11_GPIO_INIT) refers to stm32f10x_gpio.o(i.GPIO_SetBits) for GPIO_SetBits
    gpio.o(i.EXTIX_Init) refers to gpio.o(i.KEY_GPIO_INIT) for KEY_GPIO_INIT
[...]
    i.SetSysClockTo72                        0x080027c4   Section        0  system_stm32f10x.o(i.SetSysClockTo72)
    SetSysClockTo72                          0x080027c5   Thumb Code   214  system_stm32f10x.o(i.SetSysClockTo72)
    i.SysTick_Handler                        0x080028a4   Section        0  stm32f10x_it.o(i.SysTick_Handler)
    i.SystemInit                             0x080028a8   Section        0  system_stm32f10x.o(i.SystemInit)
    i.TIM3_IRQHandler                        0x08002908   Section        0  tim_isr.o(i.TIM3_IRQHandler)
    i.TIM_ClearITPendingBit                  0x08002954   Section        0  stm32f10x_tim.o(i.TIM_ClearITPendingBit)
    i.TIM_GetITStatus                        0x0800295a   Section        0  stm32f10x_tim.o(i.TIM_GetITStatus)
    i.USART1_IRQHandler                      0x0800297c   Section        0  main.o(i.USART1_IRQHandler)
    i.USART2_IRQHandler                      0x080029d8   Section        0  main.o(i.USART2_IRQHandler)
    i.USART2_SendByte                        0x080029fc   Section        0  uart.o(i.USART2_SendByte)
    i.USART_ClearFlag                        0x08002a18   Section        0  stm32f10x_usart.o(i.USART_ClearFlag)
    i.USART_Cmd                              0x08002a2a   Section        0  stm32f10x_usart.o(i.USART_Cmd)
    i.USART_GetFlagStatus                    0x08002a42   Section        0  stm32f10x_usart.o(i.USART_GetFlagStatus)
    i.USART_GetITStatus                      0x08002a5c   Section        0  stm32f10x_usart.o(i.USART_GetITStatus)
    i.USART_ITConfig                         0x08002ab0   Section        0  stm32f10x_usart.o(i.USART_ITConfig)
    i.USART_Init                             0x08002afc   Section        0  stm32f10x_usart.o(i.USART_Init)
    i.USART_ReceiveData                      0x08002bd4   Section        0  stm32f10x_usart.o(i.USART_ReceiveData)
    i.USART_SendData                         0x08002bde   Section        0  stm32f10x_usart.o(i.USART_SendData)
    i.UsageFault_Handler                     0x08002be6   Section        0  stm32f10x_it.o(i.UsageFault_Handler)
    i.Usart1_Init                            0x08002bec   Section        0  uart.o(i.Usart1_Init)
    i.Usart2_Init                            0x08002c9c   Section        0  uart.o(i.Usart2_Init)
    i.UsartPrintf                            0x08002d48   Section        0  uart.o(i.UsartPrintf)
    i.Write_IIC_Byte                         0x08002d90   Section        0  oled.o(i.Write_IIC_Byte)
    i.Write_IIC_Command                      0x08002de4   Section        0  oled.o(i.Write_IIC_Command)
    i.Write_IIC_Data                         0x08002e10   Section        0  oled.o(i.Write_IIC_Data)
    i.__ARM_fpclassify                       0x08002e3c   Section        0  fpclassify.o(i.__ARM_fpclassify)
    i._is_digit                              0x08002e64   Section        0  __printf_wp.o(i._is_digit)
    i.all_data_update                        0x08002e72   Section        0  protocol.o(i.all_data_update)
    i.byte_to_int                            0x08002ee0   Section        0  mcu_api.o(i.byte_to_int)
    i.data_handle                            0x08002efc   Section        0  system.o(i.data_handle)
    i.data_point_handle                      0x08002fe0   Section        0  system.o(i.data_point_handle)
    data_point_handle                        0x08002fe1   Thumb Code    70  system.o(i.data_point_handle)
    i.delay_ms                               0x0800302c   Section        0  delay.o(i.delay_ms)
    i.delay_us                               0x08003064   Section        0  delay.o(i.delay_us)
    i.dp_download_handle                     0x0800309a   Section        0  protocol.o(i.dp_download_handle)
    i.dp_download_hum_periodic_report_handle 0x08003134   Section        0  protocol.o(i.dp_download_hum_periodic_report_handle)
    dp_download_hum_periodic_report_handle   0x08003135   Thumb Code    40  protocol.o(i.dp_download_hum_periodic_report_handle)
    i.dp_download_maxhum_set_handle          0x0800315c   Section        0  protocol.o(i.dp_download_maxhum_set_handle)
    dp_download_maxhum_set_handle            0x0800315d   Thumb Code    40  protocol.o(i.dp_download_maxhum_set_handle)
    i.dp_download_maxtemp_set_handle         0x08003184   Section        0  protocol.o(i.dp_download_maxtemp_set_handle)
    dp_download_maxtemp_set_handle           0x08003185   Thumb Code    40  protocol.o(i.dp_download_maxtemp_set_handle)
    i.dp_download_minihum_set_handle         0x080031ac   Section        0  protocol.o(i.dp_download_minihum_set_handle)
    dp_download_minihum_set_handle           0x080031ad   Thumb Code    40  protocol.o(i.dp_download_minihum_set_handle)
    i.dp_download_minitemp_set_handle        0x080031d4   Section        0  protocol.o(i.dp_download_minitemp_set_handle)
    dp_download_minitemp_set_handle          0x080031d5   Thumb Code    40  protocol.o(i.dp_download_minitemp_set_handle)
    i.dp_download_switch_handle              0x080031fc   Section        0  protocol.o(i.dp_download_switch_handle)
    dp_download_switch_handle                0x080031fd   Thumb Code    64  protocol.o(i.dp_download_switch_handle)
    i.dp_download_temp_periodic_report_handle 0x08003240   Section        0  protocol.o(i.dp_download_temp_periodic_report_handle)
    dp_download_temp_periodic_report_handle  0x08003241   Thumb Code    40  protocol.o(i.dp_download_temp_periodic_report_handle)
    i.dp_download_temp_set_handle            0x08003268   Section        0  protocol.o(i.dp_download_temp_set_handle)
    dp_download_temp_set_handle              0x08003269   Thumb Code    40  protocol.o(i.dp_download_temp_set_handle)
    i.dp_download_temp_unit_convert_handle   0x08003290   Section        0  protocol.o(i.dp_download_temp_unit_convert_handle)
    dp_download_temp_unit_convert_handle     0x08003291   Thumb Code    56  protocol.o(i.dp_download_temp_unit_convert_handle)
    i.get_check_sum                          0x080032c8   Section        0  system.o(i.get_check_sum)
    i.get_dowmload_dpid_index                0x080032e4   Section        0  system.o(i.get_dowmload_dpid_index)
    get_dowmload_dpid_index                  0x080032e5   Thumb Code    40  system.o(i.get_dowmload_dpid_index)
    i.get_download_cmd_total                 0x08003310   Section        0  protocol.o(i.get_download_cmd_total)
    i.get_mcu_wifi_mode                      0x08003314   Section        0  system.o(i.get_mcu_wifi_mode)
    get_mcu_wifi_mode                        0x08003315   Thumb Code    16  system.o(i.get_mcu_wifi_mode)
    i.heat_beat_check                        0x08003324   Section        0  system.o(i.heat_beat_check)
    heat_beat_check                          0x08003325   Thumb Code    50  system.o(i.heat_beat_check)
    i.main                                   0x0800335c   Section        0  main.o(i.main)
    i.mcu_dp_bool_update                     0x08003764   Section        0  mcu_api.o(i.mcu_dp_bool_update)
    i.mcu_dp_enum_update                     0x080037c8   Section        0  mcu_api.o(i.mcu_dp_enum_update)
    i.mcu_dp_value_update                    0x08003820   Section        0  mcu_api.o(i.mcu_dp_value_update)
    i.mcu_get_dp_download_bool               0x08003898   Section        0  mcu_api.o(i.mcu_get_dp_download_bool)
    i.mcu_get_dp_download_enum               0x0800389e   Section        0  mcu_api.o(i.mcu_get_dp_download_enum)
    i.mcu_get_dp_download_value              0x080038a4   Section        0  mcu_api.o(i.mcu_get_dp_download_value)
    i.mcu_get_wifi_work_state                0x080038b4   Section        0  mcu_api.o(i.mcu_get_wifi_work_state)
    i.mcu_reset_wifi                         0x080038c0   Section        0  mcu_api.o(i.mcu_reset_wifi)
    i.mcu_set_wifi_mode                      0x080038d8   Section        0  mcu_api.o(i.mcu_set_wifi_mode)
    i.my_memcpy                              0x08003900   Section        0  mcu_api.o(i.my_memcpy)
    i.my_strlen                              0x08003944   Section        0  mcu_api.o(i.my_strlen)
    i.oled_pow                               0x08003960   Section        0  oled.o(i.oled_pow)
    i.product_info_update                    0x08003978   Section        0  system.o(i.product_info_update)
    product_info_update                      0x08003979   Thumb Code   164  system.o(i.product_info_update)
    i.set_wifi_uart_buffer                   0x08003a54   Section        0  system.o(i.set_wifi_uart_buffer)
    i.set_wifi_uart_byte                     0x08003a7c   Section        0  system.o(i.set_wifi_uart_byte)
    i.sht30_read_temp_humi                   0x08003a8c   Section        0  sht30.o(i.sht30_read_temp_humi)
    i.take_byte_rxbuff                       0x08003be0   Section        0  system.o(i.take_byte_rxbuff)
    i.uart_receive_input                     0x08003c1c   Section        0  mcu_api.o(i.uart_receive_input)
    i.uart_transmit_output                   0x08003c74   Section        0  protocol.o(i.uart_transmit_output)
    i.wifi_protocol_init                     0x08003c80   Section        0  mcu_api.o(i.wifi_protocol_init)
    i.wifi_test_result                       0x08003cac   Section        0  protocol.o(i.wifi_test_result)
    i.wifi_uart_service                      0x08003d24   Section        0  mcu_api.o(i.wifi_uart_service)
    i.wifi_uart_write_data                   0x08003e1c   Section        0  system.o(i.wifi_uart_write_data)
    wifi_uart_write_data                     0x08003e1d   Thumb Code    36  system.o(i.wifi_uart_write_data)
    i.wifi_uart_write_frame                  0x08003e40   Section        0  system.o(i.wifi_uart_write_frame)
    i.with_data_rxbuff                       0x08003e88   Section        0  system.o(i.with_data_rxbuff)
    locale$$code                             0x08003ea4   Section       44  lc_ctype_c.o(locale$$code)
    locale$$code                             0x08003ed0   Section       44  lc_numeric_c.o(locale$$code)
    x$fpl$d2f                                0x08003efc   Section       98  d2f.o(x$fpl$d2f)
    x$fpl$dadd                               0x08003f60   Section      336  daddsub_clz.o(x$fpl$dadd)
    _dadd1                                   0x08003f71   Thumb Code     0  daddsub_clz.o(x$fpl$dadd)
    x$fpl$ddiv                               0x080040b0   Section      688  ddiv.o(x$fpl$ddiv)
    ddiv_entry                               0x080040b7   Thumb Code     0  ddiv.o(x$fpl$ddiv)
    x$fpl$dmul                               0x08004360   Section      340  dmul.o(x$fpl$dmul)
    x$fpl$dnaninf                            0x080044b4   Section      156  dnaninf.o(x$fpl$dnaninf)
    x$fpl$dretinf                            0x08004550   Section       12  dretinf.o(x$fpl$dretinf)
    x$fpl$dsub                               0x0800455c   Section      468  daddsub_clz.o(x$fpl$dsub)
    _dsub1                                   0x0800456d   Thumb Code     0  daddsub_clz.o(x$fpl$dsub)
    x$fpl$f2d                                0x08004730   Section       86  f2d.o(x$fpl$f2d)
    x$fpl$fcmpinf                            0x08004786   Section       24  fcmpi.o(x$fpl$fcmpinf)
    x$fpl$ffixu                              0x080047a0   Section       62  ffixu.o(x$fpl$ffixu)
    x$fpl$ffltu                              0x080047e0   Section       38  fflt_clz.o(x$fpl$ffltu)
    x$fpl$fleqf                              0x08004808   Section      104  fleqf.o(x$fpl$fleqf)
    x$fpl$fmul                               0x08004870   Section      258  fmul.o(x$fpl$fmul)
    x$fpl$fnaninf                            0x08004972   Section      140  fnaninf.o(x$fpl$fnaninf)
    x$fpl$fretinf                            0x080049fe   Section       10  fretinf.o(x$fpl$fretinf)
    x$fpl$frleqf                             0x08004a08   Section       98  frleqf.o(x$fpl$frleqf)
    x$fpl$printf1                            0x08004a6a   Section        4  printf1.o(x$fpl$printf1)
    x$fpl$printf2                            0x08004a6e   Section        4  printf2.o(x$fpl$printf2)
    .constdata                               0x08004a72   Section     2072  oled.o(.constdata)
    x$fpl$usenofp                            0x08004a72   Section        0  usenofp.o(x$fpl$usenofp)
    .constdata                               0x0800528a   Section       26  protocol.o(.constdata)
    .constdata                               0x080052a4   Section       40  _printf_hex_int_ll_ptr.o(.constdata)
    uc_hextab                                0x080052a4   Data          20  _printf_hex_int_ll_ptr.o(.constdata)
    lc_hextab                                0x080052b8   Data          20  _printf_hex_int_ll_ptr.o(.constdata)
    .constdata                               0x080052cc   Section       17  __printf_flags_ss_wp.o(.constdata)
    maptable                                 0x080052cc   Data          17  __printf_flags_ss_wp.o(.constdata)
    .constdata                               0x080052e0   Section        8  _printf_wctomb.o(.constdata)
    initial_mbstate                          0x080052e0   Data           8  _printf_wctomb.o(.constdata)
    .constdata                               0x080052e8   Section       38  _printf_fp_hex.o(.constdata)
    lc_hextab                                0x080052e8   Data          19  _printf_fp_hex.o(.constdata)
    uc_hextab                                0x080052fb   Data          19  _printf_fp_hex.o(.constdata)
    .constdata                               0x08005310   Section      148  bigflt0.o(.constdata)
    tenpwrs_x                                0x08005310   Data          60  bigflt0.o(.constdata)
    tenpwrs_i                                0x0800534c   Data          64  bigflt0.o(.constdata)
    locale$$data                             0x080053c4   Section      272  lc_ctype_c.o(locale$$data)
    __lcctype_c_name                         0x080053c8   Data           2  lc_ctype_c.o(locale$$data)
    __lcctype_c_start                        0x080053d0   Data           0  lc_ctype_c.o(locale$$data)
    locale$$data                             0x080054d4   Section       28  lc_numeric_c.o(locale$$data)
    __lcctype_c_end                          0x080054d4   Data           0  lc_ctype_c.o(locale$$data)
    __lcnum_c_name                           0x080054d8   Data           2  lc_numeric_c.o(locale$$data)
    __lcnum_c_start                          0x080054e0   Data           0  lc_numeric_c.o(locale$$data)
    __lcnum_c_point                          0x080054ec   Data           0  lc_numeric_c.o(locale$$data)
    __lcnum_c_thousands                      0x080054ee   Data           0  lc_numeric_c.o(locale$$data)
    __lcnum_c_grouping                       0x080054ef   Data           0  lc_numeric_c.o(locale$$data)
    __lcnum_c_end                            0x080054f0   Data           0  lc_numeric_c.o(locale$$data)
    .data                                    0x20000000   Section        4  tim_isr.o(.data)
    .data                                    0x20000004   Section      576  oled.o(.data)
    .data                                    0x20000244   Section       20  stm32f10x_rcc.o(.data)
    APBAHBPrescTable                         0x20000244   Data          16  stm32f10x_rcc.o(.data)
    ADCPrescTable                            0x20000254   Data           4  stm32f10x_rcc.o(.data)
    .data                                    0x20000258   Section        2  mcu_api.o(.data)
    rx_in                                    0x20000258   Data           2  mcu_api.o(.data)
    .data                                    0x2000025c   Section       13  system.o(.data)
    mcu_reset_state                          0x20000268   Data           1  system.o(.data)
    .bss                                     0x2000026c   Section      109  system.o(.bss)
    .bss                                     0x200002dc   Section       96  libspace.o(.bss)
    HEAP                                     0x20000340   Section      512  startup_stm32f10x_md.o(HEAP)
    Heap_Mem                                 0x20000340   Data         512  startup_stm32f10x_md.o(HEAP)
    STACK                                    0x20000540   Section     1024  startup_stm32f10x_md.o(STACK)
    Stack_Mem                                0x20000540   Data        1024  startup_stm32f10x_md.o(STACK)
    __initial_sp                             0x20000940   Data           0  startup_stm32f10x_md.o(STACK)

    Global Symbols

    Symbol Name                              Value     Ov Type        Size  Object(Section)

    BuildAttributes$$THM_ISAv4$P$D$K$B$S$PE$A:L22UL41UL21$X:L11$S22US41US21$IEEE1$IW$USESV6$~STKCKD$USESV7$~SHL$OTIME$ROPI$IEEEX$EBA8$UX$STANDARDLIB$REQ8$PRES8$EABIv2 0x00000000   Number         0  anon$$obj.o ABSOLUTE
    __ARM_use_no_argv                        0x00000000   Number         0  main.o ABSOLUTE
    _printf_flags                            0x00000000   Number         0  printf_stubs.o ABSOLUTE
    _printf_return_value                     0x00000000   Number         0  printf_stubs.o ABSOLUTE
    _printf_sizespec                         0x00000000   Number         0  printf_stubs.o ABSOLUTE
    _printf_widthprec                        0x00000000   Number         0  printf_stubs.o ABSOLUTE
    __ARM_exceptions_init                     - Undefined Weak Reference
    __alloca_initialize                       - Undefined Weak Reference
    __arm_preinit_                            - Undefined Weak Reference
    __cpp_initialize__aeabi_                  - Undefined Weak Reference
    __cxa_finalize                            - Undefined Weak Reference
    __sigvec_lookup                           - Undefined Weak Reference
    __user_heap_extent                        - Undefined Weak Reference
    _atexit_init                              - Undefined Weak Reference
    _call_atexit_fns                          - Undefined Weak Reference
    _clock_init                               - Undefined Weak Reference
    _fp_trap_init                             - Undefined Weak Reference
    _fp_trap_shutdown                         - Undefined Weak Reference
    _get_lc_collate                           - Undefined Weak Reference
    _get_lc_monetary                          - Undefined Weak Reference
    _get_lc_time                              - Undefined Weak Reference
    _getenv_init                              - Undefined Weak Reference
    _handle_redirection                       - Undefined Weak Reference
    _initio                                   - Undefined Weak Reference
    _mutex_acquire                            - Undefined Weak Reference
    _mutex_free                               - Undefined Weak Reference
    _mutex_release                            - Undefined Weak Reference
    _printf_mbtowc                            - Undefined Weak Reference
    _printf_wc                                - Undefined Weak Reference
    _rand_init                                - Undefined Weak Reference
    _signal_finish                            - Undefined Weak Reference
    _signal_init                              - Undefined Weak Reference
    _terminateio                              - Undefined Weak Reference
    __Vectors_Size                           0x000000ec   Number         0  startup_stm32f10x_md.o ABSOLUTE
    __Vectors                                0x08000000   Data           4  startup_stm32f10x_md.o(RESET)
    __Vectors_End                            0x080000ec   Data           0  startup_stm32f10x_md.o(RESET)
    __main                                   0x080000ed   Thumb Code     8  __main.o(!!!main)
    __scatterload                            0x080000f5   Thumb Code     0  __scatter.o(!!!scatter)
    __scatterload_rt2                        0x080000f5   Thumb Code    44  __scatter.o(!!!scatter)
    __scatterload_rt2_thumb_only             0x080000f5   Thumb Code     0  __scatter.o(!!!scatter)
    __scatterload_null                       0x08000103   Thumb Code     0  __scatter.o(!!!scatter)
    __decompress                             0x08000129   Thumb Code    90  __dczerorl2.o(!!dczerorl2)
    __decompress1                            0x08000129   Thumb Code     0  __dczerorl2.o(!!dczerorl2)
    __scatterload_zeroinit                   0x08000185   Thumb Code    28  __scatter_zi.o(!!handler_zi)
    _printf_n                                0x080001a1   Thumb Code     0  _printf_n.o(.ARM.Collect$$_printf_percent$$00000001)
    _printf_percent                          0x080001a1   Thumb Code     0  _printf_percent.o(.ARM.Collect$$_printf_percent$$00000000)
    _printf_p                                0x080001a7   Thumb Code     0  _printf_p.o(.ARM.Collect$$_printf_percent$$00000002)
    _printf_f                                0x080001ad   Thumb Code     0  _printf_f.o(.ARM.Collect$$_printf_percent$$00000003)
    _printf_e                                0x080001b3   Thumb Code     0  _printf_e.o(.ARM.Collect$$_printf_percent$$00000004)
    _printf_g                                0x080001b9   Thumb Code     0  _printf_g.o(.ARM.Collect$$_printf_percent$$00000005)
    _printf_a                                0x080001bf   Thumb Code     0  _printf_a.o(.ARM.Collect$$_printf_percent$$00000006)
    _printf_ll                               0x080001c5   Thumb Code     0  _printf_ll.o(.ARM.Collect$$_printf_percent$$00000007)
    _printf_i                                0x080001cf   Thumb Code     0  _printf_i.o(.ARM.Collect$$_printf_percent$$00000008)
    _printf_d                                0x080001d5   Thumb Code     0  _printf_d.o(.ARM.Collect$$_printf_percent$$00000009)
    _printf_u                                0x080001db   Thumb Code     0  _printf_u.o(.ARM.Collect$$_printf_percent$$0000000A)
    _printf_o                                0x080001e1   Thumb Code     0  _printf_o.o(.ARM.Collect$$_printf_percent$$0000000B)
    _printf_x                                0x080001e7   Thumb Code     0  _printf_x.o(.ARM.Collect$$_printf_percent$$0000000C)
    _printf_lli                              0x080001ed   Thumb Code     0  _printf_lli.o(.ARM.Collect$$_printf_percent$$0000000D)
    _printf_lld                              0x080001f3   Thumb Code     0  _printf_lld.o(.ARM.Collect$$_printf_percent$$0000000E)
    _printf_llu                              0x080001f9   Thumb Code     0  _printf_llu.o(.ARM.Collect$$_printf_percent$$0000000F)
    _printf_llo                              0x080001ff   Thumb Code     0  _printf_llo.o(.ARM.Collect$$_printf_percent$$00000010)
    _printf_llx                              0x08000205   Thumb Code     0  _printf_llx.o(.ARM.Collect$$_printf_percent$$00000011)
    _printf_l                                0x0800020b   Thumb Code     0  _printf_l.o(.ARM.Collect$$_printf_percent$$00000012)
    _printf_c                                0x08000215   Thumb Code     0  _printf_c.o(.ARM.Collect$$_printf_percent$$00000013)
    _printf_s                                0x0800021b   Thumb Code     0  _printf_s.o(.ARM.Collect$$_printf_percent$$00000014)
    _printf_lc                               0x08000221   Thumb Code     0  _printf_lc.o(.ARM.Collect$$_printf_percent$$00000015)
    _printf_ls                               0x08000227   Thumb Code     0  _printf_ls.o(.ARM.Collect$$_printf_percent$$00000016)
    _printf_percent_end                      0x0800022d   Thumb Code     0  _printf_percent_end.o(.ARM.Collect$$_printf_percent$$00000017)
    __rt_lib_init                            0x08000231   Thumb Code     0  libinit.o(.ARM.Collect$$libinit$$00000000)
    __rt_lib_init_fp_1                       0x08000233   Thumb Code     0  libinit2.o(.ARM.Collect$$libinit$$00000002)
    __rt_lib_init_heap_1                     0x08000233   Thumb Code     0  libinit2.o(.ARM.Collect$$libinit$$0000000A)
    __rt_lib_init_lc_common                  0x08000233   Thumb Code     0  libinit2.o(.ARM.Collect$$libinit$$0000000F)
    __rt_lib_init_preinit_1                  0x08000233   Thumb Code     0  libinit2.o(.ARM.Collect$$libinit$$00000004)
    __rt_lib_init_rand_1                     0x08000233   Thumb Code     0  libinit2.o(.ARM.Collect$$libinit$$0000000E)
    __rt_lib_init_user_alloc_1               0x08000233   Thumb Code     0  libinit2.o(.ARM.Collect$$libinit$$0000000C)
    __rt_lib_init_lc_collate_1               0x08000239   Thumb Code     0  libinit2.o(.ARM.Collect$$libinit$$00000011)
    __rt_lib_init_lc_ctype_2                 0x08000239   Thumb Code     0  libinit2.o(.ARM.Collect$$libinit$$00000012)
    __rt_lib_init_lc_ctype_1                 0x08000245   Thumb Code     0  libinit2.o(.ARM.Collect$$libinit$$00000013)
    __rt_lib_init_lc_monetary_1              0x08000245   Thumb Code     0  libinit2.o(.ARM.Collect$$libinit$$00000015)
    __rt_lib_init_lc_numeric_2               0x08000245   Thumb Code     0  libinit2.o(.ARM.Collect$$libinit$$00000016)
    __rt_lib_init_alloca_1                   0x0800024f   Thumb Code     0  libinit2.o(.ARM.Collect$$libinit$$0000002E)
    __rt_lib_init_argv_1                     0x0800024f   Thumb Code     0  libinit2.o(.ARM.Collect$$libinit$$0000002C)
    __rt_lib_init_atexit_1                   0x0800024f   Thumb Code     0  libinit2.o(.ARM.Collect$$libinit$$0000001B)
    __rt_lib_init_clock_1                    0x0800024f   Thumb Code     0  libinit2.o(.ARM.Collect$$libinit$$00000021)
    __rt_lib_init_cpp_1                      0x0800024f   Thumb Code     0  libinit2.o(.ARM.Collect$$libinit$$00000032)
    __rt_lib_init_exceptions_1               0x0800024f   Thumb Code     0  libinit2.o(.ARM.Collect$$libinit$$00000030)
    __rt_lib_init_fp_trap_1                  0x0800024f   Thumb Code     0  libinit2.o(.ARM.Collect$$libinit$$0000001F)
    __rt_lib_init_getenv_1                   0x0800024f   Thumb Code     0  libinit2.o(.ARM.Collect$$libinit$$00000023)
    __rt_lib_init_lc_numeric_1               0x0800024f   Thumb Code     0  libinit2.o(.ARM.Collect$$libinit$$00000017)
    __rt_lib_init_lc_time_1                  0x0800024f   Thumb Code     0  libinit2.o(.ARM.Collect$$libinit$$00000019)
    __rt_lib_init_return                     0x0800024f   Thumb Code     0  libinit2.o(.ARM.Collect$$libinit$$00000033)
    __rt_lib_init_signal_1                   0x0800024f   Thumb Code     0  libinit2.o(.ARM.Collect$$libinit$$0000001D)
    __rt_lib_init_stdio_1                    0x0800024f   Thumb Code     0  libinit2.o(.ARM.Collect$$libinit$$00000025)
    __rt_lib_shutdown                        0x08000251   Thumb Code     0  libshutdown.o(.ARM.Collect$$libshutdown$$00000000)
    __rt_lib_shutdown_fp_trap_1              0x08000253   Thumb Code     0  libshutdown2.o(.ARM.Collect$$libshutdown$$00000006)
    __rt_lib_shutdown_heap_1                 0x08000253   Thumb Code     0  libshutdown2.o(.ARM.Collect$$libshutdown$$0000000E)
    __rt_lib_shutdown_return                 0x08000253   Thumb Code     0  libshutdown2.o(.ARM.Collect$$libshutdown$$0000000F)
    __rt_lib_shutdown_signal_1               0x08000253   Thumb Code     0  libshutdown2.o(.ARM.Collect$$libshutdown$$00000009)
    __rt_lib_shutdown_stdio_1                0x08000253   Thumb Code     0  libshutdown2.o(.ARM.Collect$$libshutdown$$00000003)
    __rt_lib_shutdown_user_alloc_1           0x08000253   Thumb Code     0  libshutdown2.o(.ARM.Collect$$libshutdown$$0000000B)
    __rt_entry                               0x08000255   Thumb Code     0  __rtentry.o(.ARM.Collect$$rtentry$$00000000)
    __rt_entry_presh_1                       0x08000255   Thumb Code     0  __rtentry2.o(.ARM.Collect$$rtentry$$00000002)
    __rt_entry_sh                            0x08000255   Thumb Code     0  __rtentry4.o(.ARM.Collect$$rtentry$$00000004)
    __rt_entry_li                            0x0800025b   Thumb Code     0  __rtentry2.o(.ARM.Collect$$rtentry$$0000000A)
    __rt_entry_postsh_1                      0x0800025b   Thumb Code     0  __rtentry2.o(.ARM.Collect$$rtentry$$00000009)
    __rt_entry_main                          0x0800025f   Thumb Code     0  __rtentry2.o(.ARM.Collect$$rtentry$$0000000D)
    __rt_entry_postli_1                      0x0800025f   Thumb Code     0  __rtentry2.o(.ARM.Collect$$rtentry$$0000000C)
    __rt_exit                                0x08000267   Thumb Code     0  rtexit.o(.ARM.Collect$$rtexit$$00000000)
    __rt_exit_ls                             0x08000269   Thumb Code     0  rtexit2.o(.ARM.Collect$$rtexit$$00000003)
    __rt_exit_prels_1                        0x08000269   Thumb Code     0  rtexit2.o(.ARM.Collect$$rtexit$$00000002)
    __rt_exit_exit                           0x0800026d   Thumb Code     0  rtexit2.o(.ARM.Collect$$rtexit$$00000004)
    Reset_Handler                            0x08000275   Thumb Code     8  startup_stm32f10x_md.o(.text)
    ADC1_2_IRQHandler                        0x0800028f   Thumb Code     0  startup_stm32f10x_md.o(.text)
    CAN1_RX1_IRQHandler                      0x0800028f   Thumb Code     0  startup_stm32f10x_md.o(.text)
    CAN1_SCE_IRQHandler                      0x0800028f   Thumb Code     0  startup_stm32f10x_md.o(.text)
    DMA1_Channel1_IRQHandler                 0x0800028f   Thumb Code     0  startup_stm32f10x_md.o(.text)
    DMA1_Channel2_IRQHandler                 0x0800028f   Thumb Code     0  startup_stm32f10x_md.o(.text)
    DMA1_Channel3_IRQHandler                 0x0800028f   Thumb Code     0  startup_stm32f10x_md.o(.text)
    DMA1_Channel4_IRQHandler                 0x0800028f   Thumb Code     0  startup_stm32f10x_md.o(.text)
    DMA1_Channel5_IRQHandler                 0x0800028f   Thumb Code     0  startup_stm32f10x_md.o(.text)
    DMA1_Channel6_IRQHandler                 0x0800028f   Thumb Code     0  startup_stm32f10x_md.o(.text)
    DMA1_Channel7_IRQHandler                 0x0800028f   Thumb Code     0  startup_stm32f10x_md.o(.text)
    EXTI0_IRQHandler                         0x0800028f   Thumb Code     0  startup_stm32f10x_md.o(.text)
    EXTI15_10_IRQHandler                     0x0800028f   Thumb Code     0  startup_stm32f10x_md.o(.text)
    EXTI1_IRQHandler                         0x0800028f   Thumb Code     0  startup_stm32f10x_md.o(.text)
    EXTI2_IRQHandler                         0x0800028f   Thumb Code     0  startup_stm32f10x_md.o(.text)
    EXTI3_IRQHandler                         0x0800028f   Thumb Code     0  startup_stm32f10x_md.o(.text)
    FLASH_IRQHandler                         0x0800028f   Thumb Code     0  startup_stm32f10x_md.o(.text)
    I2C1_ER_IRQHandler                       0x0800028f   Thumb Code     0  startup_stm32f10x_md.o(.text)
    I2C1_EV_IRQHandler                       0x0800028f   Thumb Code     0  startup_stm32f10x_md.o(.text)
    I2C2_ER_IRQHandler                       0x0800028f   Thumb Code     0  startup_stm32f10x_md.o(.text)
    I2C2_EV_IRQHandler                       0x0800028f   Thumb Code     0  startup_stm32f10x_md.o(.text)
    PVD_IRQHandler                           0x0800028f   Thumb Code     0  startup_stm32f10x_md.o(.text)
    RCC_IRQHandler                           0x0800028f   Thumb Code     0  startup_stm32f10x_md.o(.text)
    RTCAlarm_IRQHandler                      0x0800028f   Thumb Code     0  startup_stm32f10x_md.o(.text)
    RTC_IRQHandler                           0x0800028f   Thumb Code     0  startup_stm32f10x_md.o(.text)
    SPI1_IRQHandler                          0x0800028f   Thumb Code     0  startup_stm32f10x_md.o(.text)
    SPI2_IRQHandler                          0x0800028f   Thumb Code     0  startup_stm32f10x_md.o(.text)
    TAMPER_IRQHandler                        0x0800028f   Thumb Code     0  startup_stm32f10x_md.o(.text)
    TIM1_BRK_IRQHandler                      0x0800028f   Thumb Code     0  startup_stm32f10x_md.o(.text)
    TIM1_CC_IRQHandler                       0x0800028f   Thumb Code     0  startup_stm32f10x_md.o(.text)
    TIM1_TRG_COM_IRQHandler                  0x0800028f   Thumb Code     0  startup_stm32f10x_md.o(.text)
    TIM1_UP_IRQHandler                       0x0800028f   Thumb Code     0  startup_stm32f10x_md.o(.text)
    TIM2_IRQHandler                          0x0800028f   Thumb Code     0  startup_stm32f10x_md.o(.text)
    TIM4_IRQHandler                          0x0800028f   Thumb Code     0  startup_stm32f10x_md.o(.text)
    USART3_IRQHandler                        0x0800028f   Thumb Code     0  startup_stm32f10x_md.o(.text)
    USBWakeUp_IRQHandler                     0x0800028f   Thumb Code     0  startup_stm32f10x_md.o(.text)
    USB_HP_CAN1_TX_IRQHandler                0x0800028f   Thumb Code     0  startup_stm32f10x_md.o(.text)
    USB_LP_CAN1_RX0_IRQHandler               0x0800028f   Thumb Code     0  startup_stm32f10x_md.o(.text)
    WWDG_IRQHandler                          0x0800028f   Thumb Code     0  startup_stm32f10x_md.o(.text)
    __user_initial_stackheap                 0x08000291   Thumb Code     0  startup_stm32f10x_md.o(.text)
    vsnprintf                                0x080002b5   Thumb Code    48  vsnprintf.o(.text)
    _printf_pre_padding                      0x080002e9   Thumb Code    44  _printf_pad.o(.text)
    _printf_post_padding                     0x08000315   Thumb Code    34  _printf_pad.o(.text)
    _printf_int_dec                          0x08000339   Thumb Code   104  _printf_dec.o(.text)
    _printf_longlong_hex                     0x080003b1   Thumb Code    86  _printf_hex_int_ll_ptr.o(.text)
    _printf_int_hex                          0x08000407   Thumb Code    28  _printf_hex_int_ll_ptr.o(.text)
    _printf_ll_hex                           0x08000423   Thumb Code    12  _printf_hex_int_ll_ptr.o(.text)
    _printf_hex_ptr                          0x0800042f   Thumb Code    18  _printf_hex_int_ll_ptr.o(.text)
    __printf                                 0x08000445   Thumb Code   388  __printf_flags_ss_wp.o(.text)
    __use_two_region_memory                  0x080005cd   Thumb Code     2  heapauxi.o(.text)
    __rt_heap_escrow                         0x080005cf   Thumb Code     2  heapauxi.o(.text)
    __rt_heap_expand                         0x080005d1   Thumb Code     2  heapauxi.o(.text)
    __rt_ctype_table                         0x080005d5   Thumb Code    16  rt_ctype_table.o(.text)
    _printf_truncate_signed                  0x080005e5   Thumb Code    18  _printf_truncate.o(.text)
    _printf_truncate_unsigned                0x080005f7   Thumb Code    18  _printf_truncate.o(.text)
    _printf_str                              0x08000609   Thumb Code    82  _printf_str.o(.text)
    _printf_int_common                       0x0800065b   Thumb Code   178  _printf_intcommon.o(.text)
    _printf_charcount                        0x0800070d   Thumb Code    40  _printf_charcount.o(.text)
    __lib_sel_fp_printf                      0x08000735   Thumb Code     2  _printf_fp_dec.o(.text)
    _printf_fp_dec_real                      0x080008e3   Thumb Code   620  _printf_fp_dec.o(.text)
    _printf_char_common                      0x08000b5b   Thumb Code    32  _printf_char_common.o(.text)
    _sputc                                   0x08000b81   Thumb Code    10  _sputc.o(.text)
    _snputc                                  0x08000b8b   Thumb Code    16  _snputc.o(.text)
    _printf_wctomb                           0x08000b9d   Thumb Code   182  _printf_wctomb.o(.text)
    _printf_longlong_dec                     0x08000c59   Thumb Code   108  _printf_longlong_dec.o(.text)
    _printf_longlong_oct                     0x08000cd5   Thumb Code    68  _printf_oct_int_ll.o(.text)
    _printf_int_oct                          0x08000d19   Thumb Code    24  _printf_oct_int_ll.o(.text)
    _printf_ll_oct                           0x08000d31   Thumb Code    12  _printf_oct_int_ll.o(.text)
    __user_libspace                          0x08000d45   Thumb Code     8  libspace.o(.text)
    __user_perproc_libspace                  0x08000d45   Thumb Code     0  libspace.o(.text)
    __user_perthread_libspace                0x08000d45   Thumb Code     0  libspace.o(.text)
    __rt_locale                              0x08000d4d   Thumb Code     8  rt_locale_intlibspace.o(.text)
    _ll_udiv10                               0x08000d55   Thumb Code   138  lludiv10.o(.text)
    _printf_fp_hex_real                      0x08000de1   Thumb Code   754  _printf_fp_hex.o(.text)
    _printf_fp_infnan                        0x080010dd   Thumb Code   112  _printf_fp_infnan.o(.text)
    _printf_cs_common                        0x0800115d   Thumb Code    20  _printf_char.o(.text)
    _printf_char                             0x08001171   Thumb Code    16  _printf_char.o(.text)
    _printf_string                           0x08001181   Thumb Code     8  _printf_char.o(.text)
    _printf_lcs_common                       0x08001189   Thumb Code    20  _printf_wchar.o(.text)
    _printf_wchar                            0x0800119d   Thumb Code    16  _printf_wchar.o(.text)
    _printf_wstring                          0x080011ad   Thumb Code     8  _printf_wchar.o(.text)
    _btod_etento                             0x080011b5   Thumb Code   216  bigflt0.o(.text)
    _wcrtomb                                 0x08001291   Thumb Code    64  _wcrtomb.o(.text)
    __I$use$semihosting                      0x080012d1   Thumb Code     0  use_no_semi.o(.text)
    __use_no_semihosting_swi                 0x080012d1   Thumb Code     2  use_no_semi.o(.text)
    __semihosting_library_function           0x080012d3   Thumb Code     0  indicate_semi.o(.text)
    __user_setup_stackheap                   0x080012d3   Thumb Code    74  sys_stackheap_outer.o(.text)
    exit                                     0x0800131d   Thumb Code    12  exit.o(.text)
    strcmp                                   0x08001329   Thumb Code   128  strcmpv7m.o(.text)
    _sys_exit                                0x080013a9   Thumb Code     8  sys_exit.o(.text)
    _btod_d2e                                0x080013b5   Thumb Code    62  btod.o(CL$$btod_d2e)
    _d2e_denorm_low                          0x080013f3   Thumb Code    70  btod.o(CL$$btod_d2e_denorm_low)
    _d2e_norm_op1                            0x08001439   Thumb Code    96  btod.o(CL$$btod_d2e_norm_op1)
    __btod_div_common                        0x08001499   Thumb Code   696  btod.o(CL$$btod_div_common)
    _e2e                                     0x080017d1   Thumb Code   198  btod.o(CL$$btod_e2e)
    _btod_ediv                               0x08001897   Thumb Code    40  btod.o(CL$$btod_ediv)
    _btod_emul                               0x080018bf   Thumb Code    40  btod.o(CL$$btod_emul)
    __btod_mult_common                       0x080018e7   Thumb Code   580  btod.o(CL$$btod_mult_common)
    BusFault_Handler                         0x08001b2b   Thumb Code     4  stm32f10x_it.o(i.BusFault_Handler)
    DebugMon_Handler                         0x08001b2f   Thumb Code     2  stm32f10x_it.o(i.DebugMon_Handler)
    EXTI4_IRQHandler                         0x08001b31   Thumb Code    76  main.o(i.EXTI4_IRQHandler)
    EXTI9_5_IRQHandler                       0x08001ba1   Thumb Code    74  main.o(i.EXTI9_5_IRQHandler)
    EXTIX_Init                               0x08001c0d   Thumb Code   146  gpio.o(i.EXTIX_Init)
    EXTI_ClearITPendingBit                   0x08001ca1   Thumb Code     6  stm32f10x_exti.o(i.EXTI_ClearITPendingBit)
    EXTI_Init                                0x08001cad   Thumb Code   142  stm32f10x_exti.o(i.EXTI_Init)
    GPIO_EXTILineConfig                      0x08001d41   Thumb Code    60  stm32f10x_gpio.o(i.GPIO_EXTILineConfig)
    GPIO_Init                                0x08001d81   Thumb Code   278  stm32f10x_gpio.o(i.GPIO_Init)
    GPIO_PinRemapConfig                      0x08001e99   Thumb Code   138  stm32f10x_gpio.o(i.GPIO_PinRemapConfig)
    GPIO_ReadInputDataBit                    0x08001f29   Thumb Code    18  stm32f10x_gpio.o(i.GPIO_ReadInputDataBit)
    GPIO_ReadOutputDataBit                   0x08001f3b   Thumb Code    18  stm32f10x_gpio.o(i.GPIO_ReadOutputDataBit)
    GPIO_ResetBits                           0x08001f4d   Thumb Code     4  stm32f10x_gpio.o(i.GPIO_ResetBits)
    GPIO_SetBits                             0x08001f51   Thumb Code     4  stm32f10x_gpio.o(i.GPIO_SetBits)
    HardFault_Handler                        0x08001f55   Thumb Code     4  stm32f10x_it.o(i.HardFault_Handler)
    IIC_Ack                                  0x08001f59   Thumb Code    48  sht30.o(i.IIC_Ack)
    IIC_NAck                                 0x08001f91   Thumb Code    48  sht30.o(i.IIC_NAck)
    IIC_Read_Byte                            0x08001fc9   Thumb Code    80  sht30.o(i.IIC_Read_Byte)
    IIC_Send_Byte                            0x08002021   Thumb Code    72  sht30.o(i.IIC_Send_Byte)
    IIC_Start                                0x08002071   Thumb Code    36  oled.o(i.IIC_Start)
    IIC_Stop                                 0x08002099   Thumb Code    28  oled.o(i.IIC_Stop)
    IIC_Wait_Ack                             0x080020b9   Thumb Code    20  oled.o(i.IIC_Wait_Ack)
    KEY_GPIO_INIT                            0x080020d1   Thumb Code    54  gpio.o(i.KEY_GPIO_INIT)
    LED_GPIO_INIT                            0x08002111   Thumb Code    40  gpio.o(i.LED_GPIO_INIT)
    MemManage_Handler                        0x0800213d   Thumb Code     4  stm32f10x_it.o(i.MemManage_Handler)
    NMI_Handler                              0x08002141   Thumb Code     2  stm32f10x_it.o(i.NMI_Handler)
    NVIC_Init                                0x08002145   Thumb Code   100  misc.o(i.NVIC_Init)
    NVIC_PriorityGroupConfig                 0x080021b5   Thumb Code    10  misc.o(i.NVIC_PriorityGroupConfig)
    OLED_Clear                               0x080021c9   Thumb Code    62  oled.o(i.OLED_Clear)
    OLED_GPIO_INIT                           0x08002209   Thumb Code    46  gpio.o(i.OLED_GPIO_INIT)
    OLED_Init                                0x0800223d   Thumb Code   232  oled.o(i.OLED_Init)
    OLED_Set_Pos                             0x08002325   Thumb Code    40  oled.o(i.OLED_Set_Pos)
    OLED_ShowCHinese                         0x0800234d   Thumb Code    98  oled.o(i.OLED_ShowCHinese)
    OLED_ShowChar                            0x080023b5   Thumb Code   154  oled.o(i.OLED_ShowChar)
    OLED_ShowNum                             0x08002459   Thumb Code   136  oled.o(i.OLED_ShowNum)
    OLED_ShowString                          0x080024e1   Thumb Code    58  oled.o(i.OLED_ShowString)
    OLED_WR_Byte                             0x0800251b   Thumb Code    24  oled.o(i.OLED_WR_Byte)
    PendSV_Handler                           0x08002533   Thumb Code     2  stm32f10x_it.o(i.PendSV_Handler)
    RCC_APB1PeriphClockCmd                   0x08002535   Thumb Code    26  stm32f10x_rcc.o(i.RCC_APB1PeriphClockCmd)
    RCC_APB2PeriphClockCmd                   0x08002555   Thumb Code    26  stm32f10x_rcc.o(i.RCC_APB2PeriphClockCmd)
    RCC_GetClocksFreq                        0x08002575   Thumb Code   192  stm32f10x_rcc.o(i.RCC_GetClocksFreq)
    SDA_IN                                   0x08002649   Thumb Code    30  sht30.o(i.SDA_IN)
    SDA_OUT                                  0x0800266d   Thumb Code    30  sht30.o(i.SDA_OUT)
    SHT30_GPIO_INIT                          0x08002691   Thumb Code    46  gpio.o(i.SHT30_GPIO_INIT)
    SHT_IIC_Start                            0x080026c5   Thumb Code    46  sht30.o(i.SHT_IIC_Start)
    SHT_IIC_Stop                             0x080026fd   Thumb Code    44  sht30.o(i.SHT_IIC_Stop)
    SHT_IIC_Wait_Ack                         0x08002731   Thumb Code    68  sht30.o(i.SHT_IIC_Wait_Ack)
    SHT_Init                                 0x0800277d   Thumb Code    60  sht30.o(i.SHT_Init)
    SVC_Handler                              0x080027b9   Thumb Code     2  stm32f10x_it.o(i.SVC_Handler)
    SysTick_Handler                          0x080028a5   Thumb Code     2  stm32f10x_it.o(i.SysTick_Handler)
    SystemInit                               0x080028a9   Thumb Code    78  system_stm32f10x.o(i.SystemInit)
    TIM3_IRQHandler                          0x08002909   Thumb Code    64  tim_isr.o(i.TIM3_IRQHandler)
    TIM_ClearITPendingBit                    0x08002955   Thumb Code     6  stm32f10x_tim.o(i.TIM_ClearITPendingBit)
    TIM_GetITStatus                          0x0800295b   Thumb Code    34  stm32f10x_tim.o(i.TIM_GetITStatus)
    USART1_IRQHandler                        0x0800297d   Thumb Code    84  main.o(i.USART1_IRQHandler)
    USART2_IRQHandler                        0x080029d9   Thumb Code    32  main.o(i.USART2_IRQHandler)
    USART2_SendByte                          0x080029fd   Thumb Code    22  uart.o(i.USART2_SendByte)
    USART_ClearFlag                          0x08002a19   Thumb Code    18  stm32f10x_usart.o(i.USART_ClearFlag)
    USART_Cmd                                0x08002a2b   Thumb Code    24  stm32f10x_usart.o(i.USART_Cmd)
    USART_GetFlagStatus                      0x08002a43   Thumb Code    26  stm32f10x_usart.o(i.USART_GetFlagStatus)
    USART_GetITStatus                        0x08002a5d   Thumb Code    84  stm32f10x_usart.o(i.USART_GetITStatus)
    USART_ITConfig                           0x08002ab1   Thumb Code    74  stm32f10x_usart.o(i.USART_ITConfig)
    USART_Init                               0x08002afd   Thumb Code   210  stm32f10x_usart.o(i.USART_Init)
    USART_ReceiveData                        0x08002bd5   Thumb Code    10  stm32f10x_usart.o(i.USART_ReceiveData)
    USART_SendData                           0x08002bdf   Thumb Code     8  stm32f10x_usart.o(i.USART_SendData)
    UsageFault_Handler                       0x08002be7   Thumb Code     4  stm32f10x_it.o(i.UsageFault_Handler)
    Usart1_Init                              0x08002bed   Thumb Code   166  uart.o(i.Usart1_Init)
    Usart2_Init                              0x08002c9d   Thumb Code   162  uart.o(i.Usart2_Init)
    UsartPrintf                              0x08002d49   Thumb Code    72  uart.o(i.UsartPrintf)
    Write_IIC_Byte                           0x08002d91   Thumb Code    80  oled.o(i.Write_IIC_Byte)
    Write_IIC_Command                        0x08002de5   Thumb Code    44  oled.o(i.Write_IIC_Command)
    Write_IIC_Data                           0x08002e11   Thumb Code    44  oled.o(i.Write_IIC_Data)
    __ARM_fpclassify                         0x08002e3d   Thumb Code    40  fpclassify.o(i.__ARM_fpclassify)
    _is_digit                                0x08002e65   Thumb Code    14  __printf_wp.o(i._is_digit)
    all_data_update                          0x08002e73   Thumb Code   110  protocol.o(i.all_data_update)
    byte_to_int                              0x08002ee1   Thumb Code    26  mcu_api.o(i.byte_to_int)
    data_handle                              0x08002efd   Thumb Code   210  system.o(i.data_handle)
    delay_ms                                 0x0800302d   Thumb Code    56  delay.o(i.delay_ms)
    delay_us                                 0x08003065   Thumb Code    54  delay.o(i.delay_us)
    dp_download_handle                       0x0800309b   Thumb Code   154  protocol.o(i.dp_download_handle)
    get_check_sum                            0x080032c9   Thumb Code    28  system.o(i.get_check_sum)
    get_download_cmd_total                   0x08003311   Thumb Code     4  protocol.o(i.get_download_cmd_total)
    main                                     0x0800335d   Thumb Code   768  main.o(i.main)
    mcu_dp_bool_update                       0x08003765   Thumb Code    96  mcu_api.o(i.mcu_dp_bool_update)
    mcu_dp_enum_update                       0x080037c9   Thumb Code    82  mcu_api.o(i.mcu_dp_enum_update)
    mcu_dp_value_update                      0x08003821   Thumb Code   116  mcu_api.o(i.mcu_dp_value_update)
    mcu_get_dp_download_bool                 0x08003899   Thumb Code     6  mcu_api.o(i.mcu_get_dp_download_bool)
    mcu_get_dp_download_enum                 0x0800389f   Thumb Code     6  mcu_api.o(i.mcu_get_dp_download_enum)
    mcu_get_dp_download_value                0x080038a5   Thumb Code    14  mcu_api.o(i.mcu_get_dp_download_value)
    mcu_get_wifi_work_state                  0x080038b5   Thumb Code     6  mcu_api.o(i.mcu_get_wifi_work_state)
    mcu_reset_wifi                           0x080038c1   Thumb Code    20  mcu_api.o(i.mcu_reset_wifi)
    mcu_set_wifi_mode                        0x080038d9   Thumb Code    34  mcu_api.o(i.mcu_set_wifi_mode)
    my_memcpy                                0x08003901   Thumb Code    68  mcu_api.o(i.my_memcpy)
    my_strlen                                0x08003945   Thumb Code    28  mcu_api.o(i.my_strlen)
    oled_pow                                 0x08003961   Thumb Code    22  oled.o(i.oled_pow)
    set_wifi_uart_buffer                     0x08003a55   Thumb Code    34  system.o(i.set_wifi_uart_buffer)
    set_wifi_uart_byte                       0x08003a7d   Thumb Code    12  system.o(i.set_wifi_uart_byte)
    sht30_read_temp_humi                     0x08003a8d   Thumb Code   312  sht30.o(i.sht30_read_temp_humi)
    take_byte_rxbuff                         0x08003be1   Thumb Code    46  system.o(i.take_byte_rxbuff)
    uart_receive_input                       0x08003c1d   Thumb Code    74  mcu_api.o(i.uart_receive_input)
    uart_transmit_output                     0x08003c75   Thumb Code    12  protocol.o(i.uart_transmit_output)
    wifi_protocol_init                       0x08003c81   Thumb Code    24  mcu_api.o(i.wifi_protocol_init)
    wifi_test_result                         0x08003cad   Thumb Code    44  protocol.o(i.wifi_test_result)
    wifi_uart_service                        0x08003d25   Thumb Code   238  mcu_api.o(i.wifi_uart_service)
    wifi_uart_write_frame                    0x08003e41   Thumb Code    68  system.o(i.wifi_uart_write_frame)
    with_data_rxbuff                         0x08003e89   Thumb Code    20  system.o(i.with_data_rxbuff)
    _get_lc_ctype                            0x08003ea5   Thumb Code    44  lc_ctype_c.o(locale$$code)
    _get_lc_numeric                          0x08003ed1   Thumb Code    44  lc_numeric_c.o(locale$$code)
    __aeabi_d2f                              0x08003efd   Thumb Code     0  d2f.o(x$fpl$d2f)
    _d2f                                     0x08003efd   Thumb Code    98  d2f.o(x$fpl$d2f)
    __aeabi_dadd                             0x08003f61   Thumb Code     0  daddsub_clz.o(x$fpl$dadd)
    _dadd                                    0x08003f61   Thumb Code   332  daddsub_clz.o(x$fpl$dadd)
    __aeabi_ddiv                             0x080040b1   Thumb Code     0  ddiv.o(x$fpl$ddiv)
    _ddiv                                    0x080040b1   Thumb Code   552  ddiv.o(x$fpl$ddiv)
    __aeabi_dmul                             0x08004361   Thumb Code     0  dmul.o(x$fpl$dmul)
    _dmul                                    0x08004361   Thumb Code   332  dmul.o(x$fpl$dmul)
    __fpl_dnaninf                            0x080044b5   Thumb Code   156  dnaninf.o(x$fpl$dnaninf)
    __fpl_dretinf                            0x08004551   Thumb Code    12  dretinf.o(x$fpl$dretinf)
    __aeabi_dsub                             0x0800455d   Thumb Code     0  daddsub_clz.o(x$fpl$dsub)
    _dsub                                    0x0800455d   Thumb Code   464  daddsub_clz.o(x$fpl$dsub)
    __aeabi_f2d                              0x08004731   Thumb Code     0  f2d.o(x$fpl$f2d)
    _f2d                                     0x08004731   Thumb Code    86  f2d.o(x$fpl$f2d)
    __fpl_fcmp_Inf                           0x08004787   Thumb Code    24  fcmpi.o(x$fpl$fcmpinf)
    __aeabi_f2uiz                            0x080047a1   Thumb Code     0  ffixu.o(x$fpl$ffixu)
    _ffixu                                   0x080047a1   Thumb Code    62  ffixu.o(x$fpl$ffixu)
    __aeabi_ui2f                             0x080047e1   Thumb Code     0  fflt_clz.o(x$fpl$ffltu)
    _ffltu                                   0x080047e1   Thumb Code    38  fflt_clz.o(x$fpl$ffltu)
    __aeabi_cfcmple                          0x08004809   Thumb Code     0  fleqf.o(x$fpl$fleqf)
    _fcmple                                  0x08004809   Thumb Code   104  fleqf.o(x$fpl$fleqf)
    __fpl_fcmple_InfNaN                      0x0800485b   Thumb Code     0  fleqf.o(x$fpl$fleqf)
    __aeabi_fmul                             0x08004871   Thumb Code     0  fmul.o(x$fpl$fmul)
    _fmul                                    0x08004871   Thumb Code   258  fmul.o(x$fpl$fmul)
    __fpl_fnaninf                            0x08004973   Thumb Code   140  fnaninf.o(x$fpl$fnaninf)
    __fpl_fretinf                            0x080049ff   Thumb Code    10  fretinf.o(x$fpl$fretinf)
    __aeabi_cfrcmple                         0x08004a09   Thumb Code     0  frleqf.o(x$fpl$frleqf)
    _frcmple                                 0x08004a09   Thumb Code    98  frleqf.o(x$fpl$frleqf)
    _printf_fp_dec                           0x08004a6b   Thumb Code     4  printf1.o(x$fpl$printf1)
    _printf_fp_hex                           0x08004a6f   Thumb Code     4  printf2.o(x$fpl$printf2)
    F6x8                                     0x08004a72   Data         552  oled.o(.constdata)
    __I$use$fp                               0x08004a72   Number         0  usenofp.o(x$fpl$usenofp)
    F8X16                                    0x08004c9a   Data        1520  oled.o(.constdata)
    download_cmd                             0x0800528a   Data          26  protocol.o(.constdata)
    Region$$Table$$Base                      0x080053a4   Number         0  anon$$obj.o(Region$$Table)
    Region$$Table$$Limit                     0x080053c4   Number         0  anon$$obj.o(Region$$Table)
    __ctype                                  0x080053d1   Data           0  lc_ctype_c.o(locale$$data)
    tim                                      0x20000000   Data           2  tim_isr.o(.data)
    flag                                     0x20000002   Data           2  tim_isr.o(.data)
    Hzk                                      0x20000004   Data         576  oled.o(.data)
    rx_buf_in                                0x2000025c   Data           4  system.o(.data)
    rx_buf_out                               0x20000260   Data           4  system.o(.data)
    stop_update_flag                         0x20000264   Data           1  system.o(.data)
    reset_wifi_flag                          0x20000265   Data           1  system.o(.data)
    set_wifimode_flag                        0x20000266   Data           1  system.o(.data)
    wifi_work_state                          0x20000267   Data           1  system.o(.data)
    wifi_data_process_buf                    0x2000026c   Data          31  system.o(.bss)
    wifi_uart_rx_buf                         0x2000028b   Data          23  system.o(.bss)
    wifi_uart_tx_buf                         0x200002a2   Data          55  system.o(.bss)
    __libspace_start                         0x200002dc   Data          96  libspace.o(.bss)
    __temporary_stack_top$libspace           0x2000033c   Data           0  libspace.o(.bss)



==============================================================================

Memory Map of the image

  Image Entry point : 0x080000ed

  Load Region LR_IROM1 (Base: 0x08000000, Size: 0x0000575c, Max: 0x00010000, ABSOLUTE, COMPRESSED[0x000055fc])

    Execution Region ER_IROM1 (Base: 0x08000000, Size: 0x000054f0, Max: 0x00010000, ABSOLUTE)

    Base Addr    Size         Type   Attr      Idx    E Section Name        Object

    0x08000000   0x000000ec   Data   RO         3781    RESET               startup_stm32f10x_md.o
    0x080000ec   0x00000008   Code   RO         4655  * !!!main             c_w.l(__main.o)
    0x080000f4   0x00000034   Code   RO         5087    !!!scatter          c_w.l(__scatter.o)
    0x08000128   0x0000005a   Code   RO         5085    !!dczerorl2         c_w.l(__dczerorl2.o)
    0x08000182   0x00000002   PAD
    0x08000184   0x0000001c   Code   RO         5089    !!handler_zi        c_w.l(__scatter_zi.o)
    0x080001a0   0x00000000   Code   RO         4638    .ARM.Collect$$_printf_percent$$00000000  c_w.l(_printf_percent.o)
    0x080001a0   0x00000006   Code   RO         4782    .ARM.Collect$$_printf_percent$$00000001  c_w.l(_printf_n.o)
    0x080001a6   0x00000006   Code   RO         4783    .ARM.Collect$$_printf_percent$$00000002  c_w.l(_printf_p.o)
    0x080001ac   0x00000006   Code   RO         4636    .ARM.Collect$$_printf_percent$$00000003  c_w.l(_printf_f.o)
    0x080001b2   0x00000006   Code   RO         4637    .ARM.Collect$$_printf_percent$$00000004  c_w.l(_printf_e.o)
    0x080001b8   0x00000006   Code   RO         4787    .ARM.Collect$$_printf_percent$$00000005  c_w.l(_printf_g.o)
    0x080001be   0x00000006   Code   RO         4788    .ARM.Collect$$_printf_percent$$00000006  c_w.l(_printf_a.o)
    0x080001c4   0x0000000a   Code   RO         4793    .ARM.Collect$$_printf_percent$$00000007  c_w.l(_printf_ll.o)
    0x080001ce   0x00000006   Code   RO         4785    .ARM.Collect$$_printf_percent$$00000008  c_w.l(_printf_i.o)
    0x080001d4   0x00000006   Code   RO         4635    .ARM.Collect$$_printf_percent$$00000009  c_w.l(_printf_d.o)
    0x080001da   0x00000006   Code   RO         4786    .ARM.Collect$$_printf_percent$$0000000A  c_w.l(_printf_u.o)
    0x080001e0   0x00000006   Code   RO         4784    .ARM.Collect$$_printf_percent$$0000000B  c_w.l(_printf_o.o)
    0x080001e6   0x00000006   Code   RO         4634    .ARM.Collect$$_printf_percent$$0000000C  c_w.l(_printf_x.o)
    0x080001ec   0x00000006   Code   RO         4790    .ARM.Collect$$_printf_percent$$0000000D  c_w.l(_printf_lli.o)
    0x080001f2   0x00000006   Code   RO         4791    .ARM.Collect$$_printf_percent$$0000000E  c_w.l(_printf_lld.o)
    0x080001f8   0x00000006   Code   RO         4792    .ARM.Collect$$_printf_percent$$0000000F  c_w.l(_printf_llu.o)
    0x080001fe   0x00000006   Code   RO         4797    .ARM.Collect$$_printf_percent$$00000010  c_w.l(_printf_llo.o)
    0x08000204   0x00000006   Code   RO         4798    .ARM.Collect$$_printf_percent$$00000011  c_w.l(_printf_llx.o)
    0x0800020a   0x0000000a   Code   RO         4794    .ARM.Collect$$_printf_percent$$00000012  c_w.l(_printf_l.o)
    0x08000214   0x00000006   Code   RO         4780    .ARM.Collect$$_printf_percent$$00000013  c_w.l(_printf_c.o)
    0x0800021a   0x00000006   Code   RO         4781    .ARM.Collect$$_printf_percent$$00000014  c_w.l(_printf_s.o)
    0x08000220   0x00000006   Code   RO         4795    .ARM.Collect$$_printf_percent$$00000015  c_w.l(_printf_lc.o)
    0x08000226   0x00000006   Code   RO         4796    .ARM.Collect$$_printf_percent$$00000016  c_w.l(_printf_ls.o)
    0x0800022c   0x00000004   Code   RO         4789    .ARM.Collect$$_printf_percent$$00000017  c_w.l(_printf_percent_end.o)
    0x08000230   0x00000002   Code   RO         5021    .ARM.Collect$$libinit$$00000000  c_w.l(libinit.o)
    0x08000232   0x00000000   Code   RO         4802    .ARM.Collect$$libinit$$00000002  c_w.l(libinit2.o)
    0x08000232   0x00000000   Code   RO         4804    .ARM.Collect$$libinit$$00000004  c_w.l(libinit2.o)
    0x08000232   0x00000000   Code   RO         4807    .ARM.Collect$$libinit$$0000000A  c_w.l(libinit2.o)
    0x08000232   0x00000000   Code   RO         4809    .ARM.Collect$$libinit$$0000000C  c_w.l(libinit2.o)
    0x08000232   0x00000000   Code   RO         4811    .ARM.Collect$$libinit$$0000000E  c_w.l(libinit2.o)
    0x08000232   0x00000006   Code   RO         4812    .ARM.Collect$$libinit$$0000000F  c_w.l(libinit2.o)
    0x08000238   0x00000000   Code   RO         4814    .ARM.Collect$$libinit$$00000011  c_w.l(libinit2.o)
    0x08000238   0x0000000c   Code   RO         4815    .ARM.Collect$$libinit$$00000012  c_w.l(libinit2.o)
    0x08000244   0x00000000   Code   RO         4816    .ARM.Collect$$libinit$$00000013  c_w.l(libinit2.o)
    0x08000244   0x00000000   Code   RO         4818    .ARM.Collect$$libinit$$00000015  c_w.l(libinit2.o)
    0x08000244   0x0000000a   Code   RO         4819    .ARM.Collect$$libinit$$00000016  c_w.l(libinit2.o)
    0x0800024e   0x00000000   Code   RO         4820    .ARM.Collect$$libinit$$00000017  c_w.l(libinit2.o)
    0x0800024e   0x00000000   Code   RO         4822    .ARM.Collect$$libinit$$00000019  c_w.l(libinit2.o)
    0x0800024e   0x00000000   Code   RO         4824    .ARM.Collect$$libinit$$0000001B  c_w.l(libinit2.o)
    0x0800024e   0x00000000   Code   RO         4826    .ARM.Collect$$libinit$$0000001D  c_w.l(libinit2.o)
    0x0800024e   0x00000000   Code   RO         4828    .ARM.Collect$$libinit$$0000001F  c_w.l(libinit2.o)
    0x0800024e   0x00000000   Code   RO         4830    .ARM.Collect$$libinit$$00000021  c_w.l(libinit2.o)
    0x0800024e   0x00000000   Code   RO         4832    .ARM.Collect$$libinit$$00000023  c_w.l(libinit2.o)
    0x0800024e   0x00000000   Code   RO         4834    .ARM.Collect$$libinit$$00000025  c_w.l(libinit2.o)
    0x0800024e   0x00000000   Code   RO         4838    .ARM.Collect$$libinit$$0000002C  c_w.l(libinit2.o)
    0x0800024e   0x00000000   Code   RO         4840    .ARM.Collect$$libinit$$0000002E  c_w.l(libinit2.o)
    0x0800024e   0x00000000   Code   RO         4842    .ARM.Collect$$libinit$$00000030  c_w.l(libinit2.o)
    0x0800024e   0x00000000   Code   RO         4844    .ARM.Collect$$libinit$$00000032  c_w.l(libinit2.o)
    0x0800024e   0x00000002   Code   RO         4845    .ARM.Collect$$libinit$$00000033  c_w.l(libinit2.o)
    0x08000250   0x00000002   Code   RO         5082    .ARM.Collect$$libshutdown$$00000000  c_w.l(libshutdown.o)
    0x08000252   0x00000000   Code   RO         5038    .ARM.Collect$$libshutdown$$00000003  c_w.l(libshutdown2.o)
    0x08000252   0x00000000   Code   RO         5041    .ARM.Collect$$libshutdown$$00000006  c_w.l(libshutdown2.o)
    0x08000252   0x00000000   Code   RO         5044    .ARM.Collect$$libshutdown$$00000009  c_w.l(libshutdown2.o)
    0x08000252   0x00000000   Code   RO         5046    .ARM.Collect$$libshutdown$$0000000B  c_w.l(libshutdown2.o)
    0x08000252   0x00000000   Code   RO         5049    .ARM.Collect$$libshutdown$$0000000E  c_w.l(libshutdown2.o)
    0x08000252   0x00000002   Code   RO         5050    .ARM.Collect$$libshutdown$$0000000F  c_w.l(libshutdown2.o)
    0x08000254   0x00000000   Code   RO         4723    .ARM.Collect$$rtentry$$00000000  c_w.l(__rtentry.o)
    0x08000254   0x00000000   Code   RO         4900    .ARM.Collect$$rtentry$$00000002  c_w.l(__rtentry2.o)
    0x08000254   0x00000006   Code   RO         4912    .ARM.Collect$$rtentry$$00000004  c_w.l(__rtentry4.o)
    0x0800025a   0x00000000   Code   RO         4902    .ARM.Collect$$rtentry$$00000009  c_w.l(__rtentry2.o)
    0x0800025a   0x00000004   Code   RO         4903    .ARM.Collect$$rtentry$$0000000A  c_w.l(__rtentry2.o)
    0x0800025e   0x00000000   Code   RO         4905    .ARM.Collect$$rtentry$$0000000C  c_w.l(__rtentry2.o)
    0x0800025e   0x00000008   Code   RO         4906    .ARM.Collect$$rtentry$$0000000D  c_w.l(__rtentry2.o)
    0x08000266   0x00000002   Code   RO         5026    .ARM.Collect$$rtexit$$00000000  c_w.l(rtexit.o)
    0x08000268   0x00000000   Code   RO         5056    .ARM.Collect$$rtexit$$00000002  c_w.l(rtexit2.o)
    0x08000268   0x00000004   Code   RO         5057    .ARM.Collect$$rtexit$$00000003  c_w.l(rtexit2.o)
    0x0800026c   0x00000006   Code   RO         5058    .ARM.Collect$$rtexit$$00000004  c_w.l(rtexit2.o)
    0x08000272   0x00000002   PAD
    0x08000274   0x00000040   Code   RO         3782    .text               startup_stm32f10x_md.o
    0x080002b4   0x00000034   Code   RO         4581    .text               c_w.l(vsnprintf.o)
    0x080002e8   0x0000004e   Code   RO         4589    .text               c_w.l(_printf_pad.o)
    0x08000336   0x00000002   PAD
    0x08000338   0x00000078   Code   RO         4591    .text               c_w.l(_printf_dec.o)
    0x080003b0   0x00000094   Code   RO         4611    .text               c_w.l(_printf_hex_int_ll_ptr.o)
    0x08000444   0x00000188   Code   RO         4631    .text               c_w.l(__printf_flags_ss_wp.o)
    0x080005cc   0x00000006   Code   RO         4653    .text               c_w.l(heapauxi.o)
    0x080005d2   0x00000002   PAD
    0x080005d4   0x00000010   Code   RO         4724    .text               c_w.l(rt_ctype_table.o)
    0x080005e4   0x00000024   Code   RO         4753    .text               c_w.l(_printf_truncate.o)
    0x08000608   0x00000052   Code   RO         4755    .text               c_w.l(_printf_str.o)
    0x0800065a   0x000000b2   Code   RO         4757    .text               c_w.l(_printf_intcommon.o)
    0x0800070c   0x00000028   Code   RO         4759    .text               c_w.l(_printf_charcount.o)
    0x08000734   0x0000041a   Code   RO         4761    .text               c_w.l(_printf_fp_dec.o)
    0x08000b4e   0x00000002   PAD
    0x08000b50   0x00000030   Code   RO         4763    .text               c_w.l(_printf_char_common.o)
    0x08000b80   0x0000000a   Code   RO         4765    .text               c_w.l(_sputc.o)
    0x08000b8a   0x00000010   Code   RO         4767    .text               c_w.l(_snputc.o)
    0x08000b9a   0x00000002   PAD
    0x08000b9c   0x000000bc   Code   RO         4769    .text               c_w.l(_printf_wctomb.o)
    0x08000c58   0x0000007c   Code   RO         4772    .text               c_w.l(_printf_longlong_dec.o)
    0x08000cd4   0x00000070   Code   RO         4778    .text               c_w.l(_printf_oct_int_ll.o)
    0x08000d44   0x00000008   Code   RO         4896    .text               c_w.l(libspace.o)
    0x08000d4c   0x00000008   Code   RO         4917    .text               c_w.l(rt_locale_intlibspace.o)
    0x08000d54   0x0000008a   Code   RO         4932    .text               c_w.l(lludiv10.o)
    0x08000dde   0x00000002   PAD
    0x08000de0   0x000002fc   Code   RO         4934    .text               c_w.l(_printf_fp_hex.o)
    0x080010dc   0x00000080   Code   RO         4937    .text               c_w.l(_printf_fp_infnan.o)
    0x0800115c   0x0000002c   Code   RO         4941    .text               c_w.l(_printf_char.o)
    0x08001188   0x0000002c   Code   RO         4943    .text               c_w.l(_printf_wchar.o)
    0x080011b4   0x000000dc   Code   RO         4945    .text               c_w.l(bigflt0.o)
    0x08001290   0x00000040   Code   RO         4970    .text               c_w.l(_wcrtomb.o)
    0x080012d0   0x00000002   Code   RO         4995    .text               c_w.l(use_no_semi.o)
    0x080012d2   0x00000000   Code   RO         4997    .text               c_w.l(indicate_semi.o)
    0x080012d2   0x0000004a   Code   RO         4998    .text               c_w.l(sys_stackheap_outer.o)
    0x0800131c   0x0000000c   Code   RO         5004    .text               c_w.l(exit.o)
    0x08001328   0x00000080   Code   RO         5010    .text               c_w.l(strcmpv7m.o)
    0x080013a8   0x0000000c   Code   RO         5024    .text               c_w.l(sys_exit.o)
    0x080013b4   0x0000003e   Code   RO         4948    CL$$btod_d2e        c_w.l(btod.o)
    0x080013f2   0x00000046   Code   RO         4950    CL$$btod_d2e_denorm_low  c_w.l(btod.o)
    0x08001438   0x00000060   Code   RO         4949    CL$$btod_d2e_norm_op1  c_w.l(btod.o)
    0x08001498   0x00000338   Code   RO         4958    CL$$btod_div_common  c_w.l(btod.o)
    0x080017d0   0x000000c6   Code   RO         4955    CL$$btod_e2e        c_w.l(btod.o)
    0x08001896   0x00000028   Code   RO         4952    CL$$btod_ediv       c_w.l(btod.o)
    0x080018be   0x00000028   Code   RO         4951    CL$$btod_emul       c_w.l(btod.o)
    0x080018e6   0x00000244   Code   RO         4957    CL$$btod_mult_common  c_w.l(btod.o)
    0x08001b2a   0x00000004   Code   RO          572    i.BusFault_Handler  stm32f10x_it.o
    0x08001b2e   0x00000002   Code   RO          573    i.DebugMon_Handler  stm32f10x_it.o
    0x08001b30   0x00000070   Code   RO            1    i.EXTI4_IRQHandler  main.o
    0x08001ba0   0x0000006c   Code   RO            2    i.EXTI9_5_IRQHandler  main.o
    0x08001c0c   0x00000092   Code   RO          210    i.EXTIX_Init        gpio.o
    0x08001c9e   0x00000002   PAD
    0x08001ca0   0x0000000c   Code   RO         1580    i.EXTI_ClearITPendingBit  stm32f10x_exti.o
    0x08001cac   0x00000094   Code   RO         1585    i.EXTI_Init         stm32f10x_exti.o
    0x08001d40   0x00000040   Code   RO         1939    i.GPIO_EXTILineConfig  stm32f10x_gpio.o
    0x08001d80   0x00000116   Code   RO         1942    i.GPIO_Init         stm32f10x_gpio.o
    0x08001e96   0x00000002   PAD
    0x08001e98   0x00000090   Code   RO         1944    i.GPIO_PinRemapConfig  stm32f10x_gpio.o
    0x08001f28   0x00000012   Code   RO         1946    i.GPIO_ReadInputDataBit  stm32f10x_gpio.o
    0x08001f3a   0x00000012   Code   RO         1948    i.GPIO_ReadOutputDataBit  stm32f10x_gpio.o
    0x08001f4c   0x00000004   Code   RO         1949    i.GPIO_ResetBits    stm32f10x_gpio.o
    0x08001f50   0x00000004   Code   RO         1950    i.GPIO_SetBits      stm32f10x_gpio.o
    0x08001f54   0x00000004   Code   RO          574    i.HardFault_Handler  stm32f10x_it.o
    0x08001f58   0x00000038   Code   RO          479    i.IIC_Ack           sht30.o
    0x08001f90   0x00000038   Code   RO          480    i.IIC_NAck          sht30.o
    0x08001fc8   0x00000058   Code   RO          481    i.IIC_Read_Byte     sht30.o
    0x08002020   0x00000050   Code   RO          482    i.IIC_Send_Byte     sht30.o
    0x08002070   0x00000028   Code   RO          333    i.IIC_Start         oled.o
    0x08002098   0x00000020   Code   RO          334    i.IIC_Stop          oled.o
    0x080020b8   0x00000018   Code   RO          335    i.IIC_Wait_Ack      oled.o
    0x080020d0   0x00000040   Code   RO          211    i.KEY_GPIO_INIT     gpio.o
    0x08002110   0x0000002c   Code   RO          213    i.LED_GPIO_INIT     gpio.o
    0x0800213c   0x00000004   Code   RO          575    i.MemManage_Handler  stm32f10x_it.o
    0x08002140   0x00000002   Code   RO          576    i.NMI_Handler       stm32f10x_it.o
    0x08002142   0x00000002   PAD
    0x08002144   0x00000070   Code   RO          752    i.NVIC_Init         misc.o
    0x080021b4   0x00000014   Code   RO          753    i.NVIC_PriorityGroupConfig  misc.o
    0x080021c8   0x0000003e   Code   RO          336    i.OLED_Clear        oled.o
    0x08002206   0x00000002   PAD
    0x08002208   0x00000034   Code   RO          214    i.OLED_GPIO_INIT    gpio.o
    0x0800223c   0x000000e8   Code   RO          340    i.OLED_Init         oled.o
    0x08002324   0x00000028   Code   RO          342    i.OLED_Set_Pos      oled.o
    0x0800234c   0x00000068   Code   RO          343    i.OLED_ShowCHinese  oled.o
    0x080023b4   0x000000a4   Code   RO          344    i.OLED_ShowChar     oled.o
    0x08002458   0x00000088   Code   RO          345    i.OLED_ShowNum      oled.o
    0x080024e0   0x0000003a   Code   RO          346    i.OLED_ShowString   oled.o
    0x0800251a   0x00000018   Code   RO          347    i.OLED_WR_Byte      oled.o
    0x08002532   0x00000002   Code   RO          577    i.PendSV_Handler    stm32f10x_it.o
    0x08002534   0x00000020   Code   RO         2364    i.RCC_APB1PeriphClockCmd  stm32f10x_rcc.o
    0x08002554   0x00000020   Code   RO         2366    i.RCC_APB2PeriphClockCmd  stm32f10x_rcc.o
    0x08002574   0x000000d4   Code   RO         2374    i.RCC_GetClocksFreq  stm32f10x_rcc.o
    0x08002648   0x00000024   Code   RO          483    i.SDA_IN            sht30.o
    0x0800266c   0x00000024   Code   RO          484    i.SDA_OUT           sht30.o
    0x08002690   0x00000034   Code   RO          215    i.SHT30_GPIO_INIT   gpio.o
    0x080026c4   0x00000038   Code   RO          485    i.SHT_IIC_Start     sht30.o
    0x080026fc   0x00000034   Code   RO          486    i.SHT_IIC_Stop      sht30.o
    0x08002730   0x0000004c   Code   RO          487    i.SHT_IIC_Wait_Ack  sht30.o
    0x0800277c   0x0000003c   Code   RO          488    i.SHT_Init          sht30.o
    0x080027b8   0x00000002   Code   RO          578    i.SVC_Handler       stm32f10x_it.o
    0x080027ba   0x00000008   Code   RO          718    i.SetSysClock       system_stm32f10x.o
    0x080027c2   0x00000002   PAD
    0x080027c4   0x000000e0   Code   RO          719    i.SetSysClockTo72   system_stm32f10x.o
    0x080028a4   0x00000002   Code   RO          579    i.SysTick_Handler   stm32f10x_it.o
    0x080028a6   0x00000002   PAD
    0x080028a8   0x00000060   Code   RO          721    i.SystemInit        system_stm32f10x.o
    0x08002908   0x0000004c   Code   RO          313    i.TIM3_IRQHandler   tim_isr.o
    0x08002954   0x00000006   Code   RO         3002    i.TIM_ClearITPendingBit  stm32f10x_tim.o
    0x0800295a   0x00000022   Code   RO         3028    i.TIM_GetITStatus   stm32f10x_tim.o
    0x0800297c   0x0000005c   Code   RO            3    i.USART1_IRQHandler  main.o
    0x080029d8   0x00000024   Code   RO            4    i.USART2_IRQHandler  main.o
    0x080029fc   0x0000001c   Code   RO          264    i.USART2_SendByte   uart.o
    0x08002a18   0x00000012   Code   RO         3542    i.USART_ClearFlag   stm32f10x_usart.o
    0x08002a2a   0x00000018   Code   RO         3546    i.USART_Cmd         stm32f10x_usart.o
    0x08002a42   0x0000001a   Code   RO         3549    i.USART_GetFlagStatus  stm32f10x_usart.o
    0x08002a5c   0x00000054   Code   RO         3550    i.USART_GetITStatus  stm32f10x_usart.o
    0x08002ab0   0x0000004a   Code   RO         3552    i.USART_ITConfig    stm32f10x_usart.o
    0x08002afa   0x00000002   PAD
    0x08002afc   0x000000d8   Code   RO         3553    i.USART_Init        stm32f10x_usart.o
    0x08002bd4   0x0000000a   Code   RO         3560    i.USART_ReceiveData  stm32f10x_usart.o
    0x08002bde   0x00000008   Code   RO         3563    i.USART_SendData    stm32f10x_usart.o
    0x08002be6   0x00000004   Code   RO          580    i.UsageFault_Handler  stm32f10x_it.o
    0x08002bea   0x00000002   PAD
    0x08002bec   0x000000b0   Code   RO          265    i.Usart1_Init       uart.o
    0x08002c9c   0x000000ac   Code   RO          266    i.Usart2_Init       uart.o
    0x08002d48   0x00000048   Code   RO          267    i.UsartPrintf       uart.o
    0x08002d90   0x00000054   Code   RO          348    i.Write_IIC_Byte    oled.o
    0x08002de4   0x0000002c   Code   RO          349    i.Write_IIC_Command  oled.o
    0x08002e10   0x0000002c   Code   RO          350    i.Write_IIC_Data    oled.o
    0x08002e3c   0x00000028   Code   RO         4881    i.__ARM_fpclassify  m_ws.l(fpclassify.o)
    0x08002e64   0x0000000e   Code   RO         4624    i._is_digit         c_w.l(__printf_wp.o)
    0x08002e72   0x0000006e   Code   RO         4342    i.all_data_update   protocol.o
    0x08002ee0   0x0000001a   Code   RO         4160    i.byte_to_int       mcu_api.o
    0x08002efa   0x00000002   PAD
    0x08002efc   0x000000e4   Code   RO         4429    i.data_handle       system.o
    0x08002fe0   0x0000004c   Code   RO         4430    i.data_point_handle  system.o
    0x0800302c   0x00000038   Code   RO          176    i.delay_ms          delay.o
    0x08003064   0x00000036   Code   RO          177    i.delay_us          delay.o
    0x0800309a   0x0000009a   Code   RO         4343    i.dp_download_handle  protocol.o
    0x08003134   0x00000028   Code   RO         4344    i.dp_download_hum_periodic_report_handle  protocol.o
    0x0800315c   0x00000028   Code   RO         4345    i.dp_download_maxhum_set_handle  protocol.o
    0x08003184   0x00000028   Code   RO         4346    i.dp_download_maxtemp_set_handle  protocol.o
    0x080031ac   0x00000028   Code   RO         4347    i.dp_download_minihum_set_handle  protocol.o
    0x080031d4   0x00000028   Code   RO         4348    i.dp_download_minitemp_set_handle  protocol.o
    0x080031fc   0x00000044   Code   RO         4349    i.dp_download_switch_handle  protocol.o
    0x08003240   0x00000028   Code   RO         4350    i.dp_download_temp_periodic_report_handle  protocol.o
    0x08003268   0x00000028   Code   RO         4351    i.dp_download_temp_set_handle  protocol.o
    0x08003290   0x00000038   Code   RO         4352    i.dp_download_temp_unit_convert_handle  protocol.o
    0x080032c8   0x0000001c   Code   RO         4431    i.get_check_sum     system.o
    0x080032e4   0x0000002c   Code   RO         4432    i.get_dowmload_dpid_index  system.o
    0x08003310   0x00000004   Code   RO         4353    i.get_download_cmd_total  protocol.o
    0x08003314   0x00000010   Code   RO         4433    i.get_mcu_wifi_mode  system.o
    0x08003324   0x00000038   Code   RO         4434    i.heat_beat_check   system.o
    0x0800335c   0x00000408   Code   RO            5    i.main              main.o
    0x08003764   0x00000064   Code   RO         4163    i.mcu_dp_bool_update  mcu_api.o
    0x080037c8   0x00000058   Code   RO         4164    i.mcu_dp_enum_update  mcu_api.o
    0x08003820   0x00000078   Code   RO         4168    i.mcu_dp_value_update  mcu_api.o
    0x08003898   0x00000006   Code   RO         4169    i.mcu_get_dp_download_bool  mcu_api.o
    0x0800389e   0x00000006   Code   RO         4170    i.mcu_get_dp_download_enum  mcu_api.o
    0x080038a4   0x0000000e   Code   RO         4171    i.mcu_get_dp_download_value  mcu_api.o
    0x080038b2   0x00000002   PAD
    0x080038b4   0x0000000c   Code   RO         4173    i.mcu_get_wifi_work_state  mcu_api.o
    0x080038c0   0x00000018   Code   RO         4175    i.mcu_reset_wifi    mcu_api.o
    0x080038d8   0x00000028   Code   RO         4176    i.mcu_set_wifi_mode  mcu_api.o
    0x08003900   0x00000044   Code   RO         4178    i.my_memcpy         mcu_api.o
    0x08003944   0x0000001c   Code   RO         4182    i.my_strlen         mcu_api.o
    0x08003960   0x00000016   Code   RO          352    i.oled_pow          oled.o
    0x08003976   0x00000002   PAD
    0x08003978   0x000000dc   Code   RO         4435    i.product_info_update  system.o
    0x08003a54   0x00000028   Code   RO         4436    i.set_wifi_uart_buffer  system.o
    0x08003a7c   0x00000010   Code   RO         4437    i.set_wifi_uart_byte  system.o
    0x08003a8c   0x00000154   Code   RO          489    i.sht30_read_temp_humi  sht30.o
    0x08003be0   0x0000003c   Code   RO         4438    i.take_byte_rxbuff  system.o
    0x08003c1c   0x00000058   Code   RO         4184    i.uart_receive_input  mcu_api.o
    0x08003c74   0x0000000c   Code   RO         4354    i.uart_transmit_output  protocol.o
    0x08003c80   0x0000002c   Code   RO         4185    i.wifi_protocol_init  mcu_api.o
    0x08003cac   0x00000078   Code   RO         4355    i.wifi_test_result  protocol.o
    0x08003d24   0x000000f8   Code   RO         4186    i.wifi_uart_service  mcu_api.o
    0x08003e1c   0x00000024   Code   RO         4439    i.wifi_uart_write_data  system.o
    0x08003e40   0x00000048   Code   RO         4440    i.wifi_uart_write_frame  system.o
    0x08003e88   0x0000001c   Code   RO         4441    i.with_data_rxbuff  system.o
    0x08003ea4   0x0000002c   Code   RO         4973    locale$$code        c_w.l(lc_ctype_c.o)
    0x08003ed0   0x0000002c   Code   RO         4976    locale$$code        c_w.l(lc_numeric_c.o)
    0x08003efc   0x00000062   Code   RO         4657    x$fpl$d2f           fz_ws.l(d2f.o)
    0x08003f5e   0x00000002   PAD
    0x08003f60   0x00000150   Code   RO         4659    x$fpl$dadd          fz_ws.l(daddsub_clz.o)
    0x080040b0   0x000002b0   Code   RO         4666    x$fpl$ddiv          fz_ws.l(ddiv.o)
    0x08004360   0x00000154   Code   RO         4683    x$fpl$dmul          fz_ws.l(dmul.o)
    0x080044b4   0x0000009c   Code   RO         4848    x$fpl$dnaninf       fz_ws.l(dnaninf.o)
    0x08004550   0x0000000c   Code   RO         4850    x$fpl$dretinf       fz_ws.l(dretinf.o)
    0x0800455c   0x000001d4   Code   RO         4661    x$fpl$dsub          fz_ws.l(daddsub_clz.o)
    0x08004730   0x00000056   Code   RO         4687    x$fpl$f2d           fz_ws.l(f2d.o)
    0x08004786   0x00000018   Code   RO         4852    x$fpl$fcmpinf       fz_ws.l(fcmpi.o)
    0x0800479e   0x00000002   PAD
    0x080047a0   0x0000003e   Code   RO         4689    x$fpl$ffixu         fz_ws.l(ffixu.o)
    0x080047de   0x00000002   PAD
    0x080047e0   0x00000026   Code   RO         4693    x$fpl$ffltu         fz_ws.l(fflt_clz.o)
    0x08004806   0x00000002   PAD
    0x08004808   0x00000068   Code   RO         4699    x$fpl$fleqf         fz_ws.l(fleqf.o)
    0x08004870   0x00000102   Code   RO         4701    x$fpl$fmul          fz_ws.l(fmul.o)
    0x08004972   0x0000008c   Code   RO         4854    x$fpl$fnaninf       fz_ws.l(fnaninf.o)
    0x080049fe   0x0000000a   Code   RO         4856    x$fpl$fretinf       fz_ws.l(fretinf.o)
    0x08004a08   0x00000062   Code   RO         4703    x$fpl$frleqf        fz_ws.l(frleqf.o)
    0x08004a6a   0x00000004   Code   RO         4705    x$fpl$printf1       fz_ws.l(printf1.o)
    0x08004a6e   0x00000004   Code   RO         4858    x$fpl$printf2       fz_ws.l(printf2.o)
    0x08004a72   0x00000000   Code   RO         4866    x$fpl$usenofp       fz_ws.l(usenofp.o)
    0x08004a72   0x00000818   Data   RO          353    .constdata          oled.o
    0x0800528a   0x0000001a   Data   RO         4356    .constdata          protocol.o
    0x080052a4   0x00000028   Data   RO         4612    .constdata          c_w.l(_printf_hex_int_ll_ptr.o)
    0x080052cc   0x00000011   Data   RO         4632    .constdata          c_w.l(__printf_flags_ss_wp.o)
    0x080052dd   0x00000003   PAD
    0x080052e0   0x00000008   Data   RO         4770    .constdata          c_w.l(_printf_wctomb.o)
    0x080052e8   0x00000026   Data   RO         4935    .constdata          c_w.l(_printf_fp_hex.o)
    0x0800530e   0x00000002   PAD
    0x08005310   0x00000094   Data   RO         4946    .constdata          c_w.l(bigflt0.o)
    0x080053a4   0x00000020   Data   RO         5083    Region$$Table       anon$$obj.o
    0x080053c4   0x00000110   Data   RO         4972    locale$$data        c_w.l(lc_ctype_c.o)
    0x080054d4   0x0000001c   Data   RO         4975    locale$$data        c_w.l(lc_numeric_c.o)


    Execution Region RW_IRAM1 (Base: 0x20000000, Size: 0x00000940, Max: 0x00005000, ABSOLUTE, COMPRESSED[0x0000010c])

    Base Addr    Size         Type   Attr      Idx    E Section Name        Object

    0x20000000   0x00000004   Data   RW          314    .data               tim_isr.o
    0x20000004   0x00000240   Data   RW          354    .data               oled.o
    0x20000244   0x00000014   Data   RW         2394    .data               stm32f10x_rcc.o
    0x20000258   0x00000002   Data   RW         4187    .data               mcu_api.o
    0x2000025a   0x00000002   PAD
    0x2000025c   0x0000000d   Data   RW         4443    .data               system.o
    0x20000269   0x00000003   PAD
    0x2000026c   0x0000006d   Zero   RW         4442    .bss                system.o
    0x200002d9   0x00000003   PAD
    0x200002dc   0x00000060   Zero   RW         4897    .bss                c_w.l(libspace.o)
    0x2000033c   0x00000004   PAD
    0x20000340   0x00000200   Zero   RW         3780    HEAP                startup_stm32f10x_md.o
    0x20000540   0x00000400   Zero   RW         3779    STACK               startup_stm32f10x_md.o


==============================================================================

Image component sizes


      Code (inc. data)   RO Data    RW Data    ZI Data      Debug   Object Name

         0          0          0          0          0         32   core_cm3.o
       110          0          0          0          0        954   delay.o
       358         26          0          0          0       2636   gpio.o
      1380        352          0          0          0     227319   main.o
       912         74          0          2          0      10249   mcu_api.o
       132         22          0          0          0       3079   misc.o
      1110         32       2072        576          0       9671   oled.o
       804         94         26          0          0       9721   protocol.o
       936         98          0          0          0       5964   sht30.o
        64         26        236          0       1536        804   startup_stm32f10x_md.o
       160         12          0          0          0       3549   stm32f10x_exti.o
       530         10          0          0          0      13753   stm32f10x_gpio.o
        26          0          0          0          0      12450   stm32f10x_it.o
       276         32          0         20          0      12994   stm32f10x_rcc.o
        40          0          0          0          0      21966   stm32f10x_tim.o
       460          6          0          0          0      12371   stm32f10x_usart.o
       920        142          0         13        109       9690   system.o
       328         28          0          0          0       1813   system_stm32f10x.o
        76         12          0          4          0        733   tim_isr.o
       448         26          0          0          0       3648   uart.o

    ----------------------------------------------------------------------
      9092        992       2366        620       1648     363396   Object Totals
         0          0         32          0          0          0   (incl. Generated)
        22          0          0          5          3          0   (incl. Padding)

    ----------------------------------------------------------------------

      Code (inc. data)   RO Data    RW Data    ZI Data      Debug   Library Member Name

        90          0          0          0          0          0   __dczerorl2.o
         8          0          0          0          0         68   __main.o
       392          4         17          0          0         92   __printf_flags_ss_wp.o
        14          0          0          0          0         68   __printf_wp.o
         0          0          0          0          0          0   __rtentry.o
        12          0          0          0          0          0   __rtentry2.o
         6          0          0          0          0          0   __rtentry4.o
        52          8          0          0          0          0   __scatter.o
        28          0          0          0          0          0   __scatter_zi.o
         6          0          0          0          0          0   _printf_a.o
         6          0          0          0          0          0   _printf_c.o
        44          0          0          0          0        108   _printf_char.o
        48          6          0          0          0         96   _printf_char_common.o
        40          0          0          0          0         68   _printf_charcount.o
         6          0          0          0          0          0   _printf_d.o
       120         16          0          0          0         92   _printf_dec.o
         6          0          0          0          0          0   _printf_e.o
         6          0          0          0          0          0   _printf_f.o
      1050          0          0          0          0        216   _printf_fp_dec.o
       764         10         38          0          0        100   _printf_fp_hex.o
       128         16          0          0          0         84   _printf_fp_infnan.o
         6          0          0          0          0          0   _printf_g.o
       148          4         40          0          0        160   _printf_hex_int_ll_ptr.o
         6          0          0          0          0          0   _printf_i.o
       178          0          0          0          0         88   _printf_intcommon.o
        10          0          0          0          0          0   _printf_l.o
         6          0          0          0          0          0   _printf_lc.o
        10          0          0          0          0          0   _printf_ll.o
         6          0          0          0          0          0   _printf_lld.o
         6          0          0          0          0          0   _printf_lli.o
         6          0          0          0          0          0   _printf_llo.o
         6          0          0          0          0          0   _printf_llu.o
         6          0          0          0          0          0   _printf_llx.o
       124         16          0          0          0         92   _printf_longlong_dec.o
         6          0          0          0          0          0   _printf_ls.o
         6          0          0          0          0          0   _printf_n.o
         6          0          0          0          0          0   _printf_o.o
       112          8          0          0          0        124   _printf_oct_int_ll.o
         6          0          0          0          0          0   _printf_p.o
        78          0          0          0          0        108   _printf_pad.o
         0          0          0          0          0          0   _printf_percent.o
         4          0          0          0          0          0   _printf_percent_end.o
         6          0          0          0          0          0   _printf_s.o
        82          0          0          0          0         80   _printf_str.o
        36          0          0          0          0         84   _printf_truncate.o
         6          0          0          0          0          0   _printf_u.o
        44          0          0          0          0        108   _printf_wchar.o
       188          6          8          0          0         92   _printf_wctomb.o
         6          0          0          0          0          0   _printf_x.o
        16          0          0          0          0         68   _snputc.o
        10          0          0          0          0         68   _sputc.o
        64          0          0          0          0         92   _wcrtomb.o
       220          4        148          0          0         96   bigflt0.o
      1910        128          0          0          0        672   btod.o
        12          0          0          0          0         72   exit.o
         6          0          0          0          0        152   heapauxi.o
         0          0          0          0          0          0   indicate_semi.o
        44         10        272          0          0         76   lc_ctype_c.o
        44         10         28          0          0         76   lc_numeric_c.o
         2          0          0          0          0          0   libinit.o
        30          0          0          0          0          0   libinit2.o
         2          0          0          0          0          0   libshutdown.o
         2          0          0          0          0          0   libshutdown2.o
         8          4          0          0         96         68   libspace.o
       138          0          0          0          0         80   lludiv10.o
        16          4          0          0          0         76   rt_ctype_table.o
         8          4          0          0          0         68   rt_locale_intlibspace.o
         2          0          0          0          0          0   rtexit.o
        10          0          0          0          0          0   rtexit2.o
       128          0          0          0          0         68   strcmpv7m.o
        12          4          0          0          0         68   sys_exit.o
        74          0          0          0          0         80   sys_stackheap_outer.o
         2          0          0          0          0         68   use_no_semi.o
        52          4          0          0          0         80   vsnprintf.o
        98          4          0          0          0         92   d2f.o
       804         16          0          0          0        272   daddsub_clz.o
       688        140          0          0          0        208   ddiv.o
       340         12          0          0          0        104   dmul.o
       156          4          0          0          0         92   dnaninf.o
        12          0          0          0          0         68   dretinf.o
        86          4          0          0          0         84   f2d.o
        24          0          0          0          0         68   fcmpi.o
        62          4          0          0          0         84   ffixu.o
        38          0          0          0          0         68   fflt_clz.o
       104          4          0          0          0         84   fleqf.o
       258          4          0          0          0         84   fmul.o
       140          4          0          0          0         84   fnaninf.o
        10          0          0          0          0         68   fretinf.o
        98          0          0          0          0         68   frleqf.o
         4          0          0          0          0         68   printf1.o
         4          0          0          0          0         68   printf2.o
         0          0          0          0          0          0   usenofp.o
        40          0          0          0          0         68   fpclassify.o

    ----------------------------------------------------------------------
      9730        462        556          0        100       5688   Library Totals
        22          0          5          0          4          0   (incl. Padding)

    ----------------------------------------------------------------------

      Code (inc. data)   RO Data    RW Data    ZI Data      Debug   Library Name

      6742        266        551          0         96       3956   c_w.l
      2926        196          0          0          0       1664   fz_ws.l
        40          0          0          0          0         68   m_ws.l

    ----------------------------------------------------------------------
      9730        462        556          0        100       5688   Library Totals

    ----------------------------------------------------------------------

==============================================================================


      Code (inc. data)   RO Data    RW Data    ZI Data      Debug   

     18822       1454       2922        620       1748     359928   Grand Totals
     18822       1454       2922        268       1748     359928   ELF Image Totals (compressed)
     18822       1454       2922        268          0          0   ROM Totals

==============================================================================

    Total RO  Size (Code + RO Data)                21744 (  21.23kB)
    Total RW  Size (RW Data + ZI Data)              2368 (   2.31kB)
    Total ROM Size (Code + RO Data + RW Data)      22012 (  21.50kB)

==============================================================================

